Archive member included because of file (symbol)

/home/legrs/fksb/MWSTAGE/MWSDK/TWENET/current/lib/libTWENET_BLUE.a(ToCoNet_event.o)
                              objs_BLUE/receive.o (PRSEV_u8RegisterEx)
/home/legrs/fksb/MWSTAGE/MWSDK/TWENET/current/lib/libTWENET_BLUE.a(ToCoNet_main.o)
                              /home/legrs/fksb/MWSTAGE/MWSDK/TWENET/current/lib/libTWENET_BLUE.a(ToCoNet_event.o) (u32TickCount_ms)
/home/legrs/fksb/MWSTAGE/MWSDK/TWENET/current/lib/libTWENET_BLUE.a(ToCoNet_utils.o)
                              /home/legrs/fksb/MWSTAGE/MWSDK/TWENET/current/lib/libTWENET_BLUE.a(ToCoNet_main.o) (ToCoNet_u32GetVersion)
/home/legrs/fksb/MWSTAGE/MWSDK/TWENET/current/lib/libTWENET_BLUE.a(ToCoNet_mod_Nwk_Common.o)
                              /home/legrs/fksb/MWSTAGE/MWSDK/TWENET/current/lib/libTWENET_BLUE.a(ToCoNet_main.o) (ToCoNet_vRxProc_Mod)
/home/legrs/fksb/MWSTAGE/MWSDK/TWENET/current/lib/libTWENET_BLUE.a(ToCoNet_mod_Channel_Mgr.o)
                              /home/legrs/fksb/MWSTAGE/MWSDK/TWENET/current/lib/libTWENET_BLUE.a(ToCoNet_main.o) (ToCoNet_ChMgr_bCh_Reconfig)
/home/legrs/fksb/MWSTAGE/MWSDK/TWENET/current/lib/libTWENET_BLUE.a(Version.o)
                              /home/legrs/fksb/MWSTAGE/MWSDK/TWENET/current/lib/libTWENET_BLUE.a(ToCoNet_utils.o) (au8ToCoNetVersionInfo)
/home/legrs/fksb/MWSTAGE/MWSDK/TWENET/current/lib/libTWENET_BLUE.a(AppQueueApi_ToCoNet.o)
                              /home/legrs/fksb/MWSTAGE/MWSDK/TWENET/current/lib/libTWENET_BLUE.a(ToCoNet_main.o) (_u32_INT_ticktimer)
/home/legrs/fksb/MWSTAGE/MWSDK/TWENET/current/lib/libTWENEText_BLUE.a(AppStart.o)
                              (AppColdStart)
/home/legrs/fksb/MWSTAGE/MWSDK/TWENET/current/lib/libTWENEText_BLUE.a(getMacAddr.o)
                              /home/legrs/fksb/MWSTAGE/MWSDK/TWENET/current/lib/libTWENET_BLUE.a(ToCoNet_main.o) (ToCoNet_u32GetSerialOnBoot)
/home/legrs/fksb/MWSTAGE/MWSDK/TWENET/current/lib/libTWENEText_BLUE.a(mac.o)
                              /home/legrs/fksb/MWSTAGE/MWSDK/TWENET/current/lib/libTWENET_BLUE.a(ToCoNet_main.o) (Mac_vInit)
/home/legrs/fksb/MWSTAGE/MWSDK/TWENET/current/lib/libTWENEText_BLUE.a(AES_CCM.o)
                              /home/legrs/fksb/MWSTAGE/MWSDK/TWENET/current/lib/libTWENEText_BLUE.a(AppStart.o) (bAES_CCM_KeyReg)
/home/legrs/fksb/MWSTAGE/MWSDK/TWENET/current/lib/libTWENEText_BLUE.a(no_ack_handler.o)
                              /home/legrs/fksb/MWSTAGE/MWSDK/TWENET/current/lib/libTWENEText_BLUE.a(AppStart.o) (vInstallNoAckHandler)
/home/legrs/fksb/MWSTAGE/MWSDK/TWENET/current/lib/libTWENEText_BLUE.a(Version.o)
                              /home/legrs/fksb/MWSTAGE/MWSDK/TWENET/current/lib/libTWENET_BLUE.a(ToCoNet_utils.o) (au8ToCoNetExtVersionInfo)
/home/legrs/fksb/MWSTAGE/MWSDK/TWENET/current/lib/libTWENETutils_BLUE.a(serial.o)
                              objs_BLUE/receive.o (SERIAL_bTxChar)
/home/legrs/fksb/MWSTAGE/MWSDK/TWENET/current/lib/libTWENETutils_BLUE.a(uart.o)
                              /home/legrs/fksb/MWSTAGE/MWSDK/TWENET/current/lib/libTWENETutils_BLUE.a(serial.o) (UART_vInit)
/home/legrs/fksb/MWSTAGE/MWSDK/TWENET/current/lib/libTWENETutils_BLUE.a(ByteQueue.o)
                              /home/legrs/fksb/MWSTAGE/MWSDK/TWENET/current/lib/libTWENET_BLUE.a(ToCoNet_main.o) (QUEUE__vInit)
/home/legrs/fksb/MWSTAGE/MWSDK/TWENET/current/lib/libTWENETutils_BLUE.a(ccitt8.o)
                              /home/legrs/fksb/MWSTAGE/MWSDK/TWENET/current/lib/libTWENEText_BLUE.a(AppStart.o) (u8CCITT8)
/home/legrs/fksb/MWSTAGE/MWSDK/TWENET/current/lib/libTWENETutils_BLUE.a(utils.o)
                              /home/legrs/fksb/MWSTAGE/MWSDK/TWENET/current/lib/libTWENET_BLUE.a(ToCoNet_main.o) (vTimerConfig)
/home/legrs/fksb/MWSTAGE/MWSDK/TWENET/current/lib/libTWENETutils_BLUE.a(ccm.o)
                              /home/legrs/fksb/MWSTAGE/MWSDK/TWENET/current/lib/libTWENEText_BLUE.a(AES_CCM.o) (ccm_init_and_key)
/home/legrs/fksb/MWSTAGE/MWSDK/TWENET/current/lib/libTWENETutils_BLUE.a(Version.o)
                              /home/legrs/fksb/MWSTAGE/MWSDK/TWENET/current/lib/libTWENET_BLUE.a(ToCoNet_utils.o) (au8ToCoNetUtilsVersionInfo)
/home/legrs/fksb/MWSTAGE/MWSDK/TWENET/current/lib/libTWENETutils_BLUE.a(aescrypt.o)
                              /home/legrs/fksb/MWSTAGE/MWSDK/TWENET/current/lib/libTWENETutils_BLUE.a(ccm.o) (aes_encrypt)
/home/legrs/fksb/MWSTAGE/MWSDK/TWENET/current/lib/libTWENETutils_BLUE.a(aeskey.o)
                              /home/legrs/fksb/MWSTAGE/MWSDK/TWENET/current/lib/libTWENETutils_BLUE.a(ccm.o) (aes_encrypt_key)
/home/legrs/fksb/MWSTAGE/MWSDK/TWENET/current/lib/libTWENETutils_BLUE.a(aestab.o)
                              /home/legrs/fksb/MWSTAGE/MWSDK/TWENET/current/lib/libTWENETutils_BLUE.a(aeskey.o) (t_im)
/home/legrs/fksb/MWSTAGE/MWSDK/TWENET/current/lib/libTWENETstgs_BLUE.a(tweinteractive.o)
                              objs_BLUE/receive.o (TWEINTRCT_bIsVerbose)
[...]
Memory Configuration

Name             Origin             Length             Attributes
flash            0x0000000000080000 0x0000000000028000
ram              0x000000000400004c 0x0000000000007fb4
*default*        0x0000000000000000 0xffffffffffffffff

Linker script and memory map

LOAD objs_BLUE/_mwx_version.o
LOAD objs_BLUE/receive.o
LOAD /home/legrs/fksb/MWSTAGE/MWSDK/TWENET/current/lib/libTWENET_BLUE.a
LOAD /home/legrs/fksb/MWSTAGE/MWSDK/TWENET/current/lib/libTWENEText_BLUE.a
LOAD /home/legrs/fksb/MWSTAGE/MWSDK/TWENET/current/lib/libTWENETutils_BLUE.a
LOAD /home/legrs/fksb/MWSTAGE/MWSDK/TWENET/current/lib/libTWENETstgs_BLUE.a
LOAD /home/legrs/fksb/MWSTAGE/MWSDK/TWENET/current/lib/libmwx_BLUE.a
LOAD /home/legrs/fksb/MWSTAGE/MWSDK/TWENET/current/lib/libEASTL_BLUE.a
START GROUP
LOAD /home/legrs/fksb/MWSTAGE/MWSDK/ChipLib/SW4063V1416/Components/Library/libAppApi_JN516x.a
LOAD /home/legrs/fksb/MWSTAGE/MWSDK/ChipLib/SW4063V1416/Components/Library/libMAC_JN516x.a
LOAD /home/legrs/fksb/MWSTAGE/MWSDK/ChipLib/SW4063V1416/Components/Library/libTimerServer_JN516x.a
LOAD /home/legrs/fksb/MWSTAGE/MWSDK/ChipLib/SW4063V1416/Components/Library/libTOF_JN516x.a
LOAD /home/legrs/fksb/MWSTAGE/MWSDK/ChipLib/SW4063V1416/Components/Library/libXcv_JN516x.a
LOAD /home/legrs/fksb/MWSTAGE/MWSDK/ChipLib/SW4063V1416/Components/Library/libAes_JN516x.a
LOAD /home/legrs/fksb/MWSTAGE/MWSDK/ChipLib/SW4063V1416/Components/Library/libHardwareApi_JN516x.a
LOAD /home/legrs/fksb/MWSTAGE/MWSDK/ChipLib/SW4063V1416/Components/Library/libMicroSpecific_JN516x.a
LOAD /home/legrs/fksb/MWSTAGE/MWSDK/ChipLib/SW4063V1416/Components/Library/libBoot_JN516x.a
LOAD /home/legrs/fksb/MWSTAGE/MWSDK/ChipLib/SW4063V1416/Components/Library/libPDM_EEPROM_JN516x_NO_RTOS.a
LOAD /home/legrs/fksb/MWSTAGE/MWSDK/TWENET/current/lib/libTWENET_BLUE.a
LOAD /home/legrs/fksb/MWSTAGE/MWSDK/TWENET/current/lib/libTWENEText_BLUE.a
LOAD /home/legrs/fksb/MWSTAGE/MWSDK/TWENET/current/lib/libTWENETutils_BLUE.a
LOAD /home/legrs/fksb/MWSTAGE/MWSDK/TWENET/current/lib/libTWENETstgs_BLUE.a
LOAD /home/legrs/fksb/MWSTAGE/MWSDK/TWENET/current/lib/libmwx_BLUE.a
LOAD /home/legrs/fksb/MWSTAGE/MWSDK/TWENET/current/lib/libEASTL_BLUE.a
END GROUP
LOAD /home/legrs/fksb/MWSTAGE/Tools/ba-elf-ba2-r36379/bin/../lib/gcc/ba-elf/4.7.4/../../../../ba-elf/lib/mcpu_jn51xx_sizeopt/libstdc++.a
LOAD /home/legrs/fksb/MWSTAGE/Tools/ba-elf-ba2-r36379/bin/../lib/gcc/ba-elf/4.7.4/../../../../ba-elf/lib/mcpu_jn51xx_sizeopt/libm.a
LOAD /home/legrs/fksb/MWSTAGE/Tools/ba-elf-ba2-r36379/bin/../lib/gcc/ba-elf/4.7.4/../../../../ba-elf/lib/mcpu_jn51xx_sizeopt/libc.a
LOAD /home/legrs/fksb/MWSTAGE/Tools/ba-elf-ba2-r36379/bin/../lib/gcc/ba-elf/4.7.4/mcpu_jn51xx_sizeopt/libgcc.a
LOAD /home/legrs/fksb/MWSTAGE/Tools/ba-elf-ba2-r36379/bin/../lib/gcc/ba-elf/4.7.4/../../../../ba-elf/lib/mcpu_jn51xx_sizeopt/libc.a
                0x0000000000000800                _stack_size = 0x800
                0x0000000000080038                _exception_vsr_table = 0x80038
                0x0000000004000000                pSPIflashFncTable = 0x4000000
                0x0000000000000800                _stack_size = 0x800
                0x0000000000000044                restore_state = 0x44
                0x000000000000004a                bZSPIWaitWIPClear = 0x4a
                0x0000000000000050                u16ZSPIflashRDID = 0x50
                0x0000000000000056                u8SelectFlashChipType = 0x56
                0x000000000000005c                memcpy = 0x5c
                0x0000000000000066                vBootFlashProg = 0x66
                [0x0000000000000d16]                _minimum_heap_size = DEFINED (_minimum_heap_size)?_minimum_heap_size:0xd16
                0x0000000000000000                _SwConfig = (DEFINED (g_bSWConf_Debug) | (DEFINED (g_bSWConf_AltDebugPort) << 0x1))

.version        0x000000000007fffc        0x4
                0x000000000007fffc        0x4 LONG 0x4030008

.bir            0x0000000000080000       0x10
                0x0000000000080000                _flash_start = ABSOLUTE (.)
                0x0000000000080000                _flash_beg = ABSOLUTE (.)
                0x0000000000080000        0x4 LONG 0x12345678
                0x0000000000080004        0x4 LONG 0x11223344
                0x0000000000080008        0x4 LONG 0x55667788
                0x000000000008000c        0x1 BYTE 0x8
                0x000000000008000d        0x1 BYTE 0x1
                0x000000000008000e        0x2 SHORT 0x0

.flashheader    0x0000000000080010       0x28
                0x0000000000080010        0x4 LONG 0x0
                0x0000000000080014        0x4 LONG 0x0
                0x0000000000080018        0x4 LONG 0x0
                0x000000000008001c        0x2 SHORT 0x0
                0x000000000008001e        0x2 SHORT 0x0 ABSOLUTE (_SwConfig)
                0x0000000000080020                _enc_start = ABSOLUTE (.)
                0x0000000000080020        0x4 LONG 0x107d4 ABSOLUTE (_image_len)
                0x0000000000080024        0x4 LONG 0x9078c ABSOLUTE (_flash_data_start)
                0x0000000000080028        0x2 SHORT 0x13 ((ABSOLUTE (_ram_data_start) / 0x4) & 0xffff)
                0x000000000008002a        0x2 SHORT 0x12 ((ABSOLUTE (_ram_data_len) / 0x4) & 0xffff)
                0x000000000008002c        0x2 SHORT 0x25 ((ABSOLUTE (_bss_start) / 0x4) & 0xffff)
                0x000000000008002e        0x2 SHORT 0x57c ((ABSOLUTE (_bss_len) / 0x4) & 0xffff)
                0x0000000000080030        0x4 LONG 0x821e6 ABSOLUTE (AppWarmStart)
                0x0000000000080034        0x4 LONG 0x81ce2 ABSOLUTE (AppColdStart)
                0x0000000000000000                _enc_offset = (_enc_start & 0xf)
                0x0000000000000044                PROVIDE (vException_BusError, restore_state)
                0x0000000000000044                PROVIDE (vException_UnalignedAccess, restore_state)
                0x0000000000000044                PROVIDE (vException_IllegalInstruction, restore_state)
                0x0000000000000044                PROVIDE (vException_SysCall, restore_state)
                0x0000000000000044                PROVIDE (vException_Trap, restore_state)
                0x0000000000000044                PROVIDE (vException_StackOverflow, restore_state)
                0x0000000000080038                . = ABSOLUTE (_exception_vsr_table)

.vsr_table      0x0000000000080038       0x18
                0x0000000000080038        0x4 LONG 0x44 ABSOLUTE (vException_BusError)
                0x000000000008003c        0x4 LONG 0x44 ABSOLUTE (vException_UnalignedAccess)
                0x0000000000080040        0x4 LONG 0x44 ABSOLUTE (vException_IllegalInstruction)
                0x0000000000080044        0x4 LONG 0x44 ABSOLUTE (vException_SysCall)
                0x0000000000080048        0x4 LONG 0x44 ABSOLUTE (vException_Trap)
                0x000000000008004c        0x4 LONG 0x44 ABSOLUTE (vException_StackOverflow)

.vsr_handlers   0x0000000000080050       0xaa
 *(.vsr_handlers)
 .vsr_handlers  0x0000000000080050       0xaa /home/legrs/fksb/MWSTAGE/MWSDK/ChipLib/SW4063V1416/Components/Library/libBoot_JN516x.a(ExceptionHandler.o)
                0x0000000000080050                _exception_external_interrupt
                0x00000000000800f8                _default_vsr_dummy

.rodata         0x0000000000080100      0x5fc
 *(.rodata*)
 .rodata.str1.1
                0x0000000000080100       0x74 objs_BLUE/receive.o
 .rodata.au8ToCoNetVersionInfo
                0x0000000000080174        0xc /home/legrs/fksb/MWSTAGE/MWSDK/TWENET/current/lib/libTWENET_BLUE.a(Version.o)
                0x0000000000080174                au8ToCoNetVersionInfo
 .rodata.str1.1
                0x0000000000080180       0x11 /home/legrs/fksb/MWSTAGE/MWSDK/TWENET/current/lib/libTWENEText_BLUE.a(AppStart.o)
 .rodata        0x0000000000080191       0x31 /home/legrs/fksb/MWSTAGE/MWSDK/TWENET/current/lib/libTWENEText_BLUE.a(AppStart.o)
 *fill*         0x00000000000801c2        0x2 00
 .rodata.au8k.5786
                0x00000000000801c4       0x20 /home/legrs/fksb/MWSTAGE/MWSDK/TWENET/current/lib/libTWENEText_BLUE.a(AppStart.o)
 .rodata.au8k.5767
                0x00000000000801e4       0x20 /home/legrs/fksb/MWSTAGE/MWSDK/TWENET/current/lib/libTWENEText_BLUE.a(AppStart.o)
 .rodata.str1.1
                0x0000000000080204       0x11 /home/legrs/fksb/MWSTAGE/MWSDK/TWENET/current/lib/libTWENEText_BLUE.a(mac.o)
 *fill*         0x0000000000080215        0x3 00
 .rodata.u32MacLow_TOCOS
                0x0000000000080218        0x4 /home/legrs/fksb/MWSTAGE/MWSDK/TWENET/current/lib/libTWENEText_BLUE.a(mac.o)
                0x0000000000080218                u32MacLow_TOCOS
 .rodata.u32MacHigh_TOCOS
                0x000000000008021c        0x4 /home/legrs/fksb/MWSTAGE/MWSDK/TWENET/current/lib/libTWENEText_BLUE.a(mac.o)
                0x000000000008021c                u32MacHigh_TOCOS
 .rodata.u8CRCTable
                0x0000000000080220      0x100 /home/legrs/fksb/MWSTAGE/MWSDK/TWENET/current/lib/libTWENETutils_BLUE.a(ccitt8.o)
 .rodata.str1.1
                0x0000000000080320       0x12 /home/legrs/fksb/MWSTAGE/MWSDK/TWENET/current/lib/libTWENETstgs_BLUE.a(printf.o)
 *fill*         0x0000000000080332        0x6 00
 .rodata.pow10.1520
                0x0000000000080338       0x50 /home/legrs/fksb/MWSTAGE/MWSDK/TWENET/current/lib/libTWENETstgs_BLUE.a(printf.o)
 .rodata.str1.1
                0x0000000000080388        0xe /home/legrs/fksb/MWSTAGE/MWSDK/TWENET/current/lib/libmwx_BLUE.a(mwx_debug.o)
 .rodata._ZN3mwx2L1L19_ADC_PIN_TO_AHI_DEFE
                0x0000000000080396        0x5 /home/legrs/fksb/MWSTAGE/MWSDK/TWENET/current/lib/libmwx_BLUE.a(mwx_appcore.o)
 .rodata._ZN3mwx2L1L19_ADC_PIN_TO_AHI_DEFE
                0x000000000008039b        0x5 /home/legrs/fksb/MWSTAGE/MWSDK/TWENET/current/lib/libmwx_BLUE.a(mwx_periph_analogue.o)
 .rodata.str1.1
                0x00000000000803a0       0xe0 /home/legrs/fksb/MWSTAGE/MWSDK/TWENET/current/lib/libmwx_BLUE.a(mwx_nwk_simple.o)
                                         0xe2 (size before relaxing)
 .rodata.str1.1
                0x0000000000080480       0x1f /home/legrs/fksb/MWSTAGE/MWSDK/TWENET/current/lib/libmwx_BLUE.a(mwx_duplicate_checker.o)
 *fill*         0x000000000008049f        0x1 00
 .rodata.s_sPibInit
                0x00000000000804a0       0x18 /home/legrs/fksb/MWSTAGE/MWSDK/ChipLib/SW4063V1416/Components/Library/libMAC_JN516x.a(mac_pib_mlme.o)
 .rodata.s_atScanEvtST
                0x00000000000804b8       0x31 /home/legrs/fksb/MWSTAGE/MWSDK/ChipLib/SW4063V1416/Components/Library/libMAC_JN516x.a(mac_scan.o)
 *fill*         0x00000000000804e9        0x3 00
 .rodata.s_aprScanHandleEvt
                0x00000000000804ec       0x30 /home/legrs/fksb/MWSTAGE/MWSDK/ChipLib/SW4063V1416/Components/Library/libMAC_JN516x.a(mac_scan.o)
 .rodata.aeXcvBbcEvtToScanEvt.5389
                0x000000000008051c        0xa /home/legrs/fksb/MWSTAGE/MWSDK/ChipLib/SW4063V1416/Components/Library/libMAC_JN516x.a(mac_scan.o)
 .rodata.aeXcvPhyEvtToScanEvt.5394
                0x0000000000080526        0x6 /home/legrs/fksb/MWSTAGE/MWSDK/ChipLib/SW4063V1416/Components/Library/libMAC_JN516x.a(mac_scan.o)
 .rodata.psTamXcvContext
                0x000000000008052c        0x4 /home/legrs/fksb/MWSTAGE/MWSDK/ChipLib/SW4063V1416/Components/Library/libMAC_JN516x.a(TAM.o)
                0x000000000008052c                psTamXcvContext
 .rodata.psTamMacContext
                0x0000000000080530        0x4 /home/legrs/fksb/MWSTAGE/MWSDK/ChipLib/SW4063V1416/Components/Library/libMAC_JN516x.a(TAM.o)
                0x0000000000080530                psTamMacContext
 .rodata.psTAMcontext
                0x0000000000080534        0x4 /home/legrs/fksb/MWSTAGE/MWSDK/ChipLib/SW4063V1416/Components/Library/libMAC_JN516x.a(TAM.o)
                0x0000000000080534                psTAMcontext
 .rodata.au8XcvToTAMevent.5139
                0x0000000000080538        0xa /home/legrs/fksb/MWSTAGE/MWSDK/ChipLib/SW4063V1416/Components/Library/libMAC_JN516x.a(TAM.o)
 .rodata        0x0000000000080542        0xe /home/legrs/fksb/MWSTAGE/MWSDK/ChipLib/SW4063V1416/Components/Library/libMAC_JN516x.a(TAMcommon.o)
 .rodata.au8StateActions
                0x0000000000080550       0x8c /home/legrs/fksb/MWSTAGE/MWSDK/ChipLib/SW4063V1416/Components/Library/libMAC_JN516x.a(TAMevent.o)
                0x0000000000080550                au8StateActions
 .rodata.apvActionCalls
                0x00000000000805dc       0x88 /home/legrs/fksb/MWSTAGE/MWSDK/ChipLib/SW4063V1416/Components/Library/libMAC_JN516x.a(TAMevent.o)
                0x00000000000805dc                apvActionCalls
 .rodata.au8MICLenLUT.4346
                0x0000000000080664        0x4 /home/legrs/fksb/MWSTAGE/MWSDK/ChipLib/SW4063V1416/Components/Library/libMAC_JN516x.a(TAMsecurity.o)
 .rodata.CSWTCH.31
                0x0000000000080668        0x3 /home/legrs/fksb/MWSTAGE/MWSDK/ChipLib/SW4063V1416/Components/Library/libMAC_JN516x.a(TAMsecurity.o)
 .rodata.CSWTCH.7
                0x000000000008066b        0x7 /home/legrs/fksb/MWSTAGE/MWSDK/ChipLib/SW4063V1416/Components/Library/libMAC_JN516x.a(TAM_AES.o)
 .rodata.CSWTCH.12
                0x0000000000080672        0x3 /home/legrs/fksb/MWSTAGE/MWSDK/ChipLib/SW4063V1416/Components/Library/libMAC_JN516x.a(TAM_AES.o)
 .rodata.au8dataSizeTable
                0x0000000000080675        0xd /home/legrs/fksb/MWSTAGE/MWSDK/ChipLib/SW4063V1416/Components/Library/libAes_JN516x.a(AEScoprocessorAPI.o)
                0x0000000000080675                au8dataSizeTable
 .rodata.au8FlashWaitStates32MXO
                0x0000000000080682        0x8 /home/legrs/fksb/MWSTAGE/MWSDK/ChipLib/SW4063V1416/Components/Library/libHardwareApi_JN516x.a(AHI_System.o)
 .rodata.au8FlashWaitStatesHSRCO
                0x000000000008068a        0x8 /home/legrs/fksb/MWSTAGE/MWSDK/ChipLib/SW4063V1416/Components/Library/libHardwareApi_JN516x.a(AHI_System.o)
 *fill*         0x0000000000080692        0x2 00
 .rodata.CSWTCH.35
                0x0000000000080694       0x14 /home/legrs/fksb/MWSTAGE/MWSDK/ChipLib/SW4063V1416/Components/Library/libHardwareApi_JN516x.a(AHI_Timer.o)
 .rodata.au32UartAddrOffset
                0x00000000000806a8        0x8 /home/legrs/fksb/MWSTAGE/MWSDK/ChipLib/SW4063V1416/Components/Library/libHardwareApi_JN516x.a(AHI_Uart.o)
                0x00000000000806a8                au32UartAddrOffset
 .rodata.str1.1
                0x00000000000806b0       0x11 /home/legrs/fksb/MWSTAGE/MWSDK/TWENET/current/lib/libTWENET_BLUE.a(ToCoNet_mod_Tx.o)
 *fill*         0x00000000000806c1        0x3 00
 .rodata.asStateFuncTbl
                0x00000000000806c4       0x38 /home/legrs/fksb/MWSTAGE/MWSDK/TWENET/current/lib/libTWENET_BLUE.a(ToCoNet_mod_Tx.o)

.text           0x00000000000806fc    0x1008f
 *(.text*)
 .text._ZN3mwx2L112appdefs_crtpINS0_9NwkSimpleEE15_cbTweNet_vMainEPv
                0x00000000000806fc        0x3 objs_BLUE/receive.o
                0x00000000000806fc                mwx::L1::appdefs_crtp<mwx::L1::NwkSimple>::_cbTweNet_vMain(void*)
 .text._ZN3mwx2L112appdefs_crtpINS0_9NwkSimpleEE19_cbTweNet_vNwkEventEPvRNS0_13packet_ev_nwkE
                0x00000000000806ff        0x9 objs_BLUE/receive.o
                0x00000000000806ff                mwx::L1::appdefs_crtp<mwx::L1::NwkSimple>::_cbTweNet_vNwkEvent(void*, mwx::L1::packet_ev_nwk&)
 .text._ZN3mwx2L114processev_crtpINS0_9NwkSimpleEE14vProcessEvCoreEP8_tsEvent7teEventm
                0x0000000000080708       0x16 objs_BLUE/receive.o
                0x0000000000080708                mwx::L1::processev_crtp<mwx::L1::NwkSimple>::vProcessEvCore(_tsEvent*, teEvent, unsigned long)
 .text._ZN3mwx2L112appdefs_crtpINS0_9NwkSimpleEE9_on_eventEPvmRm
                0x000000000008071e       0x18 objs_BLUE/receive.o
                0x000000000008071e                mwx::L1::appdefs_crtp<mwx::L1::NwkSimple>::_on_event(void*, unsigned long, unsigned long&)
 .text._ZN3mwx2L112appdefs_crtpINS0_9NwkSimpleEE18_cbTweNet_vRxEventEPvRNS0_9packet_rxE
                0x0000000000080736        0x9 objs_BLUE/receive.o
                0x0000000000080736                mwx::L1::appdefs_crtp<mwx::L1::NwkSimple>::_cbTweNet_vRxEvent(void*, mwx::L1::packet_rx&)
 .text._ZN3mwx2L112appdefs_crtpINS0_9NwkSimpleEE18_cbTweNet_vHwEventEPvmm
                0x000000000008073f        0x9 objs_BLUE/receive.o
                0x000000000008073f                mwx::L1::appdefs_crtp<mwx::L1::NwkSimple>::_cbTweNet_vHwEvent(void*, unsigned long, unsigned long)
 .text._ZN3mwx2L112appdefs_crtpINS0_9NwkSimpleEE17_cbTweNet_u8HwIntEPvmm
                0x0000000000080748        0x9 objs_BLUE/receive.o
                0x0000000000080748                mwx::L1::appdefs_crtp<mwx::L1::NwkSimple>::_cbTweNet_u8HwInt(void*, unsigned long, unsigned long)
 .text._ZN3mwx2L112appdefs_crtpINS0_9NwkSimpleEE18_cbTweNet_vTxEventEPvRNS0_12packet_ev_txE
                0x0000000000080751       0x1a objs_BLUE/receive.o
                0x0000000000080751                mwx::L1::appdefs_crtp<mwx::L1::NwkSimple>::_cbTweNet_vTxEvent(void*, mwx::L1::packet_ev_tx&)
 .text._ZN3mwx2L19packet_txC2Ev
                0x000000000008076b       0x33 objs_BLUE/receive.o
                0x000000000008076b                mwx::L1::packet_tx::packet_tx()
                0x000000000008076b                mwx::L1::packet_tx::packet_tx()
 .text._ZN3mwx2L19NwkSimpleC2Ev
                0x000000000008079e       0x44 objs_BLUE/receive.o
                0x000000000008079e                mwx::L1::NwkSimple::NwkSimple()
                0x000000000008079e                mwx::L1::NwkSimple::NwkSimple()
 .text._Z12on_rx_packetRN3mwx2L19packet_rxERh
                0x00000000000807e2       0x4f objs_BLUE/receive.o
                0x00000000000807e2                on_rx_packet(mwx::L1::packet_rx&, unsigned char&)
 .text._ZN3mwx2L123twenet_instance_manager3useINS0_9NwkSimpleEEERT_Rm
                0x0000000000080831       0xda objs_BLUE/receive.o
                0x0000000000080831                mwx::L1::NwkSimple& mwx::L1::twenet_instance_manager::use<mwx::L1::NwkSimple>(unsigned long&)
 .text._Z5setupv
                0x000000000008090b       0x97 objs_BLUE/receive.o
                0x000000000008090b                setup()
 .text._Z4sendhh
                0x00000000000809a2       0x80 objs_BLUE/receive.o
                0x00000000000809a2                send(unsigned char, unsigned char)
 .text._Z4loopv
                0x0000000000080a22       0x7a objs_BLUE/receive.o
                0x0000000000080a22                loop()
 .text.PRSEV_vProcessEv_core
                0x0000000000080a9c       0xa2 /home/legrs/fksb/MWSTAGE/MWSDK/TWENET/current/lib/libTWENET_BLUE.a(ToCoNet_event.o)
 .text.PRSEV_vInit
                0x0000000000080b3e       0x4a /home/legrs/fksb/MWSTAGE/MWSDK/TWENET/current/lib/libTWENET_BLUE.a(ToCoNet_event.o)
                0x0000000000080b3e                PRSEV_vInit
 .text.PRSEV_u8Register
                0x0000000000080b88       0x3e /home/legrs/fksb/MWSTAGE/MWSDK/TWENET/current/lib/libTWENET_BLUE.a(ToCoNet_event.o)
                0x0000000000080b88                PRSEV_u8Register
 .text.PRSEV_u8RegisterEx
                0x0000000000080bc6       0x3e /home/legrs/fksb/MWSTAGE/MWSDK/TWENET/current/lib/libTWENET_BLUE.a(ToCoNet_event.o)
                0x0000000000080bc6                PRSEV_u8RegisterEx
 .text.PRSEV_peGetContextH
                0x0000000000080c04       0x1c /home/legrs/fksb/MWSTAGE/MWSDK/TWENET/current/lib/libTWENET_BLUE.a(ToCoNet_event.o)
                0x0000000000080c04                PRSEV_peGetContextH
 .text.PRSEV_vSetStateAll
                0x0000000000080c20       0x3b /home/legrs/fksb/MWSTAGE/MWSDK/TWENET/current/lib/libTWENET_BLUE.a(ToCoNet_event.o)
                0x0000000000080c20                PRSEV_vSetStateAll
 .text.PRSEV_vSetState
                0x0000000000080c5b       0x10 /home/legrs/fksb/MWSTAGE/MWSDK/TWENET/current/lib/libTWENET_BLUE.a(ToCoNet_event.o)
                0x0000000000080c5b                PRSEV_vSetState
 .text.PRSEV_vProcessEvPost
                0x0000000000080c6b       0x32 /home/legrs/fksb/MWSTAGE/MWSDK/TWENET/current/lib/libTWENET_BLUE.a(ToCoNet_event.o)
                0x0000000000080c6b                PRSEV_vProcessEvPost
 .text._PRSEV_vProcessEv
                0x0000000000080c9d        0xf /home/legrs/fksb/MWSTAGE/MWSDK/TWENET/current/lib/libTWENET_BLUE.a(ToCoNet_event.o)
                0x0000000000080c9d                _PRSEV_vProcessEv
 .text._PRSEV_vProcessEvSingle
                0x0000000000080cac        0xd /home/legrs/fksb/MWSTAGE/MWSDK/TWENET/current/lib/libTWENET_BLUE.a(ToCoNet_event.o)
                0x0000000000080cac                _PRSEV_vProcessEvSingle
 .text._PRSEV_vProcessEvSingleH
                0x0000000000080cb9        0xf /home/legrs/fksb/MWSTAGE/MWSDK/TWENET/current/lib/libTWENET_BLUE.a(ToCoNet_event.o)
                0x0000000000080cb9                _PRSEV_vProcessEvSingleH
 .text.PRSEV_bPostEvent
                0x0000000000080cc8       0x24 /home/legrs/fksb/MWSTAGE/MWSDK/TWENET/current/lib/libTWENET_BLUE.a(ToCoNet_event.o)
                0x0000000000080cc8                PRSEV_bPostEvent
 .text.ToCoNet_Event_StateExec
                0x0000000000080cec       0x34 /home/legrs/fksb/MWSTAGE/MWSDK/TWENET/current/lib/libTWENET_BLUE.a(ToCoNet_event.o)
                0x0000000000080cec                ToCoNet_Event_StateExec
 .text.vProcessIncomingHwEvent
                0x0000000000080d20       0xc5 /home/legrs/fksb/MWSTAGE/MWSDK/TWENET/current/lib/libTWENET_BLUE.a(ToCoNet_main.o)
 .text.u8HwEventHandler
                0x0000000000080de5       0x1d /home/legrs/fksb/MWSTAGE/MWSDK/TWENET/current/lib/libTWENET_BLUE.a(ToCoNet_main.o)
 .text.vProcessEvCoreMac
                0x0000000000080e02       0x67 /home/legrs/fksb/MWSTAGE/MWSDK/TWENET/current/lib/libTWENET_BLUE.a(ToCoNet_main.o)
                0x0000000000080e02                vProcessEvCoreMac
 .text.ToCoNet_vDebugInit
                0x0000000000080e69        0x9 /home/legrs/fksb/MWSTAGE/MWSDK/TWENET/current/lib/libTWENET_BLUE.a(ToCoNet_main.o)
                0x0000000000080e69                ToCoNet_vDebugInit
 .text.ToCoNet_vDebugLevel
                0x0000000000080e72        0x9 /home/legrs/fksb/MWSTAGE/MWSDK/TWENET/current/lib/libTWENET_BLUE.a(ToCoNet_main.o)
                0x0000000000080e72                ToCoNet_vDebugLevel
 .text.ToCoNet_vInit
                0x0000000000080e7b      0x131 /home/legrs/fksb/MWSTAGE/MWSDK/TWENET/current/lib/libTWENET_BLUE.a(ToCoNet_main.o)
                0x0000000000080e7b                ToCoNet_vInit
 .text.ToCoNet_vStart
                0x0000000000080fac      0x3be /home/legrs/fksb/MWSTAGE/MWSDK/TWENET/current/lib/libTWENET_BLUE.a(ToCoNet_main.o)
                0x0000000000080fac                ToCoNet_vStart
 .text.ToCoNet_vMacStart
                0x000000000008136a        0xe /home/legrs/fksb/MWSTAGE/MWSDK/TWENET/current/lib/libTWENET_BLUE.a(ToCoNet_main.o)
                0x000000000008136a                ToCoNet_vMacStart
 .text.ToCoNet_vMain
                0x0000000000081378      0x214 /home/legrs/fksb/MWSTAGE/MWSDK/TWENET/current/lib/libTWENET_BLUE.a(ToCoNet_main.o)
                0x0000000000081378                ToCoNet_vMain
 .text.ToCoNet_vRfConfig
                0x000000000008158c        0x3 /home/legrs/fksb/MWSTAGE/MWSDK/TWENET/current/lib/libTWENET_BLUE.a(ToCoNet_main.o)
                0x000000000008158c                ToCoNet_vRfConfig
 .text.ToCoNet_bMaxTxQueueAvailable
                0x000000000008158f       0x1b /home/legrs/fksb/MWSTAGE/MWSDK/TWENET/current/lib/libTWENET_BLUE.a(ToCoNet_main.o)
                0x000000000008158f                ToCoNet_bMaxTxQueueAvailable
 .text.ToCoNet_bMacTxReq
                0x00000000000815aa      0x123 /home/legrs/fksb/MWSTAGE/MWSDK/TWENET/current/lib/libTWENET_BLUE.a(ToCoNet_main.o)
                0x00000000000815aa                ToCoNet_bMacTxReq
 .text._ToCoNet_bRaisePanic
                0x00000000000816cd       0x31 /home/legrs/fksb/MWSTAGE/MWSDK/TWENET/current/lib/libTWENET_BLUE.a(ToCoNet_main.o)
                0x00000000000816cd                _ToCoNet_bRaisePanic
 .text.ToCoNet_u32GetVersion
                0x00000000000816fe       0x21 /home/legrs/fksb/MWSTAGE/MWSDK/TWENET/current/lib/libTWENET_BLUE.a(ToCoNet_utils.o)
                0x00000000000816fe                ToCoNet_u32GetVersion
 .text.ToCoNet_u16GetPanId
                0x000000000008171f        0x9 /home/legrs/fksb/MWSTAGE/MWSDK/TWENET/current/lib/libTWENET_BLUE.a(ToCoNet_utils.o)
                0x000000000008171f                ToCoNet_u16GetPanId
 .text.ToCoNet_u32GetSerial
                0x0000000000081728        0x9 /home/legrs/fksb/MWSTAGE/MWSDK/TWENET/current/lib/libTWENET_BLUE.a(ToCoNet_utils.o)
                0x0000000000081728                ToCoNet_u32GetSerial
 .text.ToCoNet_u32GetRand
                0x0000000000081731       0x62 /home/legrs/fksb/MWSTAGE/MWSDK/TWENET/current/lib/libTWENET_BLUE.a(ToCoNet_utils.o)
                0x0000000000081731                ToCoNet_u32GetRand
 .text.ToCoNet_vRxProc_Mod
                0x0000000000081793       0x41 /home/legrs/fksb/MWSTAGE/MWSDK/TWENET/current/lib/libTWENET_BLUE.a(ToCoNet_mod_Nwk_Common.o)
                0x0000000000081793                ToCoNet_vRxProc_Mod
 .text.ToCoNet_vRxProc_App
                0x00000000000817d4       0x8c /home/legrs/fksb/MWSTAGE/MWSDK/TWENET/current/lib/libTWENET_BLUE.a(ToCoNet_mod_Nwk_Common.o)
                0x00000000000817d4                ToCoNet_vRxProc_App
 .text.ToCoNet_ChMgr_bCh_OnTx
                0x0000000000081860       0x69 /home/legrs/fksb/MWSTAGE/MWSDK/TWENET/current/lib/libTWENET_BLUE.a(ToCoNet_mod_Channel_Mgr.o)
                0x0000000000081860                ToCoNet_ChMgr_bCh_OnTx
 .text.ToCoNet_ChMgr_bCh_Reconfig
                0x00000000000818c9       0x69 /home/legrs/fksb/MWSTAGE/MWSDK/TWENET/current/lib/libTWENET_BLUE.a(ToCoNet_mod_Channel_Mgr.o)
                0x00000000000818c9                ToCoNet_ChMgr_bCh_Reconfig
 .text.ToCoNet_ChMgr_vCh_TxFin
                0x0000000000081932       0x2c /home/legrs/fksb/MWSTAGE/MWSDK/TWENET/current/lib/libTWENET_BLUE.a(ToCoNet_mod_Channel_Mgr.o)
                0x0000000000081932                ToCoNet_ChMgr_vCh_TxFin
 .text.pvFifoPull
                0x000000000008195e       0x27 /home/legrs/fksb/MWSTAGE/MWSDK/TWENET/current/lib/libTWENET_BLUE.a(AppQueueApi_ToCoNet.o)
 .text.psAppQApiGetMcpsBuffer
                0x0000000000081985        0x8 /home/legrs/fksb/MWSTAGE/MWSDK/TWENET/current/lib/libTWENET_BLUE.a(AppQueueApi_ToCoNet.o)
 .text.psAppQApiGetMlmeBuffer
                0x000000000008198d        0x8 /home/legrs/fksb/MWSTAGE/MWSDK/TWENET/current/lib/libTWENET_BLUE.a(AppQueueApi_ToCoNet.o)
 .text.bFifoPush
                0x0000000000081995       0x39 /home/legrs/fksb/MWSTAGE/MWSDK/TWENET/current/lib/libTWENET_BLUE.a(AppQueueApi_ToCoNet.o)
 .text.vAppQApiPostMcps
                0x00000000000819ce       0x1b /home/legrs/fksb/MWSTAGE/MWSDK/TWENET/current/lib/libTWENET_BLUE.a(AppQueueApi_ToCoNet.o)
 .text.vAppQApiPostMlme
                0x00000000000819e9       0x1f /home/legrs/fksb/MWSTAGE/MWSDK/TWENET/current/lib/libTWENET_BLUE.a(AppQueueApi_ToCoNet.o)
 .text.vAppQApiPostHwIntT
                0x0000000000081a08       0xbd /home/legrs/fksb/MWSTAGE/MWSDK/TWENET/current/lib/libTWENET_BLUE.a(AppQueueApi_ToCoNet.o)
 .text.u32AppQApiInitInt_PATCH
                0x0000000000081ac5        0xa /home/legrs/fksb/MWSTAGE/MWSDK/TWENET/current/lib/libTWENET_BLUE.a(AppQueueApi_ToCoNet.o)
                0x0000000000081ac5                u32AppQApiInitInt_PATCH
 .text.u32AppQApiInitNetwork
                0x0000000000081acf       0x1f /home/legrs/fksb/MWSTAGE/MWSDK/TWENET/current/lib/libTWENET_BLUE.a(AppQueueApi_ToCoNet.o)
                0x0000000000081acf                u32AppQApiInitNetwork
 .text.u32AppQApiInitT
                0x0000000000081aee      0x1b8 /home/legrs/fksb/MWSTAGE/MWSDK/TWENET/current/lib/libTWENET_BLUE.a(AppQueueApi_ToCoNet.o)
                0x0000000000081aee                u32AppQApiInitT
 .text.psAppQApiReadMlmeIndT
                0x0000000000081ca6        0x9 /home/legrs/fksb/MWSTAGE/MWSDK/TWENET/current/lib/libTWENET_BLUE.a(AppQueueApi_ToCoNet.o)
                0x0000000000081ca6                psAppQApiReadMlmeIndT
 .text.psAppQApiReadMcpsIndT
                0x0000000000081caf        0x9 /home/legrs/fksb/MWSTAGE/MWSDK/TWENET/current/lib/libTWENET_BLUE.a(AppQueueApi_ToCoNet.o)
                0x0000000000081caf                psAppQApiReadMcpsIndT
 .text.psAppQApiReadHwIndT
                0x0000000000081cb8        0x9 /home/legrs/fksb/MWSTAGE/MWSDK/TWENET/current/lib/libTWENET_BLUE.a(AppQueueApi_ToCoNet.o)
                0x0000000000081cb8                psAppQApiReadHwIndT
 .text.vAppQApiReturnMlmeIndBufferT
                0x0000000000081cc1        0xb /home/legrs/fksb/MWSTAGE/MWSDK/TWENET/current/lib/libTWENET_BLUE.a(AppQueueApi_ToCoNet.o)
                0x0000000000081cc1                vAppQApiReturnMlmeIndBufferT
 .text.vAppQApiReturnMcpsIndBufferT
                0x0000000000081ccc        0xb /home/legrs/fksb/MWSTAGE/MWSDK/TWENET/current/lib/libTWENET_BLUE.a(AppQueueApi_ToCoNet.o)
                0x0000000000081ccc                vAppQApiReturnMcpsIndBufferT
 .text.vAppQApiReturnHwIndBufferT
                0x0000000000081cd7        0xb /home/legrs/fksb/MWSTAGE/MWSDK/TWENET/current/lib/libTWENET_BLUE.a(AppQueueApi_ToCoNet.o)
                0x0000000000081cd7                vAppQApiReturnHwIndBufferT
 .text.AppColdStart
                0x0000000000081ce2      0x4de /home/legrs/fksb/MWSTAGE/MWSDK/TWENET/current/lib/libTWENEText_BLUE.a(AppStart.o)
                0x0000000000081ce2                AppColdStart
 .text._ToCoNet_vMacInit
                0x00000000000821c0       0x26 /home/legrs/fksb/MWSTAGE/MWSDK/TWENET/current/lib/libTWENEText_BLUE.a(AppStart.o)
                0x00000000000821c0                _ToCoNet_vMacInit
 .text.AppWarmStart
                0x00000000000821e6       0x93 /home/legrs/fksb/MWSTAGE/MWSDK/TWENET/current/lib/libTWENEText_BLUE.a(AppStart.o)
                0x00000000000821e6                AppWarmStart
 .text._ToCoNet_bRfChChannel
                0x0000000000082279       0x97 /home/legrs/fksb/MWSTAGE/MWSDK/TWENET/current/lib/libTWENEText_BLUE.a(AppStart.o)
                0x0000000000082279                _ToCoNet_bRfChChannel
 .text._ToCoNet_vRfConfig
                0x0000000000082310       0xb9 /home/legrs/fksb/MWSTAGE/MWSDK/TWENET/current/lib/libTWENEText_BLUE.a(AppStart.o)
                0x0000000000082310                _ToCoNet_vRfConfig
 .text.ToCoNet_u32GetSerialOnBoot
                0x00000000000823c9       0x43 /home/legrs/fksb/MWSTAGE/MWSDK/TWENET/current/lib/libTWENEText_BLUE.a(getMacAddr.o)
                0x00000000000823c9                ToCoNet_u32GetSerialOnBoot
 .text.Mac_vInit
                0x000000000008240c       0x4c /home/legrs/fksb/MWSTAGE/MWSDK/TWENET/current/lib/libTWENEText_BLUE.a(mac.o)
                0x000000000008240c                Mac_vInit
 .text.Mac_bRxQueueReg
                0x0000000000082458       0x38 /home/legrs/fksb/MWSTAGE/MWSDK/TWENET/current/lib/libTWENEText_BLUE.a(mac.o)
                0x0000000000082458                Mac_bRxQueueReg
 .text.bEncodeAES
                0x0000000000082490       0xae /home/legrs/fksb/MWSTAGE/MWSDK/TWENET/current/lib/libTWENEText_BLUE.a(mac.o)
                0x0000000000082490                bEncodeAES
 .text.Mac_bTransmit
                0x000000000008253e      0x21c /home/legrs/fksb/MWSTAGE/MWSDK/TWENET/current/lib/libTWENEText_BLUE.a(mac.o)
                0x000000000008253e                Mac_bTransmit
 .text.bDecodeAES
                0x000000000008275a       0xc9 /home/legrs/fksb/MWSTAGE/MWSDK/TWENET/current/lib/libTWENEText_BLUE.a(mac.o)
                0x000000000008275a                bDecodeAES
 .text.Mac_vHandleMcpsDataInd
                0x0000000000082823      0x2de /home/legrs/fksb/MWSTAGE/MWSDK/TWENET/current/lib/libTWENEText_BLUE.a(mac.o)
                0x0000000000082823                Mac_vHandleMcpsDataInd
 .text.Mac_vReset
                0x0000000000082b01       0x1d /home/legrs/fksb/MWSTAGE/MWSDK/TWENET/current/lib/libTWENEText_BLUE.a(mac.o)
                0x0000000000082b01                Mac_vReset
 .text.Mac_vSetRetry
                0x0000000000082b1e       0x18 /home/legrs/fksb/MWSTAGE/MWSDK/TWENET/current/lib/libTWENEText_BLUE.a(mac.o)
                0x0000000000082b1e                Mac_vSetRetry
 .text.Mac_vSetCCA
                0x0000000000082b36       0x29 /home/legrs/fksb/MWSTAGE/MWSDK/TWENET/current/lib/libTWENEText_BLUE.a(mac.o)
                0x0000000000082b36                Mac_vSetCCA
 .text.bAES_CCM_DecodeKey
                0x0000000000082b5f       0x8e /home/legrs/fksb/MWSTAGE/MWSDK/TWENET/current/lib/libTWENEText_BLUE.a(AES_CCM.o)
                0x0000000000082b5f                bAES_CCM_DecodeKey
 .text.bAES_CCM_EncodeKey
                0x0000000000082bed       0x7f /home/legrs/fksb/MWSTAGE/MWSDK/TWENET/current/lib/libTWENEText_BLUE.a(AES_CCM.o)
                0x0000000000082bed                bAES_CCM_EncodeKey
 .text.bAES_CCM_KeyReg
                0x0000000000082c6c       0x3f /home/legrs/fksb/MWSTAGE/MWSDK/TWENET/current/lib/libTWENEText_BLUE.a(AES_CCM.o)
                0x0000000000082c6c                bAES_CCM_KeyReg
 .text.bAES_CCM_Encode
                0x0000000000082cab       0x1e /home/legrs/fksb/MWSTAGE/MWSDK/TWENET/current/lib/libTWENEText_BLUE.a(AES_CCM.o)
                0x0000000000082cab                bAES_CCM_Encode
 .text.bAES_CCM_Decode
                0x0000000000082cc9       0x1e /home/legrs/fksb/MWSTAGE/MWSDK/TWENET/current/lib/libTWENEText_BLUE.a(AES_CCM.o)
                0x0000000000082cc9                bAES_CCM_Decode
 .text.vHandlerPatch
                0x0000000000082ce7       0x37 /home/legrs/fksb/MWSTAGE/MWSDK/TWENET/current/lib/libTWENEText_BLUE.a(no_ack_handler.o)
 .text.vInstallNoAckHandler
                0x0000000000082d1e       0x2a /home/legrs/fksb/MWSTAGE/MWSDK/TWENET/current/lib/libTWENEText_BLUE.a(no_ack_handler.o)
                0x0000000000082d1e                vInstallNoAckHandler
 .text.SERIAL_vTxReady
                0x0000000000082d48       0x2f /home/legrs/fksb/MWSTAGE/MWSDK/TWENET/current/lib/libTWENETutils_BLUE.a(serial.o)
                0x0000000000082d48                SERIAL_vTxReady
 .text.vRxChar  0x0000000000082d77       0x35 /home/legrs/fksb/MWSTAGE/MWSDK/TWENET/current/lib/libTWENETutils_BLUE.a(serial.o)
 .text.SERIAL_vInitEx
                0x0000000000082dac       0x78 /home/legrs/fksb/MWSTAGE/MWSDK/TWENET/current/lib/libTWENETutils_BLUE.a(serial.o)
                0x0000000000082dac                SERIAL_vInitEx
 .text.SERIAL_bTxChar
                0x0000000000082e24       0x8e /home/legrs/fksb/MWSTAGE/MWSDK/TWENET/current/lib/libTWENETutils_BLUE.a(serial.o)
                0x0000000000082e24                SERIAL_bTxChar
 .text.SERIAL_i16RxChar
                0x0000000000082eb2       0x41 /home/legrs/fksb/MWSTAGE/MWSDK/TWENET/current/lib/libTWENETutils_BLUE.a(serial.o)
                0x0000000000082eb2                SERIAL_i16RxChar
 .text.SERIAL_bRxQueueEmpty
                0x0000000000082ef3       0x17 /home/legrs/fksb/MWSTAGE/MWSDK/TWENET/current/lib/libTWENETutils_BLUE.a(serial.o)
                0x0000000000082ef3                SERIAL_bRxQueueEmpty
 .text.SERIAL_vFlush
                0x0000000000082f0a       0x49 /home/legrs/fksb/MWSTAGE/MWSDK/TWENET/current/lib/libTWENETutils_BLUE.a(serial.o)
                0x0000000000082f0a                SERIAL_vFlush
 .text.UART_vHandleUartInterrupt
                0x0000000000082f53       0x70 /home/legrs/fksb/MWSTAGE/MWSDK/TWENET/current/lib/libTWENETutils_BLUE.a(uart.o)
 .text.UART_vInit
                0x0000000000082fc3      0x1a9 /home/legrs/fksb/MWSTAGE/MWSDK/TWENET/current/lib/libTWENETutils_BLUE.a(uart.o)
                0x0000000000082fc3                UART_vInit
 .text.UART_vRtsStopFlow
                0x000000000008316c       0x20 /home/legrs/fksb/MWSTAGE/MWSDK/TWENET/current/lib/libTWENETutils_BLUE.a(uart.o)
                0x000000000008316c                UART_vRtsStopFlow
 .text.UART_vRtsStartFlow
                0x000000000008318c       0x20 /home/legrs/fksb/MWSTAGE/MWSDK/TWENET/current/lib/libTWENETutils_BLUE.a(uart.o)
                0x000000000008318c                UART_vRtsStartFlow
 .text.UART_vTxChar
                0x00000000000831ac        0x4 /home/legrs/fksb/MWSTAGE/MWSDK/TWENET/current/lib/libTWENETutils_BLUE.a(uart.o)
                0x00000000000831ac                UART_vTxChar
 .text.UART_bTxReady
                0x00000000000831b0        0xc /home/legrs/fksb/MWSTAGE/MWSDK/TWENET/current/lib/libTWENETutils_BLUE.a(uart.o)
                0x00000000000831b0                UART_bTxReady
 .text.UART_vSetTxInterrupt
                0x00000000000831bc       0x18 /home/legrs/fksb/MWSTAGE/MWSDK/TWENET/current/lib/libTWENETutils_BLUE.a(uart.o)
                0x00000000000831bc                UART_vSetTxInterrupt
 .text.QUEUE__vInit
                0x00000000000831d4       0x12 /home/legrs/fksb/MWSTAGE/MWSDK/TWENET/current/lib/libTWENETutils_BLUE.a(ByteQueue.o)
                0x00000000000831d4                QUEUE__vInit
 .text.QUEUE__vAddItem
                0x00000000000831e6       0x71 /home/legrs/fksb/MWSTAGE/MWSDK/TWENET/current/lib/libTWENETutils_BLUE.a(ByteQueue.o)
                0x00000000000831e6                QUEUE__vAddItem
 .text.QUEUE__u8RemoveItem
                0x0000000000083257       0x6c /home/legrs/fksb/MWSTAGE/MWSDK/TWENET/current/lib/libTWENETutils_BLUE.a(ByteQueue.o)
                0x0000000000083257                QUEUE__u8RemoveItem
 .text.QUEUE__vFlush
                0x00000000000832c3       0x1f /home/legrs/fksb/MWSTAGE/MWSDK/TWENET/current/lib/libTWENETutils_BLUE.a(ByteQueue.o)
                0x00000000000832c3                QUEUE__vFlush
 .text.QUEUE__u16Count
                0x00000000000832e2        0x6 /home/legrs/fksb/MWSTAGE/MWSDK/TWENET/current/lib/libTWENETutils_BLUE.a(ByteQueue.o)
                0x00000000000832e2                QUEUE__u16Count
 .text.u8CCITT8
                0x00000000000832e8       0x26 /home/legrs/fksb/MWSTAGE/MWSDK/TWENET/current/lib/libTWENETutils_BLUE.a(ccitt8.o)
                0x00000000000832e8                u8CCITT8
 .text.s_div_by
                0x000000000008330e       0x31 /home/legrs/fksb/MWSTAGE/MWSDK/TWENET/current/lib/libTWENETutils_BLUE.a(utils.o)
                0x000000000008330e                s_div_by
 *fill*         0x000000000008333f        0x1 00
 .text.vTimerConfig
                0x0000000000083340      0x168 /home/legrs/fksb/MWSTAGE/MWSDK/TWENET/current/lib/libTWENETutils_BLUE.a(utils.o)
                0x0000000000083340                vTimerConfig
 .text.vTimerStart
                0x00000000000834a8       0x8c /home/legrs/fksb/MWSTAGE/MWSDK/TWENET/current/lib/libTWENETutils_BLUE.a(utils.o)
                0x00000000000834a8                vTimerStart
 .text.TWEINTRCT_bIsVerbose
                0x0000000000083534        0x9 /home/legrs/fksb/MWSTAGE/MWSDK/TWENET/current/lib/libTWENETstgs_BLUE.a(tweinteractive.o)
                0x0000000000083534                TWEINTRCT_bIsVerbose
 .text.vOutputStream
                0x000000000008353d        0xc /home/legrs/fksb/MWSTAGE/MWSDK/TWENET/current/lib/libTWENETstgs_BLUE.a(tweprintf.o)
 .text.TWE_fprintf
                0x0000000000083549       0x31 /home/legrs/fksb/MWSTAGE/MWSDK/TWENET/current/lib/libTWENETstgs_BLUE.a(tweprintf.o)
                0x0000000000083549                TWE_fprintf
 .text.TWE_vfprintf
                0x000000000008357a       0x21 /home/legrs/fksb/MWSTAGE/MWSDK/TWENET/current/lib/libTWENETstgs_BLUE.a(tweprintf.o)
                0x000000000008357a                TWE_vfprintf
 .text._out_null
                0x000000000008359b        0x3 /home/legrs/fksb/MWSTAGE/MWSDK/TWENET/current/lib/libTWENETstgs_BLUE.a(printf.o)
 .text._out_rev
                0x000000000008359e       0xbc /home/legrs/fksb/MWSTAGE/MWSDK/TWENET/current/lib/libTWENETstgs_BLUE.a(printf.o)
 .text._ntoa_format
                0x000000000008365a      0x1b2 /home/legrs/fksb/MWSTAGE/MWSDK/TWENET/current/lib/libTWENETstgs_BLUE.a(printf.o)
 .text._ntoa_long
                0x000000000008380c       0xb6 /home/legrs/fksb/MWSTAGE/MWSDK/TWENET/current/lib/libTWENETstgs_BLUE.a(printf.o)
 .text._ntoa_long_long
                0x00000000000838c2       0xcf /home/legrs/fksb/MWSTAGE/MWSDK/TWENET/current/lib/libTWENETstgs_BLUE.a(printf.o)
 .text._out_fct
                0x0000000000083991       0x15 /home/legrs/fksb/MWSTAGE/MWSDK/TWENET/current/lib/libTWENETstgs_BLUE.a(printf.o)
 .text._ftoa    0x00000000000839a6      0x417 /home/legrs/fksb/MWSTAGE/MWSDK/TWENET/current/lib/libTWENETstgs_BLUE.a(printf.o)
 .text._etoa    0x0000000000083dbd      0x3e6 /home/legrs/fksb/MWSTAGE/MWSDK/TWENET/current/lib/libTWENETstgs_BLUE.a(printf.o)
 *fill*         0x00000000000841a3        0x1 00
 .text._vsnprintf
                0x00000000000841a4      0x98c /home/legrs/fksb/MWSTAGE/MWSDK/TWENET/current/lib/libTWENETstgs_BLUE.a(printf.o)
                0x00000000000841a4                _vsnprintf
 .text.fctvprintf
                0x0000000000084b30       0x1f /home/legrs/fksb/MWSTAGE/MWSDK/TWENET/current/lib/libTWENETstgs_BLUE.a(printf.o)
                0x0000000000084b30                fctvprintf
 .text.MWX_DebugMsg
                0x0000000000084b4f       0x43 /home/legrs/fksb/MWSTAGE/MWSDK/TWENET/current/lib/libmwx_BLUE.a(mwx_debug.o)
                0x0000000000084b4f                MWX_DebugMsg
 .text.MWX_Panic
                0x0000000000084b92       0x4f /home/legrs/fksb/MWSTAGE/MWSDK/TWENET/current/lib/libmwx_BLUE.a(mwx_debug.o)
                0x0000000000084b92                MWX_Panic
 .text._ZN3mwx2L110serial_jen13_set_baudrateEt.isra.2
                0x0000000000084be1       0xa7 /home/legrs/fksb/MWSTAGE/MWSDK/TWENET/current/lib/libmwx_BLUE.a(mwx_appcore.o)
 .text._ZN3mwx2L110serial_jen6_beginEv.part.25
                0x0000000000084c88       0x5a /home/legrs/fksb/MWSTAGE/MWSDK/TWENET/current/lib/libmwx_BLUE.a(mwx_appcore.o)
 .text._ZN3mwx2L110serial_jen10_on_wakeupEv.part.27
                0x0000000000084ce2       0x79 /home/legrs/fksb/MWSTAGE/MWSDK/TWENET/current/lib/libmwx_BLUE.a(mwx_appcore.o)
 .text._ZN3mwx2L110serial_jenC2Eh
                0x0000000000084d5b       0x30 /home/legrs/fksb/MWSTAGE/MWSDK/TWENET/current/lib/libmwx_BLUE.a(mwx_appcore.o)
                0x0000000000084d5b                mwx::L1::serial_jen::serial_jen(unsigned char)
                0x0000000000084d5b                mwx::L1::serial_jen::serial_jen(unsigned char)
 .text._ZN3mwx2L112appdefs_virt19cbToCoNet_vNwkEventERNS0_13packet_ev_nwkE
                0x0000000000084d8b       0x18 /home/legrs/fksb/MWSTAGE/MWSDK/TWENET/current/lib/libmwx_BLUE.a(mwx_appcore.o)
                0x0000000000084d8b                mwx::L1::appdefs_virt::cbToCoNet_vNwkEvent(mwx::L1::packet_ev_nwk&)
 .text._ZN3mwx2L112appdefs_virt18cbToCoNet_vRxEventERNS0_9packet_rxE
                0x0000000000084da3       0x18 /home/legrs/fksb/MWSTAGE/MWSDK/TWENET/current/lib/libmwx_BLUE.a(mwx_appcore.o)
                0x0000000000084da3                mwx::L1::appdefs_virt::cbToCoNet_vRxEvent(mwx::L1::packet_rx&)
 .text._ZN3mwx2L112appdefs_virt18cbToCoNet_vTxEventERNS0_12packet_ev_txE
                0x0000000000084dbb       0x18 /home/legrs/fksb/MWSTAGE/MWSDK/TWENET/current/lib/libmwx_BLUE.a(mwx_appcore.o)
                0x0000000000084dbb                mwx::L1::appdefs_virt::cbToCoNet_vTxEvent(mwx::L1::packet_ev_tx&)
 .text._ZN3mwx2L112appdefs_virt18cbToCoNet_vHwEventEmm
                0x0000000000084dd3       0x18 /home/legrs/fksb/MWSTAGE/MWSDK/TWENET/current/lib/libmwx_BLUE.a(mwx_appcore.o)
                0x0000000000084dd3                mwx::L1::appdefs_virt::cbToCoNet_vHwEvent(unsigned long, unsigned long)
 .text._ZN3mwx2L112appdefs_virt8on_eventEmRm
                0x0000000000084deb       0x18 /home/legrs/fksb/MWSTAGE/MWSDK/TWENET/current/lib/libmwx_BLUE.a(mwx_appcore.o)
                0x0000000000084deb                mwx::L1::appdefs_virt::on_event(unsigned long, unsigned long&)
 .text._ZN3mwx2L114periph_twowireC2Eh
                0x0000000000084e03       0x3d /home/legrs/fksb/MWSTAGE/MWSDK/TWENET/current/lib/libmwx_BLUE.a(mwx_appcore.o)
                0x0000000000084e03                mwx::L1::periph_twowire::periph_twowire(unsigned char)
                0x0000000000084e03                mwx::L1::periph_twowire::periph_twowire(unsigned char)
 .text._ZN3mwx2L112periph_timer10_on_wakeupEv
                0x0000000000084e40       0x44 /home/legrs/fksb/MWSTAGE/MWSDK/TWENET/current/lib/libmwx_BLUE.a(mwx_appcore.o)
                0x0000000000084e40                mwx::L1::periph_timer::_on_wakeup()
 .text._ZN3mwx2L115periph_analogueC2Ev
                0x0000000000084e84       0x2b /home/legrs/fksb/MWSTAGE/MWSDK/TWENET/current/lib/libmwx_BLUE.a(mwx_appcore.o)
                0x0000000000084e84                mwx::L1::periph_analogue::periph_analogue()
                0x0000000000084e84                mwx::L1::periph_analogue::periph_analogue()
 .text._ZN3mwx2L115periph_analogue5setupEbhPFvvE
                0x0000000000084eaf       0x5f /home/legrs/fksb/MWSTAGE/MWSDK/TWENET/current/lib/libmwx_BLUE.a(mwx_appcore.o)
                0x0000000000084eaf                mwx::L1::periph_analogue::setup(bool, unsigned char, void (*)())
 .text._ZN3mwx2L115periph_analogue10_adc_startEv
                0x0000000000084f0e       0x55 /home/legrs/fksb/MWSTAGE/MWSDK/TWENET/current/lib/libmwx_BLUE.a(mwx_appcore.o)
                0x0000000000084f0e                mwx::L1::periph_analogue::_adc_start()
 .text._ZN3mwx2L123twenet_tx_cb_managementC2Ev
                0x0000000000084f63       0x1e /home/legrs/fksb/MWSTAGE/MWSDK/TWENET/current/lib/libmwx_BLUE.a(mwx_appcore.o)
                0x0000000000084f63                mwx::L1::twenet_tx_cb_management::twenet_tx_cb_management()
                0x0000000000084f63                mwx::L1::twenet_tx_cb_management::twenet_tx_cb_management()
 .text._ZN3mwx2L122twenet_rx_packet_queue5_pushERNS0_9packet_rxE
                0x0000000000084f81       0x96 /home/legrs/fksb/MWSTAGE/MWSDK/TWENET/current/lib/libmwx_BLUE.a(mwx_appcore.o)
                0x0000000000084f81                mwx::L1::twenet_rx_packet_queue::_push(mwx::L1::packet_rx&)
 .text._Z13init_coldbootv
                0x0000000000085017        0x3 /home/legrs/fksb/MWSTAGE/MWSDK/TWENET/current/lib/libmwx_BLUE.a(mwx_appcore.o)
                0x0000000000085017                init_coldboot()
 .text._Z13init_warmbootv
                0x000000000008501a        0x3 /home/legrs/fksb/MWSTAGE/MWSDK/TWENET/current/lib/libmwx_BLUE.a(mwx_appcore.o)
                0x000000000008501a                init_warmboot()
 .text._Z6wakeupv
                0x000000000008501d        0x3 /home/legrs/fksb/MWSTAGE/MWSDK/TWENET/current/lib/libmwx_BLUE.a(mwx_appcore.o)
                0x000000000008501d                wakeup()
 .text._Z5beginv
                0x0000000000085020        0x3 /home/legrs/fksb/MWSTAGE/MWSDK/TWENET/current/lib/libmwx_BLUE.a(mwx_appcore.o)
                0x0000000000085020                begin()
 .text.cbToCoNet_vMain
                0x0000000000085023       0xb4 /home/legrs/fksb/MWSTAGE/MWSDK/TWENET/current/lib/libmwx_BLUE.a(mwx_appcore.o)
                0x0000000000085023                cbToCoNet_vMain
 .text.cbToCoNet_vNwkEvent
                0x00000000000850d7       0x90 /home/legrs/fksb/MWSTAGE/MWSDK/TWENET/current/lib/libmwx_BLUE.a(mwx_appcore.o)
                0x00000000000850d7                cbToCoNet_vNwkEvent
 *fill*         0x0000000000085167        0x1 00
 .text.cbToCoNet_vHwEvent
                0x0000000000085168      0x160 /home/legrs/fksb/MWSTAGE/MWSDK/TWENET/current/lib/libmwx_BLUE.a(mwx_appcore.o)
                0x0000000000085168                cbToCoNet_vHwEvent
 .text.cbToCoNet_u8HwInt
                0x00000000000852c8       0x94 /home/legrs/fksb/MWSTAGE/MWSDK/TWENET/current/lib/libmwx_BLUE.a(mwx_appcore.o)
                0x00000000000852c8                cbToCoNet_u8HwInt
 .text._Z16_MWX_periph_initv
                0x000000000008535c       0xef /home/legrs/fksb/MWSTAGE/MWSDK/TWENET/current/lib/libmwx_BLUE.a(mwx_appcore.o)
                0x000000000008535c                _MWX_periph_init()
 .text._Z14_MWX_vOnWakeupv
                0x000000000008544b      0x1b6 /home/legrs/fksb/MWSTAGE/MWSDK/TWENET/current/lib/libmwx_BLUE.a(mwx_appcore.o)
                0x000000000008544b                _MWX_vOnWakeup()
 .text.cbAppWarmStart
                0x0000000000085601       0xe6 /home/legrs/fksb/MWSTAGE/MWSDK/TWENET/current/lib/libmwx_BLUE.a(mwx_appcore.o)
                0x0000000000085601                cbAppWarmStart
 .text.cbToCoNet_vRxEvent
                0x00000000000856e7       0xc1 /home/legrs/fksb/MWSTAGE/MWSDK/TWENET/current/lib/libmwx_BLUE.a(mwx_appcore.o)
                0x00000000000856e7                cbToCoNet_vRxEvent
 .text._Z10on_tx_compRN3mwx2L112packet_ev_txERh
                0x00000000000857a8        0x6 /home/legrs/fksb/MWSTAGE/MWSDK/TWENET/current/lib/libmwx_BLUE.a(mwx_appcore.o)
                0x00000000000857a8                on_tx_comp(mwx::L1::packet_ev_tx&, unsigned char&)
 .text.cbToCoNet_vTxEvent
                0x00000000000857ae      0x157 /home/legrs/fksb/MWSTAGE/MWSDK/TWENET/current/lib/libmwx_BLUE.a(mwx_appcore.o)
                0x00000000000857ae                cbToCoNet_vTxEvent
 .text._ZN3mwx2L113serial_parserINS0_10alloc_heapIhEEEC2Ev
                0x0000000000085905       0x22 /home/legrs/fksb/MWSTAGE/MWSDK/TWENET/current/lib/libmwx_BLUE.a(mwx_appcore.o)
                0x0000000000085905                mwx::L1::serial_parser<mwx::L1::alloc_heap<unsigned char> >::serial_parser()
                0x0000000000085905                mwx::L1::serial_parser<mwx::L1::alloc_heap<unsigned char> >::serial_parser()
 .text._ZN3mwx2L111alloc_localISt4pairINS0_9packet_rxE11tsRxDataAppELi2EEC2Ev
                0x0000000000085927       0x47 /home/legrs/fksb/MWSTAGE/MWSDK/TWENET/current/lib/libmwx_BLUE.a(mwx_appcore.o)
                0x0000000000085927                mwx::L1::alloc_local<std::pair<mwx::L1::packet_rx, tsRxDataApp>, 2>::alloc_local()
                0x0000000000085927                mwx::L1::alloc_local<std::pair<mwx::L1::packet_rx, tsRxDataApp>, 2>::alloc_local()
 .text._ZN3mwx2L16twenetC2Ev
                0x000000000008596e       0x71 /home/legrs/fksb/MWSTAGE/MWSDK/TWENET/current/lib/libmwx_BLUE.a(mwx_appcore.o)
                0x000000000008596e                mwx::L1::twenet::twenet()
                0x000000000008596e                mwx::L1::twenet::twenet()
 .text.cbAppColdStart
                0x00000000000859df      0x19f /home/legrs/fksb/MWSTAGE/MWSDK/TWENET/current/lib/libmwx_BLUE.a(mwx_appcore.o)
                0x00000000000859df                cbAppColdStart
 .text._Znwm    0x0000000000085b7e       0x24 /home/legrs/fksb/MWSTAGE/MWSDK/TWENET/current/lib/libmwx_BLUE.a(mwx_memory.o)
                0x0000000000085b7e                operator new(unsigned long)
 .text._Znam    0x0000000000085ba2        0x2 /home/legrs/fksb/MWSTAGE/MWSDK/TWENET/current/lib/libmwx_BLUE.a(mwx_memory.o)
                0x0000000000085ba2                operator new[](unsigned long)
 .text._ZN3mwx2L114periph_buttons5beginEmht
                0x0000000000085ba4       0x70 /home/legrs/fksb/MWSTAGE/MWSDK/TWENET/current/lib/libmwx_BLUE.a(mwx_periph_buttons.o)
                0x0000000000085ba4                mwx::L1::periph_buttons::begin(unsigned long, unsigned char, unsigned short)
 .text._ZN3mwx2L114periph_buttons6_checkEv
                0x0000000000085c14       0xf8 /home/legrs/fksb/MWSTAGE/MWSDK/TWENET/current/lib/libmwx_BLUE.a(mwx_periph_buttons.o)
                0x0000000000085c14                mwx::L1::periph_buttons::_check()
 .text._ZN3mwx2L115periph_analogue11ADC_handlerEmm
                0x0000000000085d0c       0x9a /home/legrs/fksb/MWSTAGE/MWSDK/TWENET/current/lib/libmwx_BLUE.a(mwx_periph_analogue.o)
                0x0000000000085d0c                mwx::L1::periph_analogue::ADC_handler(unsigned long, unsigned long)
 .text._ZN3mwx2L110twenet_mac8transmitERNS0_9packet_txE
                0x0000000000085da6       0xb6 /home/legrs/fksb/MWSTAGE/MWSDK/TWENET/current/lib/libmwx_BLUE.a(mwx_nwk_simple.o)
                0x0000000000085da6                mwx::L1::twenet_mac::transmit(mwx::L1::packet_tx&)
 .text._ZN3mwx2L19NwkSimple9on_createERm
                0x0000000000085e5c       0x50 /home/legrs/fksb/MWSTAGE/MWSDK/TWENET/current/lib/libmwx_BLUE.a(mwx_nwk_simple.o)
                0x0000000000085e5c                mwx::L1::NwkSimple::on_create(unsigned long&)
 .text._ZN3mwx2L19NwkSimple8on_beginERm
                0x0000000000085eac       0x3e /home/legrs/fksb/MWSTAGE/MWSDK/TWENET/current/lib/libmwx_BLUE.a(mwx_nwk_simple.o)
                0x0000000000085eac                mwx::L1::NwkSimple::on_begin(unsigned long&)
 .text._ZN3mwx2L19NwkSimple8transmitERNS0_20packet_tx_nwk_simpleIS1_EE
                0x0000000000085eea      0x158 /home/legrs/fksb/MWSTAGE/MWSDK/TWENET/current/lib/libmwx_BLUE.a(mwx_nwk_simple.o)
                0x0000000000085eea                mwx::L1::NwkSimple::transmit(mwx::L1::packet_tx_nwk_simple<mwx::L1::NwkSimple>&)
 .text._ZN3mwx2L19NwkSimple16cbTweNet_u8HwIntEmm
                0x0000000000086042        0x5 /home/legrs/fksb/MWSTAGE/MWSDK/TWENET/current/lib/libmwx_BLUE.a(mwx_nwk_simple.o)
                0x0000000000086042                mwx::L1::NwkSimple::cbTweNet_u8HwInt(unsigned long, unsigned long)
 .text._ZN3mwx2L19NwkSimple17cbTweNet_vHwEventEmm
                0x0000000000086047        0x3 /home/legrs/fksb/MWSTAGE/MWSDK/TWENET/current/lib/libmwx_BLUE.a(mwx_nwk_simple.o)
                0x0000000000086047                mwx::L1::NwkSimple::cbTweNet_vHwEvent(unsigned long, unsigned long)
 .text._ZN3mwx2L19NwkSimple19processStateMachineEP8_tsEvent7teEventm
                0x000000000008604a       0x26 /home/legrs/fksb/MWSTAGE/MWSDK/TWENET/current/lib/libmwx_BLUE.a(mwx_nwk_simple.o)
                0x000000000008604a                mwx::L1::NwkSimple::processStateMachine(_tsEvent*, teEvent, unsigned long)
 .text._ZN3mwx2L113_expand_bytesIIRmRhEEEiPKhS5_S2_DpOT_
                0x0000000000086070       0x71 /home/legrs/fksb/MWSTAGE/MWSDK/TWENET/current/lib/libmwx_BLUE.a(mwx_nwk_simple.o)
                0x0000000000086070                _ZN3mwx2L113_expand_bytesIJRmRhEEEiPKhS5_S2_DpOT_
                0x0000000000086070                int mwx::L1::_expand_bytes<unsigned long&, unsigned char&>(unsigned char const*, unsigned char const*, unsigned long&, unsigned long&, unsigned char&)
 .text._ZN3mwx2L19NwkSimple7receiveERNS0_9packet_rxE
                0x00000000000860e1      0x294 /home/legrs/fksb/MWSTAGE/MWSDK/TWENET/current/lib/libmwx_BLUE.a(mwx_nwk_simple.o)
                0x00000000000860e1                mwx::L1::NwkSimple::receive(mwx::L1::packet_rx&)
 .text._ZN3mwx2L117duplciate_checker14_node_ele_initEPNS1_9_node_eleE
                0x0000000000086375       0x1e /home/legrs/fksb/MWSTAGE/MWSDK/TWENET/current/lib/libmwx_BLUE.a(mwx_duplicate_checker.o)
                0x0000000000086375                mwx::L1::duplciate_checker::_node_ele_init(mwx::L1::duplciate_checker::_node_ele*)
 .text._ZN3mwx2L117duplciate_checker5beginEv
                0x0000000000086393       0xaa /home/legrs/fksb/MWSTAGE/MWSDK/TWENET/current/lib/libmwx_BLUE.a(mwx_duplicate_checker.o)
                0x0000000000086393                mwx::L1::duplciate_checker::begin()
 .text._ZN3mwx2L117duplciate_checker15_node_ele_cleanEPNS1_9_node_eleE
                0x000000000008643d       0x52 /home/legrs/fksb/MWSTAGE/MWSDK/TWENET/current/lib/libmwx_BLUE.a(mwx_duplicate_checker.o)
                0x000000000008643d                mwx::L1::duplciate_checker::_node_ele_clean(mwx::L1::duplciate_checker::_node_ele*)
 .text._ZN3mwx2L117duplciate_checker5cleanEv
                0x000000000008648f       0x51 /home/legrs/fksb/MWSTAGE/MWSDK/TWENET/current/lib/libmwx_BLUE.a(mwx_duplicate_checker.o)
                0x000000000008648f                mwx::L1::duplciate_checker::clean()
 .text._ZN3mwx2L117duplciate_checker13_node_ele_addEPNS1_9_node_eleEh
                0x00000000000864e0       0x38 /home/legrs/fksb/MWSTAGE/MWSDK/TWENET/current/lib/libmwx_BLUE.a(mwx_duplicate_checker.o)
                0x00000000000864e0                mwx::L1::duplciate_checker::_node_ele_add(mwx::L1::duplciate_checker::_node_ele*, unsigned char)
 .text._ZN3mwx2L117duplciate_checker3addEmh
                0x0000000000086518      0x1e6 /home/legrs/fksb/MWSTAGE/MWSDK/TWENET/current/lib/libmwx_BLUE.a(mwx_duplicate_checker.o)
                0x0000000000086518                mwx::L1::duplciate_checker::add(unsigned long, unsigned char)
 .text.pvAppApiDefGetMacHandle
                0x00000000000866fe        0x9 /home/legrs/fksb/MWSTAGE/MWSDK/ChipLib/SW4063V1416/Components/Library/libAppApi_JN516x.a(AppApi.o)
                0x00000000000866fe                pvAppApiDefGetMacHandle
 .text.vAppApiDefMlmeRequest
                0x0000000000086707       0x2f /home/legrs/fksb/MWSTAGE/MWSDK/ChipLib/SW4063V1416/Components/Library/libAppApi_JN516x.a(AppApi.o)
                0x0000000000086707                vAppApiDefMlmeRequest
 .text.vAppApiDefMcpsRequest
                0x0000000000086736       0x2f /home/legrs/fksb/MWSTAGE/MWSDK/ChipLib/SW4063V1416/Components/Library/libAppApi_JN516x.a(AppApi.o)
                0x0000000000086736                vAppApiDefMcpsRequest
 .text.eAppApiDefPlmeSet
                0x0000000000086765       0x2d /home/legrs/fksb/MWSTAGE/MWSDK/ChipLib/SW4063V1416/Components/Library/libAppApi_JN516x.a(AppApi.o)
                0x0000000000086765                eAppApiDefPlmeSet
 .text.eAppApiDefPlmeGet
                0x0000000000086792       0x2d /home/legrs/fksb/MWSTAGE/MWSDK/ChipLib/SW4063V1416/Components/Library/libAppApi_JN516x.a(AppApi.o)
                0x0000000000086792                eAppApiDefPlmeGet
 .text.vAppApiDefPowerUp
                0x00000000000867bf       0x1d /home/legrs/fksb/MWSTAGE/MWSDK/ChipLib/SW4063V1416/Components/Library/libAppApi_JN516x.a(AppApi.o)
                0x00000000000867bf                vAppApiDefPowerUp
 .text.vAppApiDefStartStack
                0x00000000000867dc       0x51 /home/legrs/fksb/MWSTAGE/MWSDK/ChipLib/SW4063V1416/Components/Library/libAppApi_JN516x.a(AppApi.o)
                0x00000000000867dc                vAppApiDefStartStack
 .text.vAppApiDefSetPrbsSeed
                0x000000000008682d       0x24 /home/legrs/fksb/MWSTAGE/MWSDK/ChipLib/SW4063V1416/Components/Library/libAppApi_JN516x.a(AppApi.o)
                0x000000000008682d                vAppApiDefSetPrbsSeed
 .text.vAppApiDefSetInterrupts
                0x0000000000086851       0x34 /home/legrs/fksb/MWSTAGE/MWSDK/ChipLib/SW4063V1416/Components/Library/libAppApi_JN516x.a(AppApi.o)
                0x0000000000086851                vAppApiDefSetInterrupts
 .text.u32AppApiDefInit
                0x0000000000086885       0x5a /home/legrs/fksb/MWSTAGE/MWSDK/ChipLib/SW4063V1416/Components/Library/libAppApi_JN516x.a(AppApi.o)
                0x0000000000086885                u32AppApiDefInit
 .text.pvAppApiDefGetMacAddrLocation
                0x00000000000868df        0x9 /home/legrs/fksb/MWSTAGE/MWSDK/ChipLib/SW4063V1416/Components/Library/libAppApi_JN516x.a(AppApi.o)
                0x00000000000868df                pvAppApiDefGetMacAddrLocation
 .text.vAppApiDefSaveMacSettings
                0x00000000000868e8       0x5d /home/legrs/fksb/MWSTAGE/MWSDK/ChipLib/SW4063V1416/Components/Library/libAppApi_JN516x.a(AppApiSleep.o)
                0x00000000000868e8                vAppApiDefSaveMacSettings
 .text.vMAC_RestoreSettings
                0x0000000000086945       0xbc /home/legrs/fksb/MWSTAGE/MWSDK/ChipLib/SW4063V1416/Components/Library/libAppApi_JN516x.a(AppApiSleep.o)
                0x0000000000086945                vMAC_RestoreSettings
 .text.vAppApiDefRestoreMacSettings
                0x0000000000086a01       0x1c /home/legrs/fksb/MWSTAGE/MWSDK/ChipLib/SW4063V1416/Components/Library/libAppApi_JN516x.a(AppApiSleep.o)
                0x0000000000086a01                vAppApiDefRestoreMacSettings
 .text.vSetTimer0
                0x0000000000086a1d        0xf /home/legrs/fksb/MWSTAGE/MWSDK/ChipLib/SW4063V1416/Components/Library/libMAC_JN516x.a(mac_main.o)
                0x0000000000086a1d                vSetTimer0
 .text.u32GetTimer0
                0x0000000000086a2c        0x7 /home/legrs/fksb/MWSTAGE/MWSDK/ChipLib/SW4063V1416/Components/Library/libMAC_JN516x.a(mac_main.o)
                0x0000000000086a2c                u32GetTimer0
 .text.mac_vInitTimer0
                0x0000000000086a33       0x1d /home/legrs/fksb/MWSTAGE/MWSDK/ChipLib/SW4063V1416/Components/Library/libMAC_JN516x.a(mac_main.o)
                0x0000000000086a33                mac_vInitTimer0
 .text.MAC_pvCtor
                0x0000000000086a50       0x6d /home/legrs/fksb/MWSTAGE/MWSDK/ChipLib/SW4063V1416/Components/Library/libMAC_JN516x.a(mac_main.o)
                0x0000000000086a50                MAC_pvCtor
 .text.MAC_vXcvBbcEvtHandler
                0x0000000000086abd       0x16 /home/legrs/fksb/MWSTAGE/MWSDK/ChipLib/SW4063V1416/Components/Library/libMAC_JN516x.a(mac_main.o)
                0x0000000000086abd                MAC_vXcvBbcEvtHandler
 .text.MAC_vXcvPhyEvtHandler
                0x0000000000086ad3        0xd /home/legrs/fksb/MWSTAGE/MWSDK/ChipLib/SW4063V1416/Components/Library/libMAC_JN516x.a(mac_main.o)
                0x0000000000086ad3                MAC_vXcvPhyEvtHandler
 .text.MAC_vHandleMcpsReqRsp
                0x0000000000086ae0       0x28 /home/legrs/fksb/MWSTAGE/MWSDK/ChipLib/SW4063V1416/Components/Library/libMAC_JN516x.a(mac_mcps.o)
                0x0000000000086ae0                MAC_vHandleMcpsReqRsp
 .text.vHandleTofRequest
                0x0000000000086b08       0x12 /home/legrs/fksb/MWSTAGE/MWSDK/ChipLib/SW4063V1416/Components/Library/libMAC_JN516x.a(mac_mlme.o)
 *fill*         0x0000000000086b1a        0x2 00
 .text.MAC_vHandleMlmeReqRsp
                0x0000000000086b1c       0x8c /home/legrs/fksb/MWSTAGE/MWSDK/ChipLib/SW4063V1416/Components/Library/libMAC_JN516x.a(mac_mlme.o)
                0x0000000000086b1c                MAC_vHandleMlmeReqRsp
 .text.MAC_psPibGetHandle
                0x0000000000086ba8        0x7 /home/legrs/fksb/MWSTAGE/MWSDK/ChipLib/SW4063V1416/Components/Library/libMAC_JN516x.a(mac_pib.o)
                0x0000000000086ba8                MAC_psPibGetHandle
 .text.MAC_vPibSetShortAddr
                0x0000000000086baf        0xe /home/legrs/fksb/MWSTAGE/MWSDK/ChipLib/SW4063V1416/Components/Library/libMAC_JN516x.a(mac_pib.o)
                0x0000000000086baf                MAC_vPibSetShortAddr
 .text.MAC_vPibSetPanId
                0x0000000000086bbd       0x1b /home/legrs/fksb/MWSTAGE/MWSDK/ChipLib/SW4063V1416/Components/Library/libMAC_JN516x.a(mac_pib.o)
                0x0000000000086bbd                MAC_vPibSetPanId
 .text.MAC_vPibSetMinBe
                0x0000000000086bd8       0x1e /home/legrs/fksb/MWSTAGE/MWSDK/ChipLib/SW4063V1416/Components/Library/libMAC_JN516x.a(mac_pib.o)
                0x0000000000086bd8                MAC_vPibSetMinBe
 .text.MAC_vPibSetMaxCsmaBackoffs
                0x0000000000086bf6       0x21 /home/legrs/fksb/MWSTAGE/MWSDK/ChipLib/SW4063V1416/Components/Library/libMAC_JN516x.a(mac_pib.o)
                0x0000000000086bf6                MAC_vPibSetMaxCsmaBackoffs
 .text.MAC_vPibSetRxOnWhenIdle
                0x0000000000086c17       0x10 /home/legrs/fksb/MWSTAGE/MWSDK/ChipLib/SW4063V1416/Components/Library/libMAC_JN516x.a(mac_pib.o)
                0x0000000000086c17                MAC_vPibSetRxOnWhenIdle
 .text.MAC_vPibSetPromiscuousMode
                0x0000000000086c27       0x3e /home/legrs/fksb/MWSTAGE/MWSDK/ChipLib/SW4063V1416/Components/Library/libMAC_JN516x.a(mac_pib.o)
                0x0000000000086c27                MAC_vPibSetPromiscuousMode
 .text.MAC_vSetExtAddr
                0x0000000000086c65       0x1f /home/legrs/fksb/MWSTAGE/MWSDK/ChipLib/SW4063V1416/Components/Library/libMAC_JN516x.a(mac_pib.o)
                0x0000000000086c65                MAC_vSetExtAddr
 .text.mac_vPibSetDefaults
                0x0000000000086c84      0x11b /home/legrs/fksb/MWSTAGE/MWSDK/ChipLib/SW4063V1416/Components/Library/libMAC_JN516x.a(mac_pib_mlme.o)
                0x0000000000086c84                mac_vPibSetDefaults
 .text.mac_vPibReset
                0x0000000000086d9f       0x91 /home/legrs/fksb/MWSTAGE/MWSDK/ChipLib/SW4063V1416/Components/Library/libMAC_JN516x.a(mac_pib_mlme.o)
                0x0000000000086d9f                mac_vPibReset
 .text.mac_vPibCmpCoordExtAddr
                0x0000000000086e30       0x24 /home/legrs/fksb/MWSTAGE/MWSDK/ChipLib/SW4063V1416/Components/Library/libMAC_JN516x.a(mac_pib_mlme.o)
                0x0000000000086e30                mac_vPibCmpCoordExtAddr
 .text.bPMICdisassocReqSent
                0x0000000000086e54       0x78 /home/legrs/fksb/MWSTAGE/MWSDK/ChipLib/SW4063V1416/Components/Library/libMAC_JN516x.a(mac_pmic.o)
 .text.bAssocRespSent
                0x0000000000086ecc       0x14 /home/legrs/fksb/MWSTAGE/MWSDK/ChipLib/SW4063V1416/Components/Library/libMAC_JN516x.a(mac_pmic.o)
 .text.vPMICreset
                0x0000000000086ee0        0xd /home/legrs/fksb/MWSTAGE/MWSDK/ChipLib/SW4063V1416/Components/Library/libMAC_JN516x.a(mac_pmic.o)
                0x0000000000086ee0                vPMICreset
 .text.vPMICassociateRequest
                0x0000000000086eed       0xcf /home/legrs/fksb/MWSTAGE/MWSDK/ChipLib/SW4063V1416/Components/Library/libMAC_JN516x.a(mac_pmic.o)
                0x0000000000086eed                vPMICassociateRequest
 .text.vPMICassociateResponse
                0x0000000000086fbc       0xcb /home/legrs/fksb/MWSTAGE/MWSDK/ChipLib/SW4063V1416/Components/Library/libMAC_JN516x.a(mac_pmic.o)
                0x0000000000086fbc                vPMICassociateResponse
 .text.vPMICdisassociateRequest
                0x0000000000087087       0xd1 /home/legrs/fksb/MWSTAGE/MWSDK/ChipLib/SW4063V1416/Components/Library/libMAC_JN516x.a(mac_pmic.o)
                0x0000000000087087                vPMICdisassociateRequest
 .text.vPMICassocRespFrameReceived
                0x0000000000087158       0x7d /home/legrs/fksb/MWSTAGE/MWSDK/ChipLib/SW4063V1416/Components/Library/libMAC_JN516x.a(mac_pmic.o)
                0x0000000000087158                vPMICassocRespFrameReceived
 .text.vPMICdisassocReceived
                0x00000000000871d5       0x84 /home/legrs/fksb/MWSTAGE/MWSDK/ChipLib/SW4063V1416/Components/Library/libMAC_JN516x.a(mac_pmic.o)
                0x00000000000871d5                vPMICdisassocReceived
 .text.vPMICassocReqFrameReceived
                0x0000000000087259       0x6a /home/legrs/fksb/MWSTAGE/MWSDK/ChipLib/SW4063V1416/Components/Library/libMAC_JN516x.a(mac_pmic.o)
                0x0000000000087259                vPMICassocReqFrameReceived
 .text.vPMICpostFailedAssocDcfm
                0x00000000000872c3       0x36 /home/legrs/fksb/MWSTAGE/MWSDK/ChipLib/SW4063V1416/Components/Library/libMAC_JN516x.a(mac_pmic.o)
                0x00000000000872c3                vPMICpostFailedAssocDcfm
 .text.bPMICassocReqSent
                0x00000000000872f9       0x7e /home/legrs/fksb/MWSTAGE/MWSDK/ChipLib/SW4063V1416/Components/Library/libMAC_JN516x.a(mac_pmic.o)
 .text.vPMICassocReqTO_1
                0x0000000000087377       0x7e /home/legrs/fksb/MWSTAGE/MWSDK/ChipLib/SW4063V1416/Components/Library/libMAC_JN516x.a(mac_pmic.o)
 .text.bPMICassocReqPollSent
                0x00000000000873f5       0x4f /home/legrs/fksb/MWSTAGE/MWSDK/ChipLib/SW4063V1416/Components/Library/libMAC_JN516x.a(mac_pmic.o)
 .text.vPMICassocReqTO_2
                0x0000000000087444       0x19 /home/legrs/fksb/MWSTAGE/MWSDK/ChipLib/SW4063V1416/Components/Library/libMAC_JN516x.a(mac_pmic.o)
 .text.MAC_vRegisterMlmeDcfmIndCallbacks
                0x000000000008745d        0x6 /home/legrs/fksb/MWSTAGE/MWSDK/ChipLib/SW4063V1416/Components/Library/libMAC_JN516x.a(mac_ind.o)
                0x000000000008745d                MAC_vRegisterMlmeDcfmIndCallbacks
 .text.MAC_vRegisterMcpsDcfmIndCallbacks
                0x0000000000087463        0x6 /home/legrs/fksb/MWSTAGE/MWSDK/ChipLib/SW4063V1416/Components/Library/libMAC_JN516x.a(mac_ind.o)
                0x0000000000087463                MAC_vRegisterMcpsDcfmIndCallbacks
 .text.mac_psDcfmIndGetBuf
                0x0000000000087469       0x21 /home/legrs/fksb/MWSTAGE/MWSDK/ChipLib/SW4063V1416/Components/Library/libMAC_JN516x.a(mac_ind.o)
                0x0000000000087469                mac_psDcfmIndGetBuf
 .text.mac_eDcfmIndPost
                0x000000000008748a       0x21 /home/legrs/fksb/MWSTAGE/MWSDK/ChipLib/SW4063V1416/Components/Library/libMAC_JN516x.a(mac_ind.o)
                0x000000000008748a                mac_eDcfmIndPost
 .text.eGenlIllegal
                0x00000000000874ab        0x7 /home/legrs/fksb/MWSTAGE/MWSDK/ChipLib/SW4063V1416/Components/Library/libMAC_JN516x.a(mac_scan.o)
 .text.eGenlDontCare
                0x00000000000874b2        0x5 /home/legrs/fksb/MWSTAGE/MWSDK/ChipLib/SW4063V1416/Components/Library/libMAC_JN516x.a(mac_scan.o)
 .text.eWEnDEdDone
                0x00000000000874b7       0x5b /home/legrs/fksb/MWSTAGE/MWSDK/ChipLib/SW4063V1416/Components/Library/libMAC_JN516x.a(mac_scan.o)
 .text.eWEnDTmrExpiry
                0x0000000000087512        0xb /home/legrs/fksb/MWSTAGE/MWSDK/ChipLib/SW4063V1416/Components/Library/libMAC_JN516x.a(mac_scan.o)
 .text.vPostDcfm
                0x000000000008751d       0xd4 /home/legrs/fksb/MWSTAGE/MWSDK/ChipLib/SW4063V1416/Components/Library/libMAC_JN516x.a(mac_scan.o)
 .text.eWCoRRxDone
                0x00000000000875f1       0x97 /home/legrs/fksb/MWSTAGE/MWSDK/ChipLib/SW4063V1416/Components/Library/libMAC_JN516x.a(mac_scan.o)
 .text.eGenRxHdrDone
                0x0000000000087688       0x10 /home/legrs/fksb/MWSTAGE/MWSDK/ChipLib/SW4063V1416/Components/Library/libMAC_JN516x.a(mac_scan.o)
 .text.eWONTTxDone
                0x0000000000087698       0x2e /home/legrs/fksb/MWSTAGE/MWSDK/ChipLib/SW4063V1416/Components/Library/libMAC_JN516x.a(mac_scan.o)
 .text.eWBRTTxDone
                0x00000000000876c6       0x1e /home/legrs/fksb/MWSTAGE/MWSDK/ChipLib/SW4063V1416/Components/Library/libMAC_JN516x.a(mac_scan.o)
 .text.eWBcnRxDone
                0x00000000000876e4      0x194 /home/legrs/fksb/MWSTAGE/MWSDK/ChipLib/SW4063V1416/Components/Library/libMAC_JN516x.a(mac_scan.o)
 .text.eWChCChanChgd
                0x0000000000087878      0x197 /home/legrs/fksb/MWSTAGE/MWSDK/ChipLib/SW4063V1416/Components/Library/libMAC_JN516x.a(mac_scan.o)
 .text.eScanHandleEvt
                0x0000000000087a0f       0x32 /home/legrs/fksb/MWSTAGE/MWSDK/ChipLib/SW4063V1416/Components/Library/libMAC_JN516x.a(mac_scan.o)
                0x0000000000087a0f                eScanHandleEvt
 .text.vScanHandleTimer
                0x0000000000087a41        0x4 /home/legrs/fksb/MWSTAGE/MWSDK/ChipLib/SW4063V1416/Components/Library/libMAC_JN516x.a(mac_scan.o)
 .text.mac_eScanInit
                0x0000000000087a45       0x16 /home/legrs/fksb/MWSTAGE/MWSDK/ChipLib/SW4063V1416/Components/Library/libMAC_JN516x.a(mac_scan.o)
                0x0000000000087a45                mac_eScanInit
 .text.mac_eScanHandleXcvBbcEvt
                0x0000000000087a5b        0xb /home/legrs/fksb/MWSTAGE/MWSDK/ChipLib/SW4063V1416/Components/Library/libMAC_JN516x.a(mac_scan.o)
                0x0000000000087a5b                mac_eScanHandleXcvBbcEvt
 .text.mac_eScanHandleXcvPhyEvt
                0x0000000000087a66        0xb /home/legrs/fksb/MWSTAGE/MWSDK/ChipLib/SW4063V1416/Components/Library/libMAC_JN516x.a(mac_scan.o)
                0x0000000000087a66                mac_eScanHandleXcvPhyEvt
 .text.vSetNextChannel
                0x0000000000087a71       0x58 /home/legrs/fksb/MWSTAGE/MWSDK/ChipLib/SW4063V1416/Components/Library/libMAC_JN516x.a(mac_scan.o)
 .text.mac_vScanHandleMlmeReq
                0x0000000000087ac9       0xaa /home/legrs/fksb/MWSTAGE/MWSDK/ChipLib/SW4063V1416/Components/Library/libMAC_JN516x.a(mac_scan.o)
                0x0000000000087ac9                mac_vScanHandleMlmeReq
 .text.eGenTmrExpiry
                0x0000000000087b73       0x42 /home/legrs/fksb/MWSTAGE/MWSDK/ChipLib/SW4063V1416/Components/Library/libMAC_JN516x.a(mac_scan.o)
 .text.eWEDTEdDone
                0x0000000000087bb5       0x24 /home/legrs/fksb/MWSTAGE/MWSDK/ChipLib/SW4063V1416/Components/Library/libMAC_JN516x.a(mac_scan.o)
 .text.mac_u32LPBGetBeaconTimeout
                0x0000000000087bd9        0x9 /home/legrs/fksb/MWSTAGE/MWSDK/ChipLib/SW4063V1416/Components/Library/libMAC_JN516x.a(mac_lp.o)
                0x0000000000087bd9                mac_u32LPBGetBeaconTimeout
 .text.mac_vLPBStopTimer
                0x0000000000087be2        0xb /home/legrs/fksb/MWSTAGE/MWSDK/ChipLib/SW4063V1416/Components/Library/libMAC_JN516x.a(mac_lp.o)
                0x0000000000087be2                mac_vLPBStopTimer
 .text.mac_vLPBAdjustBeaconOffset
                0x0000000000087bed       0x5d /home/legrs/fksb/MWSTAGE/MWSDK/ChipLib/SW4063V1416/Components/Library/libMAC_JN516x.a(mac_lp.o)
                0x0000000000087bed                mac_vLPBAdjustBeaconOffset
 .text.mac_vLPBSleep
                0x0000000000087c4a       0x4c /home/legrs/fksb/MWSTAGE/MWSDK/ChipLib/SW4063V1416/Components/Library/libMAC_JN516x.a(mac_lp.o)
                0x0000000000087c4a                mac_vLPBSleep
 .text.MAC_u32ConvertFrom16uS
                0x0000000000087c96       0x3a /home/legrs/fksb/MWSTAGE/MWSDK/ChipLib/SW4063V1416/Components/Library/libMAC_JN516x.a(mac_lp.o)
                0x0000000000087c96                MAC_u32ConvertFrom16uS
 .text.mac_vLPBStartTimer
                0x0000000000087cd0       0x7f /home/legrs/fksb/MWSTAGE/MWSDK/ChipLib/SW4063V1416/Components/Library/libMAC_JN516x.a(mac_lp.o)
                0x0000000000087cd0                mac_vLPBStartTimer
 .text.bSearchQueue
                0x0000000000087d4f       0x2f /home/legrs/fksb/MWSTAGE/MWSDK/ChipLib/SW4063V1416/Components/Library/libMAC_JN516x.a(MCPS.o)
 .text.bMCPSframeTXcomplete
                0x0000000000087d7e       0x53 /home/legrs/fksb/MWSTAGE/MWSDK/ChipLib/SW4063V1416/Components/Library/libMAC_JN516x.a(MCPS.o)
 .text.vTAM_MCPSdataRequest
                0x0000000000087dd1       0x43 /home/legrs/fksb/MWSTAGE/MWSDK/ChipLib/SW4063V1416/Components/Library/libMAC_JN516x.a(MCPS.o)
                0x0000000000087dd1                vTAM_MCPSdataRequest
 .text.vTAM_MCPSpurgeRequest
                0x0000000000087e14       0x5d /home/legrs/fksb/MWSTAGE/MWSDK/ChipLib/SW4063V1416/Components/Library/libMAC_JN516x.a(MCPS.o)
                0x0000000000087e14                vTAM_MCPSpurgeRequest
 .text.vMCPSframeReceived
                0x0000000000087e71       0x4e /home/legrs/fksb/MWSTAGE/MWSDK/ChipLib/SW4063V1416/Components/Library/libMAC_JN516x.a(MCPS.o)
                0x0000000000087e71                vMCPSframeReceived
 .text.phy_ePibSet.part.1
                0x0000000000087ebf       0x66 /home/legrs/fksb/MWSTAGE/MWSDK/ChipLib/SW4063V1416/Components/Library/libMAC_JN516x.a(phy_pib.o)
 .text.phy_ePibGet
                0x0000000000087f25       0x33 /home/legrs/fksb/MWSTAGE/MWSDK/ChipLib/SW4063V1416/Components/Library/libMAC_JN516x.a(phy_pib.o)
                0x0000000000087f25                phy_ePibGet
 .text.vPhySetChannel
                0x0000000000087f58       0x97 /home/legrs/fksb/MWSTAGE/MWSDK/ChipLib/SW4063V1416/Components/Library/libMAC_JN516x.a(phy_pib.o)
                0x0000000000087f58                vPhySetChannel
 .text.phy_ePibSet
                0x0000000000087fef       0x3d /home/legrs/fksb/MWSTAGE/MWSDK/ChipLib/SW4063V1416/Components/Library/libMAC_JN516x.a(phy_pib.o)
                0x0000000000087fef                phy_ePibSet
 .text.phy_vPibSetDefaults
                0x000000000008802c       0x1e /home/legrs/fksb/MWSTAGE/MWSDK/ChipLib/SW4063V1416/Components/Library/libMAC_JN516x.a(phy_pib.o)
                0x000000000008802c                phy_vPibSetDefaults
 .text.bTAMinPAN
                0x000000000008804a       0x14 /home/legrs/fksb/MWSTAGE/MWSDK/ChipLib/SW4063V1416/Components/Library/libMAC_JN516x.a(TAM.o)
                0x000000000008804a                bTAMinPAN
 .text.vTAM_MLMEstartRequest
                0x000000000008805e       0x7d /home/legrs/fksb/MWSTAGE/MWSDK/ChipLib/SW4063V1416/Components/Library/libMAC_JN516x.a(TAM.o)
                0x000000000008805e                vTAM_MLMEstartRequest
 .text.vTAM_MLMEsyncRequest
                0x00000000000880db       0x18 /home/legrs/fksb/MWSTAGE/MWSDK/ChipLib/SW4063V1416/Components/Library/libMAC_JN516x.a(TAM.o)
                0x00000000000880db                vTAM_MLMEsyncRequest
 *fill*         0x00000000000880f3        0x1 00
 .text.eTAMselect
                0x00000000000880f4      0x134 /home/legrs/fksb/MWSTAGE/MWSDK/ChipLib/SW4063V1416/Components/Library/libMAC_JN516x.a(TAM.o)
                0x00000000000880f4                eTAMselect
 .text.vTAMreset
                0x0000000000088228      0x1b7 /home/legrs/fksb/MWSTAGE/MWSDK/ChipLib/SW4063V1416/Components/Library/libMAC_JN516x.a(TAM.o)
                0x0000000000088228                vTAMreset
 .text.eTAMevent
                0x00000000000883df       0x17 /home/legrs/fksb/MWSTAGE/MWSDK/ChipLib/SW4063V1416/Components/Library/libMAC_JN516x.a(TAM.o)
                0x00000000000883df                eTAMevent
 .text.vTrySendFromDirectCAP
                0x00000000000883f6       0x1f /home/legrs/fksb/MWSTAGE/MWSDK/ChipLib/SW4063V1416/Components/Library/libMAC_JN516x.a(TAMCO.o)
 .text.vTrySendFromDirectNoBeacon
                0x0000000000088415       0x2f /home/legrs/fksb/MWSTAGE/MWSDK/ChipLib/SW4063V1416/Components/Library/libMAC_JN516x.a(TAMCO.o)
 .text.vTAMCOint1Fired
                0x0000000000088444       0xd1 /home/legrs/fksb/MWSTAGE/MWSDK/ChipLib/SW4063V1416/Components/Library/libMAC_JN516x.a(TAMCO.o)
                0x0000000000088444                vTAMCOint1Fired
 .text.vTAMCOframeTXbeacon
                0x0000000000088515       0xb0 /home/legrs/fksb/MWSTAGE/MWSDK/ChipLib/SW4063V1416/Components/Library/libMAC_JN516x.a(TAMCO.o)
                0x0000000000088515                vTAMCOframeTXbeacon
 .text.vTAMCOint2Fired
                0x00000000000885c5       0x21 /home/legrs/fksb/MWSTAGE/MWSDK/ChipLib/SW4063V1416/Components/Library/libMAC_JN516x.a(TAMCO.o)
                0x00000000000885c5                vTAMCOint2Fired
 .text.vTAMCOframeTXgoingIdle
                0x00000000000885e6       0x19 /home/legrs/fksb/MWSTAGE/MWSDK/ChipLib/SW4063V1416/Components/Library/libMAC_JN516x.a(TAMCO.o)
                0x00000000000885e6                vTAMCOframeTXgoingIdle
 .text.vTAMCOint1FiredCAP
                0x00000000000885ff       0x78 /home/legrs/fksb/MWSTAGE/MWSDK/ChipLib/SW4063V1416/Components/Library/libMAC_JN516x.a(TAMCO.o)
                0x00000000000885ff                vTAMCOint1FiredCAP
 .text.vTAMCOframeTXcap
                0x0000000000088677       0x24 /home/legrs/fksb/MWSTAGE/MWSDK/ChipLib/SW4063V1416/Components/Library/libMAC_JN516x.a(TAMCO.o)
                0x0000000000088677                vTAMCOframeTXcap
 .text.vTAMCOframeRXcap
                0x000000000008869b       0x12 /home/legrs/fksb/MWSTAGE/MWSDK/ChipLib/SW4063V1416/Components/Library/libMAC_JN516x.a(TAMCO.o)
                0x000000000008869b                vTAMCOframeRXcap
 .text.vTAMCOframeRXgoingIdle
                0x00000000000886ad       0x16 /home/legrs/fksb/MWSTAGE/MWSDK/ChipLib/SW4063V1416/Components/Library/libMAC_JN516x.a(TAMCO.o)
                0x00000000000886ad                vTAMCOframeRXgoingIdle
 .text.vTAMCOframeTXnobeacon
                0x00000000000886c3       0x15 /home/legrs/fksb/MWSTAGE/MWSDK/ChipLib/SW4063V1416/Components/Library/libMAC_JN516x.a(TAMCO.o)
                0x00000000000886c3                vTAMCOframeTXnobeacon
 .text.vTAMCOframeRXnobeacon
                0x00000000000886d8       0x12 /home/legrs/fksb/MWSTAGE/MWSDK/ChipLib/SW4063V1416/Components/Library/libMAC_JN516x.a(TAMCO.o)
                0x00000000000886d8                vTAMCOframeRXnobeacon
 .text.vTAMCOreqTXnoBeacon
                0x00000000000886ea       0x12 /home/legrs/fksb/MWSTAGE/MWSDK/ChipLib/SW4063V1416/Components/Library/libMAC_JN516x.a(TAMCO.o)
                0x00000000000886ea                vTAMCOreqTXnoBeacon
 .text.vTAMCOreqTXinCAP
                0x00000000000886fc       0x29 /home/legrs/fksb/MWSTAGE/MWSDK/ChipLib/SW4063V1416/Components/Library/libMAC_JN516x.a(TAMCO.o)
                0x00000000000886fc                vTAMCOreqTXinCAP
 .text.vTAMCOsetCoordinator
                0x0000000000088725       0x29 /home/legrs/fksb/MWSTAGE/MWSDK/ChipLib/SW4063V1416/Components/Library/libMAC_JN516x.a(TAMCO.o)
                0x0000000000088725                vTAMCOsetCoordinator
 .text.vTAMCOstartBeacon
                0x000000000008874e       0x3c /home/legrs/fksb/MWSTAGE/MWSDK/ChipLib/SW4063V1416/Components/Library/libMAC_JN516x.a(TAMCO.o)
                0x000000000008874e                vTAMCOstartBeacon
 .text.vStartStoreValues
                0x000000000008878a       0xc1 /home/legrs/fksb/MWSTAGE/MWSDK/ChipLib/SW4063V1416/Components/Library/libMAC_JN516x.a(TAMCO.o)
 .text.vTAMCO_MLMEstartRequest
                0x000000000008884b      0x103 /home/legrs/fksb/MWSTAGE/MWSDK/ChipLib/SW4063V1416/Components/Library/libMAC_JN516x.a(TAMCO.o)
                0x000000000008884b                vTAMCO_MLMEstartRequest
 .text.bStartCallback
                0x000000000008894e       0x29 /home/legrs/fksb/MWSTAGE/MWSDK/ChipLib/SW4063V1416/Components/Library/libMAC_JN516x.a(TAMCO.o)
 .text.vTAMCOframeStarting
                0x0000000000088977       0x19 /home/legrs/fksb/MWSTAGE/MWSDK/ChipLib/SW4063V1416/Components/Library/libMAC_JN516x.a(TAMCO.o)
                0x0000000000088977                vTAMCOframeStarting
 .text.vTAMCOupdatePendingList
                0x0000000000088990       0xc5 /home/legrs/fksb/MWSTAGE/MWSDK/ChipLib/SW4063V1416/Components/Library/libMAC_JN516x.a(TAMCO.o)
                0x0000000000088990                vTAMCOupdatePendingList
 .text.vSetPHYfromMacValue
                0x0000000000088a55       0x3f /home/legrs/fksb/MWSTAGE/MWSDK/ChipLib/SW4063V1416/Components/Library/libMAC_JN516x.a(TAMDE.o)
 .text.vTrySendUnslotted
                0x0000000000088a94       0x1c /home/legrs/fksb/MWSTAGE/MWSDK/ChipLib/SW4063V1416/Components/Library/libMAC_JN516x.a(TAMDE.o)
 .text.bSendDataRequest
                0x0000000000088ab0      0x108 /home/legrs/fksb/MWSTAGE/MWSDK/ChipLib/SW4063V1416/Components/Library/libMAC_JN516x.a(TAMDE.o)
 .text.bProcessBeaconRX
                0x0000000000088bb8       0xde /home/legrs/fksb/MWSTAGE/MWSDK/ChipLib/SW4063V1416/Components/Library/libMAC_JN516x.a(TAMDE.o)
 .text.vTAMDEint1FiredTracking
                0x0000000000088c96       0x5e /home/legrs/fksb/MWSTAGE/MWSDK/ChipLib/SW4063V1416/Components/Library/libMAC_JN516x.a(TAMDE.o)
                0x0000000000088c96                vTAMDEint1FiredTracking
 .text.vTAMDEdetermineNullState
                0x0000000000088cf4       0x1d /home/legrs/fksb/MWSTAGE/MWSDK/ChipLib/SW4063V1416/Components/Library/libMAC_JN516x.a(TAMDE.o)
                0x0000000000088cf4                vTAMDEdetermineNullState
 .text.vTAMDEint1FiredWaitDR
                0x0000000000088d11        0xe /home/legrs/fksb/MWSTAGE/MWSDK/ChipLib/SW4063V1416/Components/Library/libMAC_JN516x.a(TAMDE.o)
                0x0000000000088d11                vTAMDEint1FiredWaitDR
 .text.vTAMDEint1FiredTrackingCAPgts
                0x0000000000088d1f       0xb0 /home/legrs/fksb/MWSTAGE/MWSDK/ChipLib/SW4063V1416/Components/Library/libMAC_JN516x.a(TAMDE.o)
                0x0000000000088d1f                vTAMDEint1FiredTrackingCAPgts
 .text.vTAMDEint1FiredSyncReq
                0x0000000000088dcf       0x63 /home/legrs/fksb/MWSTAGE/MWSDK/ChipLib/SW4063V1416/Components/Library/libMAC_JN516x.a(TAMDE.o)
                0x0000000000088dcf                vTAMDEint1FiredSyncReq
 .text.vTAMDEstartSync
                0x0000000000088e32       0x71 /home/legrs/fksb/MWSTAGE/MWSDK/ChipLib/SW4063V1416/Components/Library/libMAC_JN516x.a(TAMDE.o)
                0x0000000000088e32                vTAMDEstartSync
 .text.vDeterminePowerState
                0x0000000000088ea3       0x89 /home/legrs/fksb/MWSTAGE/MWSDK/ChipLib/SW4063V1416/Components/Library/libMAC_JN516x.a(TAMDE.o)
 .text.vTAMDEreqTXnullTrackingCAP
                0x0000000000088f2c       0x19 /home/legrs/fksb/MWSTAGE/MWSDK/ChipLib/SW4063V1416/Components/Library/libMAC_JN516x.a(TAMDE.o)
                0x0000000000088f2c                vTAMDEreqTXnullTrackingCAP
 .text.vTAMDEframeTXDEnull
                0x0000000000088f45       0x22 /home/legrs/fksb/MWSTAGE/MWSDK/ChipLib/SW4063V1416/Components/Library/libMAC_JN516x.a(TAMDE.o)
                0x0000000000088f45                vTAMDEframeTXDEnull
 .text.vTAMDEframeTXtrackingCAPgts
                0x0000000000088f67       0x2b /home/legrs/fksb/MWSTAGE/MWSDK/ChipLib/SW4063V1416/Components/Library/libMAC_JN516x.a(TAMDE.o)
                0x0000000000088f67                vTAMDEframeTXtrackingCAPgts
 .text.vTAMDEframeRX
                0x0000000000088f92       0x2a /home/legrs/fksb/MWSTAGE/MWSDK/ChipLib/SW4063V1416/Components/Library/libMAC_JN516x.a(TAMDE.o)
                0x0000000000088f92                vTAMDEframeRX
 .text.vTAMDEint2FiredPollActive
                0x0000000000088fbc       0x31 /home/legrs/fksb/MWSTAGE/MWSDK/ChipLib/SW4063V1416/Components/Library/libMAC_JN516x.a(TAMDE.o)
                0x0000000000088fbc                vTAMDEint2FiredPollActive
 .text.vTAMDEint2FiredTrackingDR
                0x0000000000088fed       0x25 /home/legrs/fksb/MWSTAGE/MWSDK/ChipLib/SW4063V1416/Components/Library/libMAC_JN516x.a(TAMDE.o)
                0x0000000000088fed                vTAMDEint2FiredTrackingDR
 .text.vTAMDEframeRXtrackingDR
                0x0000000000089012       0x42 /home/legrs/fksb/MWSTAGE/MWSDK/ChipLib/SW4063V1416/Components/Library/libMAC_JN516x.a(TAMDE.o)
                0x0000000000089012                vTAMDEframeRXtrackingDR
 .text.vTAMDEframeTXtrackingDR
                0x0000000000089054       0x5a /home/legrs/fksb/MWSTAGE/MWSDK/ChipLib/SW4063V1416/Components/Library/libMAC_JN516x.a(TAMDE.o)
                0x0000000000089054                vTAMDEframeTXtrackingDR
 .text.vTAMDEint1FiredTrackingBeacon
                0x00000000000890ae       0x98 /home/legrs/fksb/MWSTAGE/MWSDK/ChipLib/SW4063V1416/Components/Library/libMAC_JN516x.a(TAMDE.o)
                0x00000000000890ae                vTAMDEint1FiredTrackingBeacon
 .text.vTAMDEframeRXsyncReq
                0x0000000000089146      0x221 /home/legrs/fksb/MWSTAGE/MWSDK/ChipLib/SW4063V1416/Components/Library/libMAC_JN516x.a(TAMDE.o)
                0x0000000000089146                vTAMDEframeRXsyncReq
 .text.vTAMDEframePreSyncReq
                0x0000000000089367       0x18 /home/legrs/fksb/MWSTAGE/MWSDK/ChipLib/SW4063V1416/Components/Library/libMAC_JN516x.a(TAMDE.o)
                0x0000000000089367                vTAMDEframePreSyncReq
 .text.vTAMDE_MLMEsyncRequest
                0x000000000008937f       0x2f /home/legrs/fksb/MWSTAGE/MWSDK/ChipLib/SW4063V1416/Components/Library/libMAC_JN516x.a(TAMDE.o)
                0x000000000008937f                vTAMDE_MLMEsyncRequest
 .text.vMEMreset
                0x00000000000893ae       0x68 /home/legrs/fksb/MWSTAGE/MWSDK/ChipLib/SW4063V1416/Components/Library/libMAC_JN516x.a(TAM_MEM.o)
                0x00000000000893ae                vMEMreset
 .text.pvMEMget
                0x0000000000089416       0x29 /home/legrs/fksb/MWSTAGE/MWSDK/ChipLib/SW4063V1416/Components/Library/libMAC_JN516x.a(TAM_MEM.o)
                0x0000000000089416                pvMEMget
 .text.vMEMreturn
                0x000000000008943f       0x6e /home/legrs/fksb/MWSTAGE/MWSDK/ChipLib/SW4063V1416/Components/Library/libMAC_JN516x.a(TAM_MEM.o)
                0x000000000008943f                vMEMreturn
 .text.vMLMEbeaconNotify
                0x00000000000894ad      0x158 /home/legrs/fksb/MWSTAGE/MWSDK/ChipLib/SW4063V1416/Components/Library/libMAC_JN516x.a(TAM_MLME.o)
                0x00000000000894ad                vMLMEbeaconNotify
 .text.vMLMEsyncLoss
                0x0000000000089605       0x32 /home/legrs/fksb/MWSTAGE/MWSDK/ChipLib/SW4063V1416/Components/Library/libMAC_JN516x.a(TAM_MLME.o)
                0x0000000000089605                vMLMEsyncLoss
 .text.vMLMEcommStatus
                0x0000000000089637       0x62 /home/legrs/fksb/MWSTAGE/MWSDK/ChipLib/SW4063V1416/Components/Library/libMAC_JN516x.a(TAM_MLME.o)
                0x0000000000089637                vMLMEcommStatus
 .text.vMLMEcommStatusFromFrame
                0x0000000000089699       0x44 /home/legrs/fksb/MWSTAGE/MWSDK/ChipLib/SW4063V1416/Components/Library/libMAC_JN516x.a(TAM_MLME.o)
                0x0000000000089699                vMLMEcommStatusFromFrame
 .text.vMLMErxEnableConfirm
                0x00000000000896dd       0x31 /home/legrs/fksb/MWSTAGE/MWSDK/ChipLib/SW4063V1416/Components/Library/libMAC_JN516x.a(TAM_MLME.o)
                0x00000000000896dd                vMLMErxEnableConfirm
 .text.vTAHsetCutOff
                0x000000000008970e        0xa /home/legrs/fksb/MWSTAGE/MWSDK/ChipLib/SW4063V1416/Components/Library/libMAC_JN516x.a(TAM_TAH.o)
                0x000000000008970e                vTAHsetCutOff
 .text.vTAHsetSyncLock
                0x0000000000089718       0x18 /home/legrs/fksb/MWSTAGE/MWSDK/ChipLib/SW4063V1416/Components/Library/libMAC_JN516x.a(TAM_TAH.o)
                0x0000000000089718                vTAHsetSyncLock
 .text.vTAHsetPhyStateDirect
                0x0000000000089730       0x2f /home/legrs/fksb/MWSTAGE/MWSDK/ChipLib/SW4063V1416/Components/Library/libMAC_JN516x.a(TAM_TAH.o)
                0x0000000000089730                vTAHsetPhyStateDirect
 .text.vTAHsetPhyState
                0x000000000008975f       0x34 /home/legrs/fksb/MWSTAGE/MWSDK/ChipLib/SW4063V1416/Components/Library/libMAC_JN516x.a(TAM_TAH.o)
                0x000000000008975f                vTAHsetPhyState
 .text.vTAIsetCapTime
                0x0000000000089793       0x1a /home/legrs/fksb/MWSTAGE/MWSDK/ChipLib/SW4063V1416/Components/Library/libMAC_JN516x.a(TAM_TAI.o)
                0x0000000000089793                vTAIsetCapTime
 .text.vTAIsetRxEnableTime
                0x00000000000897ad       0x1a /home/legrs/fksb/MWSTAGE/MWSDK/ChipLib/SW4063V1416/Components/Library/libMAC_JN516x.a(TAM_TAI.o)
                0x00000000000897ad                vTAIsetRxEnableTime
 .text.vTAIdisableInterrupt
                0x00000000000897c7        0xd /home/legrs/fksb/MWSTAGE/MWSDK/ChipLib/SW4063V1416/Components/Library/libMAC_JN516x.a(TAM_TAI.o)
                0x00000000000897c7                vTAIdisableInterrupt
 .text.vWriteFrame
                0x00000000000897d4       0x7c /home/legrs/fksb/MWSTAGE/MWSDK/ChipLib/SW4063V1416/Components/Library/libMAC_JN516x.a(TAM_TAT.o)
 .text.vTATstartReceiveAt
                0x0000000000089850       0x1b /home/legrs/fksb/MWSTAGE/MWSDK/ChipLib/SW4063V1416/Components/Library/libMAC_JN516x.a(TAM_TAT.o)
                0x0000000000089850                vTATstartReceiveAt
 .text.eTATreadTXstatus
                0x000000000008986b       0x46 /home/legrs/fksb/MWSTAGE/MWSDK/ChipLib/SW4063V1416/Components/Library/libMAC_JN516x.a(TAM_TAT.o)
                0x000000000008986b                eTATreadTXstatus
 .text.vTATgetFrameAddress
                0x00000000000898b1       0x20 /home/legrs/fksb/MWSTAGE/MWSDK/ChipLib/SW4063V1416/Components/Library/libMAC_JN516x.a(TAM_TAT.o)
                0x00000000000898b1                vTATgetFrameAddress
 .text.vTATgetFramePayload
                0x00000000000898d1       0x1d /home/legrs/fksb/MWSTAGE/MWSDK/ChipLib/SW4063V1416/Components/Library/libMAC_JN516x.a(TAM_TAT.o)
                0x00000000000898d1                vTATgetFramePayload
 .text.vTATsetBLE
                0x00000000000898ee       0x3e /home/legrs/fksb/MWSTAGE/MWSDK/ChipLib/SW4063V1416/Components/Library/libMAC_JN516x.a(TAM_TAT.o)
                0x00000000000898ee                vTATsetBLE
 .text.vTATwriteAclMaterialToHardware
                0x000000000008992c       0x25 /home/legrs/fksb/MWSTAGE/MWSDK/ChipLib/SW4063V1416/Components/Library/libMAC_JN516x.a(TAM_TAT.o)
                0x000000000008992c                vTATwriteAclMaterialToHardware
 .text.bIsBbcSafeForTx
                0x0000000000089951       0x35 /home/legrs/fksb/MWSTAGE/MWSDK/ChipLib/SW4063V1416/Components/Library/libMAC_JN516x.a(TAM_TAT.o)
                0x0000000000089951                bIsBbcSafeForTx
 .text.bTATsendFrame
                0x0000000000089986       0x56 /home/legrs/fksb/MWSTAGE/MWSDK/ChipLib/SW4063V1416/Components/Library/libMAC_JN516x.a(TAM_TAT.o)
                0x0000000000089986                bTATsendFrame
 .text.bTATsendFrameAt
                0x00000000000899dc       0x3f /home/legrs/fksb/MWSTAGE/MWSDK/ChipLib/SW4063V1416/Components/Library/libMAC_JN516x.a(TAM_TAT.o)
                0x00000000000899dc                bTATsendFrameAt
 .text.bSendSyncLoss
                0x0000000000089a1b       0x18 /home/legrs/fksb/MWSTAGE/MWSDK/ChipLib/SW4063V1416/Components/Library/libMAC_JN516x.a(TAMcommon.o)
 .text.bTACassessBeaconForPayload
                0x0000000000089a33       0x51 /home/legrs/fksb/MWSTAGE/MWSDK/ChipLib/SW4063V1416/Components/Library/libMAC_JN516x.a(TAMcommon.o)
                0x0000000000089a33                bTACassessBeaconForPayload
 .text.vTACinformOriginator
                0x0000000000089a84       0x23 /home/legrs/fksb/MWSTAGE/MWSDK/ChipLib/SW4063V1416/Components/Library/libMAC_JN516x.a(TAMcommon.o)
                0x0000000000089a84                vTACinformOriginator
 *fill*         0x0000000000089aa7        0x1 00
 .text.eTACprocessFrameTXcomplete
                0x0000000000089aa8      0x158 /home/legrs/fksb/MWSTAGE/MWSDK/ChipLib/SW4063V1416/Components/Library/libMAC_JN516x.a(TAMcommon.o)
                0x0000000000089aa8                eTACprocessFrameTXcomplete
 .text.bTACcheckPANconflict
                0x0000000000089c00       0x9f /home/legrs/fksb/MWSTAGE/MWSDK/ChipLib/SW4063V1416/Components/Library/libMAC_JN516x.a(TAMcommon.o)