Archive member included because of file (symbol)

/home/legrs/fksb/MWSTAGE/MWSDK/TWENET/current/lib/libTWENET_RED.a(ToCoNet_event.o)
                              objs_RED/act0.o (PRSEV_u8RegisterEx)
/home/legrs/fksb/MWSTAGE/MWSDK/TWENET/current/lib/libTWENET_RED.a(ToCoNet_main.o)
                              objs_RED/act0.o (sToCoNet_Context)
/home/legrs/fksb/MWSTAGE/MWSDK/TWENET/current/lib/libTWENET_RED.a(ToCoNet_utils.o)
                              /home/legrs/fksb/MWSTAGE/MWSDK/TWENET/current/lib/libTWENET_RED.a(ToCoNet_main.o) (ToCoNet_u32GetVersion)
/home/legrs/fksb/MWSTAGE/MWSDK/TWENET/current/lib/libTWENET_RED.a(ToCoNet_mod_Nwk_Common.o)
                              /home/legrs/fksb/MWSTAGE/MWSDK/TWENET/current/lib/libTWENET_RED.a(ToCoNet_main.o) (ToCoNet_vRxProc_Mod)
/home/legrs/fksb/MWSTAGE/MWSDK/TWENET/current/lib/libTWENET_RED.a(ToCoNet_mod_Channel_Mgr.o)
                              /home/legrs/fksb/MWSTAGE/MWSDK/TWENET/current/lib/libTWENET_RED.a(ToCoNet_main.o) (ToCoNet_ChMgr_bCh_Reconfig)
/home/legrs/fksb/MWSTAGE/MWSDK/TWENET/current/lib/libTWENET_RED.a(Version.o)
                              /home/legrs/fksb/MWSTAGE/MWSDK/TWENET/current/lib/libTWENET_RED.a(ToCoNet_utils.o) (au8ToCoNetVersionInfo)
/home/legrs/fksb/MWSTAGE/MWSDK/TWENET/current/lib/libTWENET_RED.a(AppQueueApi_ToCoNet.o)
                              /home/legrs/fksb/MWSTAGE/MWSDK/TWENET/current/lib/libTWENET_RED.a(ToCoNet_main.o) (_u32_INT_ticktimer)
/home/legrs/fksb/MWSTAGE/MWSDK/TWENET/current/lib/libTWENEText_RED.a(AppStart.o)
                              (AppColdStart)
/home/legrs/fksb/MWSTAGE/MWSDK/TWENET/current/lib/libTWENEText_RED.a(getMacAddr.o)
                              /home/legrs/fksb/MWSTAGE/MWSDK/TWENET/current/lib/libTWENET_RED.a(ToCoNet_main.o) (ToCoNet_u32GetSerialOnBoot)
/home/legrs/fksb/MWSTAGE/MWSDK/TWENET/current/lib/libTWENEText_RED.a(mac.o)
                              /home/legrs/fksb/MWSTAGE/MWSDK/TWENET/current/lib/libTWENET_RED.a(ToCoNet_main.o) (Mac_vInit)
/home/legrs/fksb/MWSTAGE/MWSDK/TWENET/current/lib/libTWENEText_RED.a(AES_CCM.o)
                              /home/legrs/fksb/MWSTAGE/MWSDK/TWENET/current/lib/libTWENEText_RED.a(AppStart.o) (bAES_CCM_KeyReg)
/home/legrs/fksb/MWSTAGE/MWSDK/TWENET/current/lib/libTWENEText_RED.a(no_ack_handler.o)
                              /home/legrs/fksb/MWSTAGE/MWSDK/TWENET/current/lib/libTWENEText_RED.a(AppStart.o) (vInstallNoAckHandler)
/home/legrs/fksb/MWSTAGE/MWSDK/TWENET/current/lib/libTWENEText_RED.a(Version.o)
                              /home/legrs/fksb/MWSTAGE/MWSDK/TWENET/current/lib/libTWENET_RED.a(ToCoNet_utils.o) (au8ToCoNetExtVersionInfo)
/home/legrs/fksb/MWSTAGE/MWSDK/TWENET/current/lib/libTWENETutils_RED.a(serial.o)
                              objs_RED/act0.o (SERIAL_bTxChar)
/home/legrs/fksb/MWSTAGE/MWSDK/TWENET/current/lib/libTWENETutils_RED.a(uart.o)
                              /home/legrs/fksb/MWSTAGE/MWSDK/TWENET/current/lib/libTWENETutils_RED.a(serial.o) (UART_vInit)
/home/legrs/fksb/MWSTAGE/MWSDK/TWENET/current/lib/libTWENETutils_RED.a(ByteQueue.o)
                              /home/legrs/fksb/MWSTAGE/MWSDK/TWENET/current/lib/libTWENET_RED.a(ToCoNet_main.o) (QUEUE__vInit)
/home/legrs/fksb/MWSTAGE/MWSDK/TWENET/current/lib/libTWENETutils_RED.a(ccitt8.o)
                              /home/legrs/fksb/MWSTAGE/MWSDK/TWENET/current/lib/libTWENEText_RED.a(AppStart.o) (u8CCITT8)
/home/legrs/fksb/MWSTAGE/MWSDK/TWENET/current/lib/libTWENETutils_RED.a(utils.o)
                              objs_RED/act0.o (vTimerConfig)
/home/legrs/fksb/MWSTAGE/MWSDK/TWENET/current/lib/libTWENETutils_RED.a(ccm.o)
                              /home/legrs/fksb/MWSTAGE/MWSDK/TWENET/current/lib/libTWENEText_RED.a(AES_CCM.o) (ccm_init_and_key)
/home/legrs/fksb/MWSTAGE/MWSDK/TWENET/current/lib/libTWENETutils_RED.a(Version.o)
                              /home/legrs/fksb/MWSTAGE/MWSDK/TWENET/current/lib/libTWENET_RED.a(ToCoNet_utils.o) (au8ToCoNetUtilsVersionInfo)
/home/legrs/fksb/MWSTAGE/MWSDK/TWENET/current/lib/libTWENETutils_RED.a(aescrypt.o)
                              /home/legrs/fksb/MWSTAGE/MWSDK/TWENET/current/lib/libTWENETutils_RED.a(ccm.o) (aes_encrypt)
/home/legrs/fksb/MWSTAGE/MWSDK/TWENET/current/lib/libTWENETutils_RED.a(aeskey.o)
                              /home/legrs/fksb/MWSTAGE/MWSDK/TWENET/current/lib/libTWENETutils_RED.a(ccm.o) (aes_encrypt_key)
/home/legrs/fksb/MWSTAGE/MWSDK/TWENET/current/lib/libTWENETutils_RED.a(aestab.o)
                              /home/legrs/fksb/MWSTAGE/MWSDK/TWENET/current/lib/libTWENETutils_RED.a(aeskey.o) (t_im)
/home/legrs/fksb/MWSTAGE/MWSDK/TWENET/current/lib/libTWENETstgs_RED.a(tweinteractive.o)
                              objs_RED/act0.o (TWEINTRCT_bIsVerbose)
/home/legrs/fksb/MWSTAGE/MWSDK/TWENET/current/lib/libTWENETstgs_RED.a(tweprintf.o)
                              /home/legrs/fksb/MWSTAGE/MWSDK/TWENET/current/lib/libTWENETstgs_RED.a(tweinteractive.o) (TWE_fprintf)
[...]
Memory Configuration

Name             Origin             Length             Attributes
flash            0x0000000000080000 0x0000000000080000
ram              0x000000000400004c 0x0000000000007fb4
*default*        0x0000000000000000 0xffffffffffffffff

Linker script and memory map

LOAD objs_RED/_mwx_version.o
LOAD objs_RED/act0.o
LOAD /home/legrs/fksb/MWSTAGE/MWSDK/TWENET/current/lib/libTWENET_RED.a
LOAD /home/legrs/fksb/MWSTAGE/MWSDK/TWENET/current/lib/libTWENEText_RED.a
LOAD /home/legrs/fksb/MWSTAGE/MWSDK/TWENET/current/lib/libTWENETutils_RED.a
LOAD /home/legrs/fksb/MWSTAGE/MWSDK/TWENET/current/lib/libTWENETstgs_RED.a
LOAD /home/legrs/fksb/MWSTAGE/MWSDK/TWENET/current/lib/libmwx_RED.a
LOAD /home/legrs/fksb/MWSTAGE/MWSDK/TWENET/current/lib/libEASTL_RED.a
START GROUP
LOAD /home/legrs/fksb/MWSTAGE/MWSDK/ChipLib/SW4063V1416/Components/Library/libAppApi_JN5169.a
LOAD /home/legrs/fksb/MWSTAGE/MWSDK/ChipLib/SW4063V1416/Components/Library/libMAC_JN5169.a
LOAD /home/legrs/fksb/MWSTAGE/MWSDK/ChipLib/SW4063V1416/Components/Library/libTimerServer_JN516x.a
LOAD /home/legrs/fksb/MWSTAGE/MWSDK/ChipLib/SW4063V1416/Components/Library/libTOF_JN516x.a
LOAD /home/legrs/fksb/MWSTAGE/MWSDK/ChipLib/SW4063V1416/Components/Library/libXcv_JN5169.a
LOAD /home/legrs/fksb/MWSTAGE/MWSDK/ChipLib/SW4063V1416/Components/Library/libMMAC_JN5169.a
LOAD /home/legrs/fksb/MWSTAGE/MWSDK/ChipLib/SW4063V1416/Components/Library/libJPT_JN5169.a
LOAD /home/legrs/fksb/MWSTAGE/MWSDK/ChipLib/SW4063V1416/Components/Library/libAes_JN516x.a
LOAD /home/legrs/fksb/MWSTAGE/MWSDK/ChipLib/SW4063V1416/Components/Library/libHardwareApi_JN5169.a
LOAD /home/legrs/fksb/MWSTAGE/MWSDK/ChipLib/SW4063V1416/Components/Library/libMicroSpecific_JN516x.a
LOAD /home/legrs/fksb/MWSTAGE/MWSDK/ChipLib/SW4063V1416/Components/Library/libBoot_JN516x.a
LOAD /home/legrs/fksb/MWSTAGE/MWSDK/ChipLib/SW4063V1416/Components/Library/libPDM_EEPROM_JN516x_NO_RTOS.a
LOAD /home/legrs/fksb/MWSTAGE/MWSDK/TWENET/current/lib/libTWENET_RED.a
LOAD /home/legrs/fksb/MWSTAGE/MWSDK/TWENET/current/lib/libTWENEText_RED.a
LOAD /home/legrs/fksb/MWSTAGE/MWSDK/TWENET/current/lib/libTWENETutils_RED.a
LOAD /home/legrs/fksb/MWSTAGE/MWSDK/TWENET/current/lib/libTWENETstgs_RED.a
LOAD /home/legrs/fksb/MWSTAGE/MWSDK/TWENET/current/lib/libmwx_RED.a
LOAD /home/legrs/fksb/MWSTAGE/MWSDK/TWENET/current/lib/libEASTL_RED.a
END GROUP
LOAD /home/legrs/fksb/MWSTAGE/Tools/ba-elf-ba2-r36379/bin/../lib/gcc/ba-elf/4.7.4/../../../../ba-elf/lib/mcpu_jn51xx_sizeopt/libstdc++.a
LOAD /home/legrs/fksb/MWSTAGE/Tools/ba-elf-ba2-r36379/bin/../lib/gcc/ba-elf/4.7.4/../../../../ba-elf/lib/mcpu_jn51xx_sizeopt/libm.a
LOAD /home/legrs/fksb/MWSTAGE/Tools/ba-elf-ba2-r36379/bin/../lib/gcc/ba-elf/4.7.4/../../../../ba-elf/lib/mcpu_jn51xx_sizeopt/libc.a
LOAD /home/legrs/fksb/MWSTAGE/Tools/ba-elf-ba2-r36379/bin/../lib/gcc/ba-elf/4.7.4/mcpu_jn51xx_sizeopt/libgcc.a
LOAD /home/legrs/fksb/MWSTAGE/Tools/ba-elf-ba2-r36379/bin/../lib/gcc/ba-elf/4.7.4/../../../../ba-elf/lib/mcpu_jn51xx_sizeopt/libc.a
                0x0000000000000800                _stack_size = 0x800
                0x0000000000080038                exception_vsr_table = 0x80038
                0x0000000004000000                pSPIflashFncTable = 0x4000000
                0x0000000000000044                restore_state = 0x44
                0x000000000000004a                bZSPIWaitWIPClear = 0x4a
                0x0000000000000050                u16ZSPIflashRDID = 0x50
                0x0000000000000056                u8SelectFlashChipType = 0x56
                0x000000000000005c                memcpy = 0x5c
                0x0000000000000066                vBootFlashProg = 0x66
                [0x0000000000000d16]                __minimum_heap_size = DEFINED (__minimum_heap_size)?__minimum_heap_size:0xd16
                [0x0000000000000800]                __stack_size = DEFINED (__stack_size)?__stack_size:0x800
                0x0000000000000000                _SwConfig = (DEFINED (g_bSWConf_Debug) | (DEFINED (g_bSWConf_AltDebugPort) << 0x1))

.version        0x000000000007fffc        0x4
                0x000000000007fffc        0x4 LONG 0xf03000b

.bir            0x0000000000080000       0x10
                0x0000000000080000                _flash_start = ABSOLUTE (.)
                0x0000000000080000                _flash_beg = ABSOLUTE (.)
                0x0000000000080000        0x4 LONG 0x12345678
                0x0000000000080004        0x4 LONG 0x11223344
                0x0000000000080008        0x4 LONG 0x55667788
                0x000000000008000c        0x1 BYTE 0x8
                0x000000000008000d        0x1 BYTE 0x1
                0x000000000008000e        0x2 SHORT 0x0

.flashheader    0x0000000000080010       0x28
                0x0000000000080010        0x4 LONG 0x0
                0x0000000000080014        0x4 LONG 0x0
                0x0000000000080018        0x4 LONG 0x0
                0x000000000008001c        0x2 SHORT 0x0
                0x000000000008001e        0x2 SHORT 0x0 ABSOLUTE (_SwConfig)
                0x0000000000080020                _enc_start = ABSOLUTE (.)
                0x0000000000080020        0x4 LONG 0x15d58 ABSOLUTE (_image_len)
                0x0000000000080024        0x4 LONG 0x958d4 ABSOLUTE (_flash_data_start)
                0x0000000000080028        0x2 SHORT 0x13 ((ABSOLUTE (_ram_data_start) / 0x4) & 0xffff)
                0x000000000008002a        0x2 SHORT 0x121 ((ABSOLUTE (_ram_data_len) / 0x4) & 0xffff)
                0x000000000008002c        0x2 SHORT 0x134 ((ABSOLUTE (_bss_start) / 0x4) & 0xffff)
                0x000000000008002e        0x2 SHORT 0x5a2 ((ABSOLUTE (_bss_len) / 0x4) & 0xffff)
                0x0000000000080030        0x4 LONG 0x8434a ABSOLUTE (AppWarmStart)
                0x0000000000080034        0x4 LONG 0x83e26 ABSOLUTE (AppColdStart)
                0x0000000000000000                _enc_offset = (_enc_start & 0xf)
                0x0000000000000044                PROVIDE (vException_BusError, restore_state)
                0x0000000000000044                PROVIDE (vException_UnalignedAccess, restore_state)
                0x0000000000000044                PROVIDE (vException_IllegalInstruction, restore_state)
                0x0000000000000044                PROVIDE (vException_SysCall, restore_state)
                0x0000000000000044                PROVIDE (vException_Trap, restore_state)
                0x0000000000000044                PROVIDE (vException_StackOverflow, restore_state)
                0x0000000000080038                . = ABSOLUTE (exception_vsr_table)

.vsr_table      0x0000000000080038       0x18
                0x0000000000080038        0x4 LONG 0x44 ABSOLUTE (vException_BusError)
                0x000000000008003c        0x4 LONG 0x44 ABSOLUTE (vException_UnalignedAccess)
                0x0000000000080040        0x4 LONG 0x44 ABSOLUTE (vException_IllegalInstruction)
                0x0000000000080044        0x4 LONG 0x44 ABSOLUTE (vException_SysCall)
                0x0000000000080048        0x4 LONG 0x44 ABSOLUTE (vException_Trap)
                0x000000000008004c        0x4 LONG 0x44 ABSOLUTE (vException_StackOverflow)

.vsr_handlers   0x0000000000080050       0xaa
 *(.vsr_handlers)
 .vsr_handlers  0x0000000000080050       0xaa /home/legrs/fksb/MWSTAGE/MWSDK/ChipLib/SW4063V1416/Components/Library/libBoot_JN516x.a(ExceptionHandler.o)
                0x0000000000080050                _exception_external_interrupt
                0x00000000000800f8                _default_vsr_dummy

.rodata         0x0000000000080100      0x812
 *(.rodata*)
 .rodata.str1.1
                0x0000000000080100      0x15d objs_RED/act0.o
                                        0x162 (size before relaxing)
 *fill*         0x000000000008025d        0x3 00
 .rodata.CSWTCH.277
                0x0000000000080260        0xc objs_RED/act0.o
 .rodata.CSWTCH.274
                0x000000000008026c        0xc objs_RED/act0.o
 .rodata.au8ToCoNetVersionInfo
                0x0000000000080278        0xc /home/legrs/fksb/MWSTAGE/MWSDK/TWENET/current/lib/libTWENET_RED.a(Version.o)
                0x0000000000080278                au8ToCoNetVersionInfo
 .rodata.str1.1
                0x0000000000080284       0x11 /home/legrs/fksb/MWSTAGE/MWSDK/TWENET/current/lib/libTWENEText_RED.a(AppStart.o)
 .rodata        0x0000000000080295       0x39 /home/legrs/fksb/MWSTAGE/MWSDK/TWENET/current/lib/libTWENEText_RED.a(AppStart.o)
 *fill*         0x00000000000802ce        0x2 00
 .rodata.au8k.5820
                0x00000000000802d0       0x20 /home/legrs/fksb/MWSTAGE/MWSDK/TWENET/current/lib/libTWENEText_RED.a(AppStart.o)
 .rodata.au8k.5801
                0x00000000000802f0       0x20 /home/legrs/fksb/MWSTAGE/MWSDK/TWENET/current/lib/libTWENEText_RED.a(AppStart.o)
 .rodata.str1.1
                0x0000000000080310       0x11 /home/legrs/fksb/MWSTAGE/MWSDK/TWENET/current/lib/libTWENEText_RED.a(mac.o)
 *fill*         0x0000000000080321        0x3 00
 .rodata.u32MacLow_TOCOS
                0x0000000000080324        0x4 /home/legrs/fksb/MWSTAGE/MWSDK/TWENET/current/lib/libTWENEText_RED.a(mac.o)
                0x0000000000080324                u32MacLow_TOCOS
 .rodata.u32MacHigh_TOCOS
                0x0000000000080328        0x4 /home/legrs/fksb/MWSTAGE/MWSDK/TWENET/current/lib/libTWENEText_RED.a(mac.o)
                0x0000000000080328                u32MacHigh_TOCOS
 .rodata.u8CRCTable
                0x000000000008032c      0x100 /home/legrs/fksb/MWSTAGE/MWSDK/TWENET/current/lib/libTWENETutils_RED.a(ccitt8.o)
 .rodata.CSWTCH.13
                0x000000000008042c       0x44 /home/legrs/fksb/MWSTAGE/MWSDK/TWENET/current/lib/libTWENETutils_RED.a(utils.o)
 .rodata.str1.1
                0x0000000000080470       0x12 /home/legrs/fksb/MWSTAGE/MWSDK/TWENET/current/lib/libTWENETstgs_RED.a(printf.o)
 *fill*         0x0000000000080482        0x6 00
 .rodata.pow10.1520
                0x0000000000080488       0x50 /home/legrs/fksb/MWSTAGE/MWSDK/TWENET/current/lib/libTWENETstgs_RED.a(printf.o)
 .rodata.str1.1
                0x00000000000804d8        0xe /home/legrs/fksb/MWSTAGE/MWSDK/TWENET/current/lib/libmwx_RED.a(mwx_debug.o)
 .rodata._ZN3mwx2L1L19_ADC_PIN_TO_AHI_DEFE
                0x00000000000804e6        0x5 /home/legrs/fksb/MWSTAGE/MWSDK/TWENET/current/lib/libmwx_RED.a(mwx_appcore.o)
 .rodata._ZN3mwx2L112periph_timer14_au8_timer_idsE
                0x00000000000804eb        0x5 /home/legrs/fksb/MWSTAGE/MWSDK/TWENET/current/lib/libmwx_RED.a(mwx_periph_dio.o)
                0x00000000000804eb                mwx::L1::periph_timer::_au8_timer_ids
 .rodata._ZN3mwx2L1L19_ADC_PIN_TO_AHI_DEFE
                0x00000000000804f0        0x5 /home/legrs/fksb/MWSTAGE/MWSDK/TWENET/current/lib/libmwx_RED.a(mwx_periph_analogue.o)
 .rodata.str1.1
                0x00000000000804f5       0xe0 /home/legrs/fksb/MWSTAGE/MWSDK/TWENET/current/lib/libmwx_RED.a(mwx_nwk_simple.o)
                                         0xe2 (size before relaxing)
 .rodata.str1.1
                0x00000000000805d5       0x1f /home/legrs/fksb/MWSTAGE/MWSDK/TWENET/current/lib/libmwx_RED.a(mwx_duplicate_checker.o)
 .rodata.s_sPibInit
                0x00000000000805f4       0x18 /home/legrs/fksb/MWSTAGE/MWSDK/ChipLib/SW4063V1416/Components/Library/libMAC_JN5169.a(mac_pib_mlme.o)
 .rodata.s_atScanEvtST
                0x000000000008060c       0x31 /home/legrs/fksb/MWSTAGE/MWSDK/ChipLib/SW4063V1416/Components/Library/libMAC_JN5169.a(mac_scan.o)
 *fill*         0x000000000008063d        0x3 00
 .rodata.s_aprScanHandleEvt
                0x0000000000080640       0x30 /home/legrs/fksb/MWSTAGE/MWSDK/ChipLib/SW4063V1416/Components/Library/libMAC_JN5169.a(mac_scan.o)
 .rodata.aeXcvBbcEvtToScanEvt.5419
                0x0000000000080670        0xa /home/legrs/fksb/MWSTAGE/MWSDK/ChipLib/SW4063V1416/Components/Library/libMAC_JN5169.a(mac_scan.o)
 .rodata.aeXcvPhyEvtToScanEvt.5424
                0x000000000008067a        0x6 /home/legrs/fksb/MWSTAGE/MWSDK/ChipLib/SW4063V1416/Components/Library/libMAC_JN5169.a(mac_scan.o)
 .rodata.psTamXcvContext
                0x0000000000080680        0x4 /home/legrs/fksb/MWSTAGE/MWSDK/ChipLib/SW4063V1416/Components/Library/libMAC_JN5169.a(TAM.o)
                0x0000000000080680                psTamXcvContext
 .rodata.psTamMacContext
                0x0000000000080684        0x4 /home/legrs/fksb/MWSTAGE/MWSDK/ChipLib/SW4063V1416/Components/Library/libMAC_JN5169.a(TAM.o)
                0x0000000000080684                psTamMacContext
 .rodata.psTAMcontext
                0x0000000000080688        0x4 /home/legrs/fksb/MWSTAGE/MWSDK/ChipLib/SW4063V1416/Components/Library/libMAC_JN5169.a(TAM.o)
                0x0000000000080688                psTAMcontext
 .rodata.au8XcvToTAMevent.5169
                0x000000000008068c        0xa /home/legrs/fksb/MWSTAGE/MWSDK/ChipLib/SW4063V1416/Components/Library/libMAC_JN5169.a(TAM.o)
 .rodata        0x0000000000080696        0xe /home/legrs/fksb/MWSTAGE/MWSDK/ChipLib/SW4063V1416/Components/Library/libMAC_JN5169.a(TAMcommon.o)
 .rodata.au8StateActions
                0x00000000000806a4       0x8c /home/legrs/fksb/MWSTAGE/MWSDK/ChipLib/SW4063V1416/Components/Library/libMAC_JN5169.a(TAMevent.o)
                0x00000000000806a4                au8StateActions
 .rodata.apvActionCalls
                0x0000000000080730       0x88 /home/legrs/fksb/MWSTAGE/MWSDK/ChipLib/SW4063V1416/Components/Library/libMAC_JN5169.a(TAMevent.o)
                0x0000000000080730                apvActionCalls
 .rodata.au8MICLenLUT.4350
                0x00000000000807b8        0x4 /home/legrs/fksb/MWSTAGE/MWSDK/ChipLib/SW4063V1416/Components/Library/libMAC_JN5169.a(TAMsecurity.o)
 .rodata.CSWTCH.31
                0x00000000000807bc        0x3 /home/legrs/fksb/MWSTAGE/MWSDK/ChipLib/SW4063V1416/Components/Library/libMAC_JN5169.a(TAMsecurity.o)
 .rodata.CSWTCH.7
                0x00000000000807bf        0x7 /home/legrs/fksb/MWSTAGE/MWSDK/ChipLib/SW4063V1416/Components/Library/libMAC_JN5169.a(TAM_AES.o)
 .rodata.CSWTCH.12
                0x00000000000807c6        0x3 /home/legrs/fksb/MWSTAGE/MWSDK/ChipLib/SW4063V1416/Components/Library/libMAC_JN5169.a(TAM_AES.o)
 .rodata.asPowerSettings.4033
                0x00000000000807c9       0x2b /home/legrs/fksb/MWSTAGE/MWSDK/ChipLib/SW4063V1416/Components/Library/libMMAC_JN5169.a(MMAC.o)
 .rodata.TST_mod_def
                0x00000000000807f4       0x40 /home/legrs/fksb/MWSTAGE/MWSDK/ChipLib/SW4063V1416/Components/Library/libJPT_JN5169.a(JPT_RadioTxPowerTests.o)
 .rodata.au8dataSizeTable
                0x0000000000080834        0xd /home/legrs/fksb/MWSTAGE/MWSDK/ChipLib/SW4063V1416/Components/Library/libAes_JN516x.a(AEScoprocessorAPI.o)
                0x0000000000080834                au8dataSizeTable
 .rodata.au8FlashWaitStates32MXO
                0x0000000000080841        0x8 /home/legrs/fksb/MWSTAGE/MWSDK/ChipLib/SW4063V1416/Components/Library/libHardwareApi_JN5169.a(AHI_System.o)
 .rodata.au8FlashWaitStatesHSRCO
                0x0000000000080849        0x8 /home/legrs/fksb/MWSTAGE/MWSDK/ChipLib/SW4063V1416/Components/Library/libHardwareApi_JN5169.a(AHI_System.o)
 *fill*         0x0000000000080851        0x3 00
 .rodata.CSWTCH.35
                0x0000000000080854       0x14 /home/legrs/fksb/MWSTAGE/MWSDK/ChipLib/SW4063V1416/Components/Library/libHardwareApi_JN5169.a(AHI_Timer.o)
 .rodata.au32UartAddrOffset
                0x0000000000080868        0x8 /home/legrs/fksb/MWSTAGE/MWSDK/ChipLib/SW4063V1416/Components/Library/libHardwareApi_JN5169.a(AHI_Uart.o)
                0x0000000000080868                au32UartAddrOffset
 .rodata.str1.1
                0x0000000000080870       0x11 /home/legrs/fksb/MWSTAGE/MWSDK/TWENET/current/lib/libTWENET_RED.a(ToCoNet_mod_Tx.o)
 *fill*         0x0000000000080881        0x3 00
 .rodata.asStateFuncTbl
                0x0000000000080884       0x38 /home/legrs/fksb/MWSTAGE/MWSDK/TWENET/current/lib/libTWENET_RED.a(ToCoNet_mod_Tx.o)
 .rodata.str1.1
                0x00000000000808bc        0x5 /home/legrs/fksb/MWSTAGE/Tools/ba-elf-ba2-r36379/bin/../lib/gcc/ba-elf/4.7.4/../../../../ba-elf/lib/mcpu_jn51xx_sizeopt/libm.a(lib_a-w_acos.o)
                                          0x6 (size before relaxing)
 .rodata.str1.1
                0x00000000000808c1        0x4 /home/legrs/fksb/MWSTAGE/Tools/ba-elf-ba2-r36379/bin/../lib/gcc/ba-elf/4.7.4/../../../../ba-elf/lib/mcpu_jn51xx_sizeopt/libm.a(lib_a-w_pow.o)
 .rodata.str1.1
                0x00000000000808c5        0x5 /home/legrs/fksb/MWSTAGE/Tools/ba-elf-ba2-r36379/bin/../lib/gcc/ba-elf/4.7.4/../../../../ba-elf/lib/mcpu_jn51xx_sizeopt/libm.a(lib_a-w_sqrt.o)
 .rodata.str1.1
                0x0000000000000000        0x1 /home/legrs/fksb/MWSTAGE/Tools/ba-elf-ba2-r36379/bin/../lib/gcc/ba-elf/4.7.4/../../../../ba-elf/lib/mcpu_jn51xx_sizeopt/libm.a(lib_a-e_pow.o)
 *fill*         0x00000000000808ca        0x6 00
 .rodata        0x00000000000808d0       0x30 /home/legrs/fksb/MWSTAGE/Tools/ba-elf-ba2-r36379/bin/../lib/gcc/ba-elf/4.7.4/../../../../ba-elf/lib/mcpu_jn51xx_sizeopt/libm.a(lib_a-e_pow.o)
 .rodata        0x0000000000080900       0x10 /home/legrs/fksb/MWSTAGE/Tools/ba-elf-ba2-r36379/bin/../lib/gcc/ba-elf/4.7.4/../../../../ba-elf/lib/mcpu_jn51xx_sizeopt/libm.a(lib_a-s_rint.o)
 .rodata.str1.1
                0x0000000000080910        0x2 /home/legrs/fksb/MWSTAGE/Tools/ba-elf-ba2-r36379/bin/../lib/gcc/ba-elf/4.7.4/../../../../ba-elf/lib/mcpu_jn51xx_sizeopt/libc.a(lib_a-impure.o)

.text           0x0000000000080914    0x14fc0
 *(.text*)
 .text._ZN3mwx2L112appdefs_crtpINS0_9NwkSimpleEE15_cbTweNet_vMainEPv
                0x0000000000080914        0x3 objs_RED/act0.o
                0x0000000000080914                mwx::L1::appdefs_crtp<mwx::L1::NwkSimple>::_cbTweNet_vMain(void*)
 .text._ZN3mwx2L112appdefs_crtpINS0_9NwkSimpleEE19_cbTweNet_vNwkEventEPvRNS0_13packet_ev_nwkE
                0x0000000000080917        0x9 objs_RED/act0.o
                0x0000000000080917                mwx::L1::appdefs_crtp<mwx::L1::NwkSimple>::_cbTweNet_vNwkEvent(void*, mwx::L1::packet_ev_nwk&)
 .text._ZN3mwx2L114processev_crtpINS0_9NwkSimpleEE14vProcessEvCoreEP8_tsEvent7teEventm
                0x0000000000080920       0x16 objs_RED/act0.o
                0x0000000000080920                mwx::L1::processev_crtp<mwx::L1::NwkSimple>::vProcessEvCore(_tsEvent*, teEvent, unsigned long)
 .text._ZN3mwx2L112appdefs_crtpINS0_9NwkSimpleEE9_on_eventEPvmRm
                0x0000000000080936       0x18 objs_RED/act0.o
                0x0000000000080936                mwx::L1::appdefs_crtp<mwx::L1::NwkSimple>::_on_event(void*, unsigned long, unsigned long&)
 .text._ZN3mwx2L112appdefs_crtpINS0_9NwkSimpleEE18_cbTweNet_vRxEventEPvRNS0_9packet_rxE
                0x000000000008094e        0x9 objs_RED/act0.o
                0x000000000008094e                mwx::L1::appdefs_crtp<mwx::L1::NwkSimple>::_cbTweNet_vRxEvent(void*, mwx::L1::packet_rx&)
 .text._ZN3mwx2L112appdefs_crtpINS0_9NwkSimpleEE18_cbTweNet_vHwEventEPvmm
                0x0000000000080957        0x9 objs_RED/act0.o
                0x0000000000080957                mwx::L1::appdefs_crtp<mwx::L1::NwkSimple>::_cbTweNet_vHwEvent(void*, unsigned long, unsigned long)
 .text._ZN3mwx2L112appdefs_crtpINS0_9NwkSimpleEE17_cbTweNet_u8HwIntEPvmm
                0x0000000000080960        0x9 objs_RED/act0.o
                0x0000000000080960                mwx::L1::appdefs_crtp<mwx::L1::NwkSimple>::_cbTweNet_u8HwInt(void*, unsigned long, unsigned long)
 .text._ZL5delaym
                0x0000000000080969       0x2b objs_RED/act0.o
 .text._ZN3mwx2L110serial_jen7vOutputEcPv
                0x0000000000080994       0x31 objs_RED/act0.o
                0x0000000000080994                mwx::L1::serial_jen::vOutput(char, void*)
 .text._ZN3mwx2L114periph_twowire9busy_waitEv.isra.13
                0x00000000000809c5       0x3c objs_RED/act0.o
 .text._ZN3mwx2L114periph_twowire11cmd_rx_stopEv.isra.20
                0x0000000000080a01       0x17 objs_RED/act0.o
 .text._ZN3mwx2L114periph_twowire8_init_hwEb.isra.22
                0x0000000000080a18       0x3b objs_RED/act0.o
 .text._ZN3mwx2L110periph_spi8transferEh.isra.25
                0x0000000000080a53       0x2d objs_RED/act0.o
 .text._ZN3mwx2L112appdefs_crtpINS0_9NwkSimpleEE18_cbTweNet_vTxEventEPvRNS0_12packet_ev_txE
                0x0000000000080a80       0x1a objs_RED/act0.o
                0x0000000000080a80                mwx::L1::appdefs_crtp<mwx::L1::NwkSimple>::_cbTweNet_vTxEvent(void*, mwx::L1::packet_ev_tx&)
 .text._ZN3mwx2L114periph_twowire14cmd_tx_no_stopEb.isra.16.constprop.58
                0x0000000000080a9a       0x17 objs_RED/act0.o
 .text._ZN3mwx2L19packet_txC2Ev
                0x0000000000080ab1       0x33 objs_RED/act0.o
                0x0000000000080ab1                mwx::L1::packet_tx::packet_tx()
                0x0000000000080ab1                mwx::L1::packet_tx::packet_tx()
 .text._ZN3mwx2L110serial_jen9availableEv
                0x0000000000080ae4       0x22 objs_RED/act0.o
                0x0000000000080ae4                mwx::L1::serial_jen::available()
 .text._ZN3mwx2L110serial_jen5flushEv
                0x0000000000080b06        0xf objs_RED/act0.o
                0x0000000000080b06                mwx::L1::serial_jen::flush()
 .text._ZN3mwx2L110serial_jen4readEv
                0x0000000000080b15       0x3d objs_RED/act0.o
                0x0000000000080b15                mwx::L1::serial_jen::read()
 .text._ZN3mwx2L110serial_jen5writeEi
                0x0000000000080b52       0x33 objs_RED/act0.o
                0x0000000000080b52                mwx::L1::serial_jen::write(int)
 .text._ZN3mwx2L16streamINS0_10serial_jenEElsERNS0_18MWX_Stream_EndLineE.isra.48
                0x0000000000080b85       0x18 objs_RED/act0.o
 .text._ZN3mwx2L112periph_timer5setupEv
                0x0000000000080b9d       0x2f objs_RED/act0.o
                0x0000000000080b9d                mwx::L1::periph_timer::setup()
 .text._ZN3mwx2L112periph_timer5beginEtbb
                0x0000000000080bcc      0x15c objs_RED/act0.o
                0x0000000000080bcc                mwx::L1::periph_timer::begin(unsigned short, bool, bool)
 .text._ZN3mwx2L112periph_timer11change_dutyEtt
                0x0000000000080d28       0x12 objs_RED/act0.o
                0x0000000000080d28                mwx::L1::periph_timer::change_duty(unsigned short, unsigned short)
 .text._ZN3mwx2L114periph_twowire6writerC2ERS1_h
                0x0000000000080d3a       0x57 objs_RED/act0.o
                0x0000000000080d3a                mwx::L1::periph_twowire::writer::writer(mwx::L1::periph_twowire&, unsigned char)
                0x0000000000080d3a                mwx::L1::periph_twowire::writer::writer(mwx::L1::periph_twowire&, unsigned char)
 .text._ZN3mwx2L114periph_twowire6writerD2Ev
                0x0000000000080d91       0x2f objs_RED/act0.o
                0x0000000000080d91                mwx::L1::periph_twowire::writer::~writer()
                0x0000000000080d91                mwx::L1::periph_twowire::writer::~writer()
 .text._ZN3mwx2L114periph_twowire6writerlsEh
                0x0000000000080dc0       0x34 objs_RED/act0.o
                0x0000000000080dc0                mwx::L1::periph_twowire::writer::operator<<(unsigned char)
 .text._ZN3I2C3setEh.isra.45
                0x0000000000080df4       0x33 objs_RED/act0.o
 .text._ZN3I2C5writeEhh.isra.46
                0x0000000000080e27       0x3e objs_RED/act0.o
 .text._ZN3mwx2L114periph_twowire6readerD2Ev
                0x0000000000080e65       0x31 objs_RED/act0.o
                0x0000000000080e65                mwx::L1::periph_twowire::reader::~reader()
                0x0000000000080e65                mwx::L1::periph_twowire::reader::~reader()
 .text._ZN3mwx2L114periph_twowire12beginReceiveEh
                0x0000000000080e96       0x34 objs_RED/act0.o
                0x0000000000080e96                mwx::L1::periph_twowire::beginReceive(unsigned char)
 .text._ZN3I2C4readEPhh.isra.47.constprop.56
                0x0000000000080eca       0xfa objs_RED/act0.o
 .text._ZN3mwx2L110periph_spi11transceiverC2ERS1_
                0x0000000000080fc4       0x39 objs_RED/act0.o
                0x0000000000080fc4                mwx::L1::periph_spi::transceiver::transceiver(mwx::L1::periph_spi&)
                0x0000000000080fc4                mwx::L1::periph_spi::transceiver::transceiver(mwx::L1::periph_spi&)
 .text._ZN3mwx2L110periph_spi11transceiverlsEi
                0x0000000000080ffd       0x3f objs_RED/act0.o
                0x0000000000080ffd                mwx::L1::periph_spi::transceiver::operator<<(int)
 .text._ZN3mwx2L110periph_spi11transceiverlsEh
                0x000000000008103c       0x3e objs_RED/act0.o
                0x000000000008103c                mwx::L1::periph_spi::transceiver::operator<<(unsigned char)
 .text._ZN3mwx2L19NwkSimpleC2Ev
                0x000000000008107a       0x44 objs_RED/act0.o
                0x000000000008107a                mwx::L1::NwkSimple::NwkSimple()
                0x000000000008107a                mwx::L1::NwkSimple::NwkSimple()
 .text._ZN4Quat9setToByteEPh
                0x00000000000810be       0x76 objs_RED/act0.o
                0x00000000000810be                Quat::setToByte(unsigned char*)
 .text._ZN3Vec9setToByteEPhh
                0x0000000000081134       0x65 objs_RED/act0.o
                0x0000000000081134                Vec::setToByte(unsigned char*, unsigned char)
 .text._ZN3Vec11setFromByteEPKhh
                0x0000000000081199       0x70 objs_RED/act0.o
                0x0000000000081199                Vec::setFromByte(unsigned char const*, unsigned char)
 .text._Z5setrshs
                0x0000000000081209       0xa1 objs_RED/act0.o
                0x0000000000081209                setrs(unsigned char, short)
 .text._Z10makePacketPhRhS_PsS0_S0_
                0x00000000000812aa       0x56 objs_RED/act0.o
                0x00000000000812aa                makePacket(unsigned char*, unsigned char&, unsigned char*, short*, unsigned char&, unsigned char&)
 .text._ZN3mwx2L16streamINS0_10periph_spi11transceiverEErsERh
                0x0000000000081300       0x62 objs_RED/act0.o
                0x0000000000081300                mwx::L1::stream<mwx::L1::periph_spi::transceiver>::operator>>(unsigned char&)
 .text._ZN5Flash14isWriteEnabledEv.isra.52
                0x0000000000081362       0x53 objs_RED/act0.o
 .text._ZN5Flash5writeEmPhhb.part.53
                0x00000000000813b5       0x85 objs_RED/act0.o
 .text._Z8get_datav
                0x000000000008143a      0x479 objs_RED/act0.o
                0x000000000008143a                get_data()
 .text._ZN5Flash8eraseAllEv
                0x00000000000818b3       0x54 objs_RED/act0.o
                0x00000000000818b3                Flash::eraseAll()
 .text._ZN3mwx2L16streamINS0_10serial_jenEElsEd
                0x0000000000081907       0x20 objs_RED/act0.o
                0x0000000000081907                mwx::L1::stream<mwx::L1::serial_jen>::operator<<(double)
 .text._ZN3mwx2L16streamINS0_10serial_jenEE6_printEPKc
                0x0000000000081927       0x21 objs_RED/act0.o
                0x0000000000081927                mwx::L1::stream<mwx::L1::serial_jen>::_print(char const*)
 .text._ZN3Vec5printEv
                0x0000000000081948       0x52 objs_RED/act0.o
                0x0000000000081948                Vec::print()
 .text._ZN4Quat5printEv
                0x000000000008199a       0x6c objs_RED/act0.o
                0x000000000008199a                Quat::print()
 .text._Z17majiKeisandekiru3v
                0x0000000000081a06      0x737 objs_RED/act0.o
                0x0000000000081a06                majiKeisandekiru3()
 .text._Z7setmodehb
                0x000000000008213d      0x1a6 objs_RED/act0.o
                0x000000000008213d                setmode(unsigned char, bool)
 .text._Z12on_rx_packetRN3mwx2L19packet_rxERh
                0x00000000000822e3       0x9b objs_RED/act0.o
                0x00000000000822e3                on_rx_packet(mwx::L1::packet_rx&, unsigned char&)
 .text._ZN3mwx2L123twenet_instance_manager3useINS0_9NwkSimpleEEERT_Rm
                0x000000000008237e       0xda objs_RED/act0.o
                0x000000000008237e                mwx::L1::NwkSimple& mwx::L1::twenet_instance_manager::use<mwx::L1::NwkSimple>(unsigned long&)
 .text._Z5setupv
                0x0000000000082458      0x388 objs_RED/act0.o
                0x0000000000082458                setup()
 .text._ZN3mwx2L114_pack_bytes_pbINS0_8_smplbufIhNS0_12alloc_attachIhEEEEKhIEEEiRT_St4pairIPT0_iEDpOT1_
                0x00000000000827e0       0x38 objs_RED/act0.o
                0x00000000000827e0                _ZN3mwx2L114_pack_bytes_pbINS0_8_smplbufIhNS0_12alloc_attachIhEEEEKhJEEEiRT_St4pairIPT0_iEDpOT1_
                0x00000000000827e0                int mwx::L1::_pack_bytes_pb<mwx::L1::_smplbuf<unsigned char, mwx::L1::alloc_attach<unsigned char> >, unsigned char const>(mwx::L1::_smplbuf<unsigned char, mwx::L1::alloc_attach<unsigned char> >&, std::pair<unsigned char const*, int>)
 .text._Z4sendhPKhh
                0x0000000000082818       0x79 objs_RED/act0.o
                0x0000000000082818                send(unsigned char, unsigned char const*, unsigned char)
 *fill*         0x0000000000082891        0x3 00
 .text._Z4loopv
                0x0000000000082894      0x34c objs_RED/act0.o
                0x0000000000082894                loop()
 .text.PRSEV_vProcessEv_core
                0x0000000000082be0       0xa2 /home/legrs/fksb/MWSTAGE/MWSDK/TWENET/current/lib/libTWENET_RED.a(ToCoNet_event.o)
 .text.PRSEV_vInit
                0x0000000000082c82       0x4a /home/legrs/fksb/MWSTAGE/MWSDK/TWENET/current/lib/libTWENET_RED.a(ToCoNet_event.o)
                0x0000000000082c82                PRSEV_vInit
 .text.PRSEV_u8Register
                0x0000000000082ccc       0x3e /home/legrs/fksb/MWSTAGE/MWSDK/TWENET/current/lib/libTWENET_RED.a(ToCoNet_event.o)
                0x0000000000082ccc                PRSEV_u8Register
 .text.PRSEV_u8RegisterEx
                0x0000000000082d0a       0x3e /home/legrs/fksb/MWSTAGE/MWSDK/TWENET/current/lib/libTWENET_RED.a(ToCoNet_event.o)
                0x0000000000082d0a                PRSEV_u8RegisterEx
 .text.PRSEV_peGetContextH
                0x0000000000082d48       0x1c /home/legrs/fksb/MWSTAGE/MWSDK/TWENET/current/lib/libTWENET_RED.a(ToCoNet_event.o)
                0x0000000000082d48                PRSEV_peGetContextH
 .text.PRSEV_vSetStateAll
                0x0000000000082d64       0x3b /home/legrs/fksb/MWSTAGE/MWSDK/TWENET/current/lib/libTWENET_RED.a(ToCoNet_event.o)
                0x0000000000082d64                PRSEV_vSetStateAll
 .text.PRSEV_vSetState
                0x0000000000082d9f       0x10 /home/legrs/fksb/MWSTAGE/MWSDK/TWENET/current/lib/libTWENET_RED.a(ToCoNet_event.o)
                0x0000000000082d9f                PRSEV_vSetState
 .text.PRSEV_vProcessEvPost
                0x0000000000082daf       0x32 /home/legrs/fksb/MWSTAGE/MWSDK/TWENET/current/lib/libTWENET_RED.a(ToCoNet_event.o)
                0x0000000000082daf                PRSEV_vProcessEvPost
 .text._PRSEV_vProcessEv
                0x0000000000082de1        0xf /home/legrs/fksb/MWSTAGE/MWSDK/TWENET/current/lib/libTWENET_RED.a(ToCoNet_event.o)
                0x0000000000082de1                _PRSEV_vProcessEv
 .text._PRSEV_vProcessEvSingle
                0x0000000000082df0        0xd /home/legrs/fksb/MWSTAGE/MWSDK/TWENET/current/lib/libTWENET_RED.a(ToCoNet_event.o)
                0x0000000000082df0                _PRSEV_vProcessEvSingle
 .text._PRSEV_vProcessEvSingleH
                0x0000000000082dfd        0xf /home/legrs/fksb/MWSTAGE/MWSDK/TWENET/current/lib/libTWENET_RED.a(ToCoNet_event.o)
                0x0000000000082dfd                _PRSEV_vProcessEvSingleH
 .text.PRSEV_bPostEvent
                0x0000000000082e0c       0x24 /home/legrs/fksb/MWSTAGE/MWSDK/TWENET/current/lib/libTWENET_RED.a(ToCoNet_event.o)
                0x0000000000082e0c                PRSEV_bPostEvent
 .text.ToCoNet_Event_StateExec
                0x0000000000082e30       0x34 /home/legrs/fksb/MWSTAGE/MWSDK/TWENET/current/lib/libTWENET_RED.a(ToCoNet_event.o)
                0x0000000000082e30                ToCoNet_Event_StateExec
 .text.vProcessIncomingHwEvent
                0x0000000000082e64       0xc5 /home/legrs/fksb/MWSTAGE/MWSDK/TWENET/current/lib/libTWENET_RED.a(ToCoNet_main.o)
 .text.u8HwEventHandler
                0x0000000000082f29       0x1d /home/legrs/fksb/MWSTAGE/MWSDK/TWENET/current/lib/libTWENET_RED.a(ToCoNet_main.o)
 .text.vProcessEvCoreMac
                0x0000000000082f46       0x67 /home/legrs/fksb/MWSTAGE/MWSDK/TWENET/current/lib/libTWENET_RED.a(ToCoNet_main.o)
                0x0000000000082f46                vProcessEvCoreMac
 .text.ToCoNet_vDebugInit
                0x0000000000082fad        0x9 /home/legrs/fksb/MWSTAGE/MWSDK/TWENET/current/lib/libTWENET_RED.a(ToCoNet_main.o)
                0x0000000000082fad                ToCoNet_vDebugInit
 .text.ToCoNet_vDebugLevel
                0x0000000000082fb6        0x9 /home/legrs/fksb/MWSTAGE/MWSDK/TWENET/current/lib/libTWENET_RED.a(ToCoNet_main.o)
                0x0000000000082fb6                ToCoNet_vDebugLevel
 .text.ToCoNet_vInit
                0x0000000000082fbf      0x131 /home/legrs/fksb/MWSTAGE/MWSDK/TWENET/current/lib/libTWENET_RED.a(ToCoNet_main.o)
                0x0000000000082fbf                ToCoNet_vInit
 .text.ToCoNet_vStart
                0x00000000000830f0      0x3be /home/legrs/fksb/MWSTAGE/MWSDK/TWENET/current/lib/libTWENET_RED.a(ToCoNet_main.o)
                0x00000000000830f0                ToCoNet_vStart
 .text.ToCoNet_vMacStart
                0x00000000000834ae        0xe /home/legrs/fksb/MWSTAGE/MWSDK/TWENET/current/lib/libTWENET_RED.a(ToCoNet_main.o)
                0x00000000000834ae                ToCoNet_vMacStart
 .text.ToCoNet_vMain
                0x00000000000834bc      0x214 /home/legrs/fksb/MWSTAGE/MWSDK/TWENET/current/lib/libTWENET_RED.a(ToCoNet_main.o)
                0x00000000000834bc                ToCoNet_vMain
 .text.ToCoNet_vRfConfig
                0x00000000000836d0        0x3 /home/legrs/fksb/MWSTAGE/MWSDK/TWENET/current/lib/libTWENET_RED.a(ToCoNet_main.o)
                0x00000000000836d0                ToCoNet_vRfConfig
 .text.ToCoNet_bMaxTxQueueAvailable
                0x00000000000836d3       0x1b /home/legrs/fksb/MWSTAGE/MWSDK/TWENET/current/lib/libTWENET_RED.a(ToCoNet_main.o)
                0x00000000000836d3                ToCoNet_bMaxTxQueueAvailable
 .text.ToCoNet_bMacTxReq
                0x00000000000836ee      0x123 /home/legrs/fksb/MWSTAGE/MWSDK/TWENET/current/lib/libTWENET_RED.a(ToCoNet_main.o)
                0x00000000000836ee                ToCoNet_bMacTxReq
 .text._ToCoNet_bRaisePanic
                0x0000000000083811       0x31 /home/legrs/fksb/MWSTAGE/MWSDK/TWENET/current/lib/libTWENET_RED.a(ToCoNet_main.o)
                0x0000000000083811                _ToCoNet_bRaisePanic
 .text.ToCoNet_u32GetVersion
                0x0000000000083842       0x21 /home/legrs/fksb/MWSTAGE/MWSDK/TWENET/current/lib/libTWENET_RED.a(ToCoNet_utils.o)
                0x0000000000083842                ToCoNet_u32GetVersion
 .text.ToCoNet_u16GetPanId
                0x0000000000083863        0x9 /home/legrs/fksb/MWSTAGE/MWSDK/TWENET/current/lib/libTWENET_RED.a(ToCoNet_utils.o)
                0x0000000000083863                ToCoNet_u16GetPanId
 .text.ToCoNet_u32GetSerial
                0x000000000008386c        0x9 /home/legrs/fksb/MWSTAGE/MWSDK/TWENET/current/lib/libTWENET_RED.a(ToCoNet_utils.o)
                0x000000000008386c                ToCoNet_u32GetSerial
 .text.ToCoNet_u32GetRand
                0x0000000000083875       0x62 /home/legrs/fksb/MWSTAGE/MWSDK/TWENET/current/lib/libTWENET_RED.a(ToCoNet_utils.o)
                0x0000000000083875                ToCoNet_u32GetRand
 .text.ToCoNet_vRxProc_Mod
                0x00000000000838d7       0x41 /home/legrs/fksb/MWSTAGE/MWSDK/TWENET/current/lib/libTWENET_RED.a(ToCoNet_mod_Nwk_Common.o)
                0x00000000000838d7                ToCoNet_vRxProc_Mod
 .text.ToCoNet_vRxProc_App
                0x0000000000083918       0x8c /home/legrs/fksb/MWSTAGE/MWSDK/TWENET/current/lib/libTWENET_RED.a(ToCoNet_mod_Nwk_Common.o)
                0x0000000000083918                ToCoNet_vRxProc_App
 .text.ToCoNet_ChMgr_bCh_OnTx
                0x00000000000839a4       0x69 /home/legrs/fksb/MWSTAGE/MWSDK/TWENET/current/lib/libTWENET_RED.a(ToCoNet_mod_Channel_Mgr.o)
                0x00000000000839a4                ToCoNet_ChMgr_bCh_OnTx
 .text.ToCoNet_ChMgr_bCh_Reconfig
                0x0000000000083a0d       0x69 /home/legrs/fksb/MWSTAGE/MWSDK/TWENET/current/lib/libTWENET_RED.a(ToCoNet_mod_Channel_Mgr.o)
                0x0000000000083a0d                ToCoNet_ChMgr_bCh_Reconfig
 .text.ToCoNet_ChMgr_vCh_TxFin
                0x0000000000083a76       0x2c /home/legrs/fksb/MWSTAGE/MWSDK/TWENET/current/lib/libTWENET_RED.a(ToCoNet_mod_Channel_Mgr.o)
                0x0000000000083a76                ToCoNet_ChMgr_vCh_TxFin
 .text.pvFifoPull
                0x0000000000083aa2       0x27 /home/legrs/fksb/MWSTAGE/MWSDK/TWENET/current/lib/libTWENET_RED.a(AppQueueApi_ToCoNet.o)
 .text.psAppQApiGetMcpsBuffer
                0x0000000000083ac9        0x8 /home/legrs/fksb/MWSTAGE/MWSDK/TWENET/current/lib/libTWENET_RED.a(AppQueueApi_ToCoNet.o)
 .text.psAppQApiGetMlmeBuffer
                0x0000000000083ad1        0x8 /home/legrs/fksb/MWSTAGE/MWSDK/TWENET/current/lib/libTWENET_RED.a(AppQueueApi_ToCoNet.o)
 .text.bFifoPush
                0x0000000000083ad9       0x39 /home/legrs/fksb/MWSTAGE/MWSDK/TWENET/current/lib/libTWENET_RED.a(AppQueueApi_ToCoNet.o)
 .text.vAppQApiPostMcps
                0x0000000000083b12       0x1b /home/legrs/fksb/MWSTAGE/MWSDK/TWENET/current/lib/libTWENET_RED.a(AppQueueApi_ToCoNet.o)
 .text.vAppQApiPostMlme
                0x0000000000083b2d       0x1f /home/legrs/fksb/MWSTAGE/MWSDK/TWENET/current/lib/libTWENET_RED.a(AppQueueApi_ToCoNet.o)
 .text.vAppQApiPostHwIntT
                0x0000000000083b4c       0xbd /home/legrs/fksb/MWSTAGE/MWSDK/TWENET/current/lib/libTWENET_RED.a(AppQueueApi_ToCoNet.o)
 .text.u32AppQApiInitInt_PATCH
                0x0000000000083c09        0xa /home/legrs/fksb/MWSTAGE/MWSDK/TWENET/current/lib/libTWENET_RED.a(AppQueueApi_ToCoNet.o)
                0x0000000000083c09                u32AppQApiInitInt_PATCH
 .text.u32AppQApiInitNetwork
                0x0000000000083c13       0x1f /home/legrs/fksb/MWSTAGE/MWSDK/TWENET/current/lib/libTWENET_RED.a(AppQueueApi_ToCoNet.o)
                0x0000000000083c13                u32AppQApiInitNetwork
 .text.u32AppQApiInitT
                0x0000000000083c32      0x1b8 /home/legrs/fksb/MWSTAGE/MWSDK/TWENET/current/lib/libTWENET_RED.a(AppQueueApi_ToCoNet.o)
                0x0000000000083c32                u32AppQApiInitT
 .text.psAppQApiReadMlmeIndT
                0x0000000000083dea        0x9 /home/legrs/fksb/MWSTAGE/MWSDK/TWENET/current/lib/libTWENET_RED.a(AppQueueApi_ToCoNet.o)
                0x0000000000083dea                psAppQApiReadMlmeIndT
 .text.psAppQApiReadMcpsIndT
                0x0000000000083df3        0x9 /home/legrs/fksb/MWSTAGE/MWSDK/TWENET/current/lib/libTWENET_RED.a(AppQueueApi_ToCoNet.o)
                0x0000000000083df3                psAppQApiReadMcpsIndT
 .text.psAppQApiReadHwIndT
                0x0000000000083dfc        0x9 /home/legrs/fksb/MWSTAGE/MWSDK/TWENET/current/lib/libTWENET_RED.a(AppQueueApi_ToCoNet.o)
                0x0000000000083dfc                psAppQApiReadHwIndT
 .text.vAppQApiReturnMlmeIndBufferT
                0x0000000000083e05        0xb /home/legrs/fksb/MWSTAGE/MWSDK/TWENET/current/lib/libTWENET_RED.a(AppQueueApi_ToCoNet.o)
                0x0000000000083e05                vAppQApiReturnMlmeIndBufferT
 .text.vAppQApiReturnMcpsIndBufferT
                0x0000000000083e10        0xb /home/legrs/fksb/MWSTAGE/MWSDK/TWENET/current/lib/libTWENET_RED.a(AppQueueApi_ToCoNet.o)
                0x0000000000083e10                vAppQApiReturnMcpsIndBufferT
 .text.vAppQApiReturnHwIndBufferT
                0x0000000000083e1b        0xb /home/legrs/fksb/MWSTAGE/MWSDK/TWENET/current/lib/libTWENET_RED.a(AppQueueApi_ToCoNet.o)
                0x0000000000083e1b                vAppQApiReturnHwIndBufferT
 .text.AppColdStart
                0x0000000000083e26      0x4fe /home/legrs/fksb/MWSTAGE/MWSDK/TWENET/current/lib/libTWENEText_RED.a(AppStart.o)
                0x0000000000083e26                AppColdStart
 .text._ToCoNet_vMacInit
                0x0000000000084324       0x26 /home/legrs/fksb/MWSTAGE/MWSDK/TWENET/current/lib/libTWENEText_RED.a(AppStart.o)
                0x0000000000084324                _ToCoNet_vMacInit
 .text.AppWarmStart
                0x000000000008434a       0x93 /home/legrs/fksb/MWSTAGE/MWSDK/TWENET/current/lib/libTWENEText_RED.a(AppStart.o)
                0x000000000008434a                AppWarmStart
 .text._ToCoNet_bRfChChannel
                0x00000000000843dd       0x97 /home/legrs/fksb/MWSTAGE/MWSDK/TWENET/current/lib/libTWENEText_RED.a(AppStart.o)
                0x00000000000843dd                _ToCoNet_bRfChChannel
 .text._ToCoNet_vRfConfig
                0x0000000000084474      0x113 /home/legrs/fksb/MWSTAGE/MWSDK/TWENET/current/lib/libTWENEText_RED.a(AppStart.o)
                0x0000000000084474                _ToCoNet_vRfConfig
 .text.ToCoNet_u32GetSerialOnBoot
                0x0000000000084587       0x43 /home/legrs/fksb/MWSTAGE/MWSDK/TWENET/current/lib/libTWENEText_RED.a(getMacAddr.o)
                0x0000000000084587                ToCoNet_u32GetSerialOnBoot
 .text.Mac_vInit
                0x00000000000845ca       0x4c /home/legrs/fksb/MWSTAGE/MWSDK/TWENET/current/lib/libTWENEText_RED.a(mac.o)
                0x00000000000845ca                Mac_vInit
 .text.Mac_bRxQueueReg
                0x0000000000084616       0x38 /home/legrs/fksb/MWSTAGE/MWSDK/TWENET/current/lib/libTWENEText_RED.a(mac.o)
                0x0000000000084616                Mac_bRxQueueReg
 .text.bEncodeAES
                0x000000000008464e       0xae /home/legrs/fksb/MWSTAGE/MWSDK/TWENET/current/lib/libTWENEText_RED.a(mac.o)
                0x000000000008464e                bEncodeAES
 .text.Mac_bTransmit
                0x00000000000846fc      0x21c /home/legrs/fksb/MWSTAGE/MWSDK/TWENET/current/lib/libTWENEText_RED.a(mac.o)
                0x00000000000846fc                Mac_bTransmit
 .text.bDecodeAES
                0x0000000000084918       0xc9 /home/legrs/fksb/MWSTAGE/MWSDK/TWENET/current/lib/libTWENEText_RED.a(mac.o)
                0x0000000000084918                bDecodeAES
 .text.Mac_vHandleMcpsDataInd
                0x00000000000849e1      0x2de /home/legrs/fksb/MWSTAGE/MWSDK/TWENET/current/lib/libTWENEText_RED.a(mac.o)
                0x00000000000849e1                Mac_vHandleMcpsDataInd
 .text.Mac_vReset
                0x0000000000084cbf       0x1d /home/legrs/fksb/MWSTAGE/MWSDK/TWENET/current/lib/libTWENEText_RED.a(mac.o)
                0x0000000000084cbf                Mac_vReset
 .text.Mac_vSetRetry
                0x0000000000084cdc       0x18 /home/legrs/fksb/MWSTAGE/MWSDK/TWENET/current/lib/libTWENEText_RED.a(mac.o)
                0x0000000000084cdc                Mac_vSetRetry
 .text.Mac_vSetCCA
                0x0000000000084cf4       0x29 /home/legrs/fksb/MWSTAGE/MWSDK/TWENET/current/lib/libTWENEText_RED.a(mac.o)
                0x0000000000084cf4                Mac_vSetCCA
 .text.bAES_CCM_DecodeKey
                0x0000000000084d1d       0x8e /home/legrs/fksb/MWSTAGE/MWSDK/TWENET/current/lib/libTWENEText_RED.a(AES_CCM.o)
                0x0000000000084d1d                bAES_CCM_DecodeKey
 .text.bAES_CCM_EncodeKey
                0x0000000000084dab       0x7f /home/legrs/fksb/MWSTAGE/MWSDK/TWENET/current/lib/libTWENEText_RED.a(AES_CCM.o)
                0x0000000000084dab                bAES_CCM_EncodeKey
 .text.bAES_CCM_KeyReg
                0x0000000000084e2a       0x3f /home/legrs/fksb/MWSTAGE/MWSDK/TWENET/current/lib/libTWENEText_RED.a(AES_CCM.o)
                0x0000000000084e2a                bAES_CCM_KeyReg
 .text.bAES_CCM_Encode
                0x0000000000084e69       0x1e /home/legrs/fksb/MWSTAGE/MWSDK/TWENET/current/lib/libTWENEText_RED.a(AES_CCM.o)
                0x0000000000084e69                bAES_CCM_Encode
 .text.bAES_CCM_Decode
                0x0000000000084e87       0x1e /home/legrs/fksb/MWSTAGE/MWSDK/TWENET/current/lib/libTWENEText_RED.a(AES_CCM.o)
                0x0000000000084e87                bAES_CCM_Decode
 .text.vHandlerPatch
                0x0000000000084ea5       0x37 /home/legrs/fksb/MWSTAGE/MWSDK/TWENET/current/lib/libTWENEText_RED.a(no_ack_handler.o)
 .text.vInstallNoAckHandler
                0x0000000000084edc       0x2a /home/legrs/fksb/MWSTAGE/MWSDK/TWENET/current/lib/libTWENEText_RED.a(no_ack_handler.o)
                0x0000000000084edc                vInstallNoAckHandler
 .text.SERIAL_vTxReady
                0x0000000000084f06       0x2f /home/legrs/fksb/MWSTAGE/MWSDK/TWENET/current/lib/libTWENETutils_RED.a(serial.o)
                0x0000000000084f06                SERIAL_vTxReady
 .text.vRxChar  0x0000000000084f35       0x35 /home/legrs/fksb/MWSTAGE/MWSDK/TWENET/current/lib/libTWENETutils_RED.a(serial.o)
 .text.SERIAL_vInitEx
                0x0000000000084f6a       0x78 /home/legrs/fksb/MWSTAGE/MWSDK/TWENET/current/lib/libTWENETutils_RED.a(serial.o)
                0x0000000000084f6a                SERIAL_vInitEx
 .text.SERIAL_bTxChar
                0x0000000000084fe2       0x8e /home/legrs/fksb/MWSTAGE/MWSDK/TWENET/current/lib/libTWENETutils_RED.a(serial.o)
                0x0000000000084fe2                SERIAL_bTxChar
 .text.SERIAL_i16RxChar
                0x0000000000085070       0x41 /home/legrs/fksb/MWSTAGE/MWSDK/TWENET/current/lib/libTWENETutils_RED.a(serial.o)
                0x0000000000085070                SERIAL_i16RxChar
 .text.SERIAL_bRxQueueEmpty
                0x00000000000850b1       0x17 /home/legrs/fksb/MWSTAGE/MWSDK/TWENET/current/lib/libTWENETutils_RED.a(serial.o)
                0x00000000000850b1                SERIAL_bRxQueueEmpty
 .text.SERIAL_vFlush
                0x00000000000850c8       0x49 /home/legrs/fksb/MWSTAGE/MWSDK/TWENET/current/lib/libTWENETutils_RED.a(serial.o)
                0x00000000000850c8                SERIAL_vFlush
 .text.UART_vHandleUartInterrupt
                0x0000000000085111       0x70 /home/legrs/fksb/MWSTAGE/MWSDK/TWENET/current/lib/libTWENETutils_RED.a(uart.o)
 .text.UART_vInit
                0x0000000000085181      0x1a9 /home/legrs/fksb/MWSTAGE/MWSDK/TWENET/current/lib/libTWENETutils_RED.a(uart.o)
                0x0000000000085181                UART_vInit
 .text.UART_vRtsStopFlow
                0x000000000008532a       0x20 /home/legrs/fksb/MWSTAGE/MWSDK/TWENET/current/lib/libTWENETutils_RED.a(uart.o)
                0x000000000008532a                UART_vRtsStopFlow
 .text.UART_vRtsStartFlow
                0x000000000008534a       0x20 /home/legrs/fksb/MWSTAGE/MWSDK/TWENET/current/lib/libTWENETutils_RED.a(uart.o)
                0x000000000008534a                UART_vRtsStartFlow
 .text.UART_vTxChar
                0x000000000008536a        0x4 /home/legrs/fksb/MWSTAGE/MWSDK/TWENET/current/lib/libTWENETutils_RED.a(uart.o)
                0x000000000008536a                UART_vTxChar
 .text.UART_bTxReady
                0x000000000008536e        0xc /home/legrs/fksb/MWSTAGE/MWSDK/TWENET/current/lib/libTWENETutils_RED.a(uart.o)
                0x000000000008536e                UART_bTxReady
 .text.UART_vSetTxInterrupt
                0x000000000008537a       0x18 /home/legrs/fksb/MWSTAGE/MWSDK/TWENET/current/lib/libTWENETutils_RED.a(uart.o)
                0x000000000008537a                UART_vSetTxInterrupt
 .text.QUEUE__vInit
                0x0000000000085392       0x12 /home/legrs/fksb/MWSTAGE/MWSDK/TWENET/current/lib/libTWENETutils_RED.a(ByteQueue.o)
                0x0000000000085392                QUEUE__vInit
 .text.QUEUE__vAddItem
                0x00000000000853a4       0x71 /home/legrs/fksb/MWSTAGE/MWSDK/TWENET/current/lib/libTWENETutils_RED.a(ByteQueue.o)
                0x00000000000853a4                QUEUE__vAddItem
 .text.QUEUE__u8RemoveItem
                0x0000000000085415       0x6c /home/legrs/fksb/MWSTAGE/MWSDK/TWENET/current/lib/libTWENETutils_RED.a(ByteQueue.o)
                0x0000000000085415                QUEUE__u8RemoveItem
 .text.QUEUE__vFlush
                0x0000000000085481       0x1f /home/legrs/fksb/MWSTAGE/MWSDK/TWENET/current/lib/libTWENETutils_RED.a(ByteQueue.o)
                0x0000000000085481                QUEUE__vFlush
 .text.QUEUE__u16Count
                0x00000000000854a0        0x6 /home/legrs/fksb/MWSTAGE/MWSDK/TWENET/current/lib/libTWENETutils_RED.a(ByteQueue.o)
                0x00000000000854a0                QUEUE__u16Count
 .text.u8CCITT8
                0x00000000000854a6       0x26 /home/legrs/fksb/MWSTAGE/MWSDK/TWENET/current/lib/libTWENETutils_RED.a(ccitt8.o)
                0x00000000000854a6                u8CCITT8
 .text.s_div_by
                0x00000000000854cc       0x31 /home/legrs/fksb/MWSTAGE/MWSDK/TWENET/current/lib/libTWENETutils_RED.a(utils.o)
                0x00000000000854cc                s_div_by
 .text.vTimerChangeHzCore.part.0
                0x00000000000854fd       0x34 /home/legrs/fksb/MWSTAGE/MWSDK/TWENET/current/lib/libTWENETutils_RED.a(utils.o)
 *fill*         0x0000000000085531        0x3 00
 .text.vTimerConfig
                0x0000000000085534      0x168 /home/legrs/fksb/MWSTAGE/MWSDK/TWENET/current/lib/libTWENETutils_RED.a(utils.o)
                0x0000000000085534                vTimerConfig
 .text.vTimerStart
                0x000000000008569c       0x8c /home/legrs/fksb/MWSTAGE/MWSDK/TWENET/current/lib/libTWENETutils_RED.a(utils.o)
                0x000000000008569c                vTimerStart
 .text.vTimerChangeHzEx
                0x0000000000085728       0x25 /home/legrs/fksb/MWSTAGE/MWSDK/TWENET/current/lib/libTWENETutils_RED.a(utils.o)
                0x0000000000085728                vTimerChangeHzEx
 .text.vTimerChangeDutyCore
                0x000000000008574d       0x74 /home/legrs/fksb/MWSTAGE/MWSDK/TWENET/current/lib/libTWENETutils_RED.a(utils.o)
                0x000000000008574d                vTimerChangeDutyCore
 .text.vTimerChangeDuty
                0x00000000000857c1        0xa /home/legrs/fksb/MWSTAGE/MWSDK/TWENET/current/lib/libTWENETutils_RED.a(utils.o)
                0x00000000000857c1                vTimerChangeDuty
 .text.vTimerStop
                0x00000000000857cb       0x2f /home/legrs/fksb/MWSTAGE/MWSDK/TWENET/current/lib/libTWENETutils_RED.a(utils.o)
                0x00000000000857cb                vTimerStop
 .text.vTimerDisable
                0x00000000000857fa       0x2a /home/legrs/fksb/MWSTAGE/MWSDK/TWENET/current/lib/libTWENETutils_RED.a(utils.o)
                0x00000000000857fa                vTimerDisable
 .text.TWEINTRCT_bIsVerbose
                0x0000000000085824        0x9 /home/legrs/fksb/MWSTAGE/MWSDK/TWENET/current/lib/libTWENETstgs_RED.a(tweinteractive.o)
                0x0000000000085824                TWEINTRCT_bIsVerbose
 .text.vOutputStream
                0x000000000008582d        0xc /home/legrs/fksb/MWSTAGE/MWSDK/TWENET/current/lib/libTWENETstgs_RED.a(tweprintf.o)
 .text.TWE_fprintf
                0x0000000000085839       0x31 /home/legrs/fksb/MWSTAGE/MWSDK/TWENET/current/lib/libTWENETstgs_RED.a(tweprintf.o)
                0x0000000000085839                TWE_fprintf
 .text.TWE_vfprintf
                0x000000000008586a       0x21 /home/legrs/fksb/MWSTAGE/MWSDK/TWENET/current/lib/libTWENETstgs_RED.a(tweprintf.o)
                0x000000000008586a                TWE_vfprintf
 .text.TWESYSUTL_vWaitPoll
                0x000000000008588b       0xa0 /home/legrs/fksb/MWSTAGE/MWSDK/TWENET/current/lib/libTWENETstgs_RED.a(twesysutils.o)
                0x000000000008588b                TWESYSUTL_vWaitPoll
 .text._out_null
                0x000000000008592b        0x3 /home/legrs/fksb/MWSTAGE/MWSDK/TWENET/current/lib/libTWENETstgs_RED.a(printf.o)
 .text._out_rev
                0x000000000008592e       0xbc /home/legrs/fksb/MWSTAGE/MWSDK/TWENET/current/lib/libTWENETstgs_RED.a(printf.o)
 .text._ntoa_format
                0x00000000000859ea      0x1b2 /home/legrs/fksb/MWSTAGE/MWSDK/TWENET/current/lib/libTWENETstgs_RED.a(printf.o)
 .text._ntoa_long
                0x0000000000085b9c       0xb6 /home/legrs/fksb/MWSTAGE/MWSDK/TWENET/current/lib/libTWENETstgs_RED.a(printf.o)
 .text._ntoa_long_long
                0x0000000000085c52       0xcf /home/legrs/fksb/MWSTAGE/MWSDK/TWENET/current/lib/libTWENETstgs_RED.a(printf.o)
 .text._out_fct
                0x0000000000085d21       0x15 /home/legrs/fksb/MWSTAGE/MWSDK/TWENET/current/lib/libTWENETstgs_RED.a(printf.o)
 .text._ftoa    0x0000000000085d36      0x417 /home/legrs/fksb/MWSTAGE/MWSDK/TWENET/current/lib/libTWENETstgs_RED.a(printf.o)
 .text._etoa    0x000000000008614d      0x3e6 /home/legrs/fksb/MWSTAGE/MWSDK/TWENET/current/lib/libTWENETstgs_RED.a(printf.o)
 *fill*         0x0000000000086533        0x1 00
 .text._vsnprintf
                0x0000000000086534      0x98c /home/legrs/fksb/MWSTAGE/MWSDK/TWENET/current/lib/libTWENETstgs_RED.a(printf.o)
                0x0000000000086534                _vsnprintf
 .text.fctprintf
                0x0000000000086ec0       0x2a /home/legrs/fksb/MWSTAGE/MWSDK/TWENET/current/lib/libTWENETstgs_RED.a(printf.o)
                0x0000000000086ec0                fctprintf
 .text.fctvprintf
                0x0000000000086eea       0x1f /home/legrs/fksb/MWSTAGE/MWSDK/TWENET/current/lib/libTWENETstgs_RED.a(printf.o)
                0x0000000000086eea                fctvprintf
 .text.MWX_DebugMsg
                0x0000000000086f09       0x43 /home/legrs/fksb/MWSTAGE/MWSDK/TWENET/current/lib/libmwx_RED.a(mwx_debug.o)
                0x0000000000086f09                MWX_DebugMsg
 .text.MWX_Panic
                0x0000000000086f4c       0x4f /home/legrs/fksb/MWSTAGE/MWSDK/TWENET/current/lib/libmwx_RED.a(mwx_debug.o)
                0x0000000000086f4c                MWX_Panic
 .text._ZN3mwx2L110serial_jen13_set_baudrateEt.isra.2
                0x0000000000086f9b       0xa7 /home/legrs/fksb/MWSTAGE/MWSDK/TWENET/current/lib/libmwx_RED.a(mwx_appcore.o)
 .text._ZN3mwx2L110serial_jen6_beginEv.part.25
                0x0000000000087042       0x5a /home/legrs/fksb/MWSTAGE/MWSDK/TWENET/current/lib/libmwx_RED.a(mwx_appcore.o)
 .text._ZN3mwx2L110serial_jen10_on_wakeupEv.part.27
                0x000000000008709c       0x79 /home/legrs/fksb/MWSTAGE/MWSDK/TWENET/current/lib/libmwx_RED.a(mwx_appcore.o)
 .text._ZN3mwx2L110serial_jenC2Eh
                0x0000000000087115       0x30 /home/legrs/fksb/MWSTAGE/MWSDK/TWENET/current/lib/libmwx_RED.a(mwx_appcore.o)
                0x0000000000087115                mwx::L1::serial_jen::serial_jen(unsigned char)
                0x0000000000087115                mwx::L1::serial_jen::serial_jen(unsigned char)
 .text._ZN3mwx2L112appdefs_virt19cbToCoNet_vNwkEventERNS0_13packet_ev_nwkE
                0x0000000000087145       0x18 /home/legrs/fksb/MWSTAGE/MWSDK/TWENET/current/lib/libmwx_RED.a(mwx_appcore.o)
                0x0000000000087145                mwx::L1::appdefs_virt::cbToCoNet_vNwkEvent(mwx::L1::packet_ev_nwk&)
 .text._ZN3mwx2L112appdefs_virt18cbToCoNet_vRxEventERNS0_9packet_rxE
                0x000000000008715d       0x18 /home/legrs/fksb/MWSTAGE/MWSDK/TWENET/current/lib/libmwx_RED.a(mwx_appcore.o)
                0x000000000008715d                mwx::L1::appdefs_virt::cbToCoNet_vRxEvent(mwx::L1::packet_rx&)
 .text._ZN3mwx2L112appdefs_virt18cbToCoNet_vTxEventERNS0_12packet_ev_txE
                0x0000000000087175       0x18 /home/legrs/fksb/MWSTAGE/MWSDK/TWENET/current/lib/libmwx_RED.a(mwx_appcore.o)
                0x0000000000087175                mwx::L1::appdefs_virt::cbToCoNet_vTxEvent(mwx::L1::packet_ev_tx&)
 .text._ZN3mwx2L112appdefs_virt18cbToCoNet_vHwEventEmm
                0x000000000008718d       0x18 /home/legrs/fksb/MWSTAGE/MWSDK/TWENET/current/lib/libmwx_RED.a(mwx_appcore.o)
                0x000000000008718d                mwx::L1::appdefs_virt::cbToCoNet_vHwEvent(unsigned long, unsigned long)
 .text._ZN3mwx2L112appdefs_virt8on_eventEmRm
                0x00000000000871a5       0x18 /home/legrs/fksb/MWSTAGE/MWSDK/TWENET/current/lib/libmwx_RED.a(mwx_appcore.o)
                0x00000000000871a5                mwx::L1::appdefs_virt::on_event(unsigned long, unsigned long&)
 .text._ZN3mwx2L114periph_twowireC2Eh
                0x00000000000871bd       0x3d /home/legrs/fksb/MWSTAGE/MWSDK/TWENET/current/lib/libmwx_RED.a(mwx_appcore.o)
                0x00000000000871bd                mwx::L1::periph_twowire::periph_twowire(unsigned char)
                0x00000000000871bd                mwx::L1::periph_twowire::periph_twowire(unsigned char)
 .text._ZN3mwx2L112periph_timer10_on_wakeupEv
                0x00000000000871fa       0x44 /home/legrs/fksb/MWSTAGE/MWSDK/TWENET/current/lib/libmwx_RED.a(mwx_appcore.o)
                0x00000000000871fa                mwx::L1::periph_timer::_on_wakeup()
 .text._ZN3mwx2L115periph_analogueC2Ev
                0x000000000008723e       0x2b /home/legrs/fksb/MWSTAGE/MWSDK/TWENET/current/lib/libmwx_RED.a(mwx_appcore.o)
                0x000000000008723e                mwx::L1::periph_analogue::periph_analogue()
                0x000000000008723e                mwx::L1::periph_analogue::periph_analogue()
 .text._ZN3mwx2L115periph_analogue5setupEbhPFvvE
                0x0000000000087269       0x5f /home/legrs/fksb/MWSTAGE/MWSDK/TWENET/current/lib/libmwx_RED.a(mwx_appcore.o)
                0x0000000000087269                mwx::L1::periph_analogue::setup(bool, unsigned char, void (*)())
 .text._ZN3mwx2L115periph_analogue10_adc_startEv
                0x00000000000872c8       0x55 /home/legrs/fksb/MWSTAGE/MWSDK/TWENET/current/lib/libmwx_RED.a(mwx_appcore.o)
                0x00000000000872c8                mwx::L1::periph_analogue::_adc_start()
 .text._ZN3mwx2L123twenet_tx_cb_managementC2Ev
                0x000000000008731d       0x1e /home/legrs/fksb/MWSTAGE/MWSDK/TWENET/current/lib/libmwx_RED.a(mwx_appcore.o)
                0x000000000008731d                mwx::L1::twenet_tx_cb_management::twenet_tx_cb_management()
                0x000000000008731d                mwx::L1::twenet_tx_cb_management::twenet_tx_cb_management()
 .text._ZN3mwx2L122twenet_rx_packet_queue5_pushERNS0_9packet_rxE
                0x000000000008733b       0x96 /home/legrs/fksb/MWSTAGE/MWSDK/TWENET/current/lib/libmwx_RED.a(mwx_appcore.o)
                0x000000000008733b                mwx::L1::twenet_rx_packet_queue::_push(mwx::L1::packet_rx&)
 .text._Z13init_coldbootv
                0x00000000000873d1        0x3 /home/legrs/fksb/MWSTAGE/MWSDK/TWENET/current/lib/libmwx_RED.a(mwx_appcore.o)
                0x00000000000873d1                init_coldboot()
 .text._Z13init_warmbootv
                0x00000000000873d4        0x3 /home/legrs/fksb/MWSTAGE/MWSDK/TWENET/current/lib/libmwx_RED.a(mwx_appcore.o)
                0x00000000000873d4                init_warmboot()
 .text._Z6wakeupv
                0x00000000000873d7        0x3 /home/legrs/fksb/MWSTAGE/MWSDK/TWENET/current/lib/libmwx_RED.a(mwx_appcore.o)
                0x00000000000873d7                wakeup()
 .text._Z5beginv
                0x00000000000873da        0x3 /home/legrs/fksb/MWSTAGE/MWSDK/TWENET/current/lib/libmwx_RED.a(mwx_appcore.o)
                0x00000000000873da                begin()
 .text.cbToCoNet_vMain
                0x00000000000873dd       0xb4 /home/legrs/fksb/MWSTAGE/MWSDK/TWENET/current/lib/libmwx_RED.a(mwx_appcore.o)
                0x00000000000873dd                cbToCoNet_vMain
 .text.cbToCoNet_vNwkEvent
                0x0000000000087491       0x90 /home/legrs/fksb/MWSTAGE/MWSDK/TWENET/current/lib/libmwx_RED.a(mwx_appcore.o)
                0x0000000000087491                cbToCoNet_vNwkEvent
 *fill*         0x0000000000087521        0x3 00
 .text.cbToCoNet_vHwEvent
                0x0000000000087524      0x160 /home/legrs/fksb/MWSTAGE/MWSDK/TWENET/current/lib/libmwx_RED.a(mwx_appcore.o)
                0x0000000000087524                cbToCoNet_vHwEvent
 .text.cbToCoNet_u8HwInt
                0x0000000000087684       0x94 /home/legrs/fksb/MWSTAGE/MWSDK/TWENET/current/lib/libmwx_RED.a(mwx_appcore.o)
                0x0000000000087684                cbToCoNet_u8HwInt
 .text._Z16_MWX_periph_initv
                0x0000000000087718       0xef /home/legrs/fksb/MWSTAGE/MWSDK/TWENET/current/lib/libmwx_RED.a(mwx_appcore.o)
                0x0000000000087718                _MWX_periph_init()
 .text._Z14_MWX_vOnWakeupv
                0x0000000000087807      0x1b6 /home/legrs/fksb/MWSTAGE/MWSDK/TWENET/current/lib/libmwx_RED.a(mwx_appcore.o)
                0x0000000000087807                _MWX_vOnWakeup()
 .text.cbAppWarmStart
                0x00000000000879bd       0xe6 /home/legrs/fksb/MWSTAGE/MWSDK/TWENET/current/lib/libmwx_RED.a(mwx_appcore.o)
                0x00000000000879bd                cbAppWarmStart
 .text.cbToCoNet_vRxEvent
                0x0000000000087aa3       0xc1 /home/legrs/fksb/MWSTAGE/MWSDK/TWENET/current/lib/libmwx_RED.a(mwx_appcore.o)
                0x0000000000087aa3                cbToCoNet_vRxEvent
 .text._Z10on_tx_compRN3mwx2L112packet_ev_txERh
                0x0000000000087b64        0x6 /home/legrs/fksb/MWSTAGE/MWSDK/TWENET/current/lib/libmwx_RED.a(mwx_appcore.o)
                0x0000000000087b64                on_tx_comp(mwx::L1::packet_ev_tx&, unsigned char&)
 .text.cbToCoNet_vTxEvent
                0x0000000000087b6a      0x157 /home/legrs/fksb/MWSTAGE/MWSDK/TWENET/current/lib/libmwx_RED.a(mwx_appcore.o)
                0x0000000000087b6a                cbToCoNet_vTxEvent
 .text._ZN3mwx2L113serial_parserINS0_10alloc_heapIhEEEC2Ev
                0x0000000000087cc1       0x22 /home/legrs/fksb/MWSTAGE/MWSDK/TWENET/current/lib/libmwx_RED.a(mwx_appcore.o)
                0x0000000000087cc1                mwx::L1::serial_parser<mwx::L1::alloc_heap<unsigned char> >::serial_parser()
                0x0000000000087cc1                mwx::L1::serial_parser<mwx::L1::alloc_heap<unsigned char> >::serial_parser()
 .text._ZN3mwx2L111alloc_localISt4pairINS0_9packet_rxE11tsRxDataAppELi2EEC2Ev
                0x0000000000087ce3       0x47 /home/legrs/fksb/MWSTAGE/MWSDK/TWENET/current/lib/libmwx_RED.a(mwx_appcore.o)
                0x0000000000087ce3                mwx::L1::alloc_local<std::pair<mwx::L1::packet_rx, tsRxDataApp>, 2>::alloc_local()
                0x0000000000087ce3                mwx::L1::alloc_local<std::pair<mwx::L1::packet_rx, tsRxDataApp>, 2>::alloc_local()
 .text._ZN3mwx2L16twenetC2Ev
                0x0000000000087d2a       0x71 /home/legrs/fksb/MWSTAGE/MWSDK/TWENET/current/lib/libmwx_RED.a(mwx_appcore.o)
                0x0000000000087d2a                mwx::L1::twenet::twenet()
                0x0000000000087d2a                mwx::L1::twenet::twenet()
 .text.cbAppColdStart
                0x0000000000087d9b      0x19f /home/legrs/fksb/MWSTAGE/MWSDK/TWENET/current/lib/libmwx_RED.a(mwx_appcore.o)
                0x0000000000087d9b                cbAppColdStart
 .text._Znwm    0x0000000000087f3a       0x25 /home/legrs/fksb/MWSTAGE/MWSDK/TWENET/current/lib/libmwx_RED.a(mwx_memory.o)
                0x0000000000087f3a                operator new(unsigned long)
 .text._Znam    0x0000000000087f5f        0x2 /home/legrs/fksb/MWSTAGE/MWSDK/TWENET/current/lib/libmwx_RED.a(mwx_memory.o)
                0x0000000000087f5f                operator new[](unsigned long)
 *fill*         0x0000000000087f61        0x3 00
 .text._Z7pinModehN3mwx2L111enum_wapperIN8PIN_MODE13eMWX_DIO_MODEEhEE
                0x0000000000087f64      0x184 /home/legrs/fksb/MWSTAGE/MWSDK/TWENET/current/lib/libmwx_RED.a(mwx_periph_dio.o)
                0x0000000000087f64                pinMode(unsigned char, mwx::L1::enum_wapper<PIN_MODE::eMWX_DIO_MODE, unsigned char>)
 .text._ZN3mwx2L114periph_buttons5beginEmht
                0x00000000000880e8       0x70 /home/legrs/fksb/MWSTAGE/MWSDK/TWENET/current/lib/libmwx_RED.a(mwx_periph_buttons.o)
                0x00000000000880e8                mwx::L1::periph_buttons::begin(unsigned long, unsigned char, unsigned short)
 .text._ZN3mwx2L114periph_buttons6_checkEv
                0x0000000000088158       0xf8 /home/legrs/fksb/MWSTAGE/MWSDK/TWENET/current/lib/libmwx_RED.a(mwx_periph_buttons.o)
                0x0000000000088158                mwx::L1::periph_buttons::_check()
 .text._ZN3mwx2L115periph_analogue11ADC_handlerEmm
                0x0000000000088250       0x9a /home/legrs/fksb/MWSTAGE/MWSDK/TWENET/current/lib/libmwx_RED.a(mwx_periph_analogue.o)
                0x0000000000088250                mwx::L1::periph_analogue::ADC_handler(unsigned long, unsigned long)
 .text._ZN3mwx2L110twenet_mac8transmitERNS0_9packet_txE
                0x00000000000882ea       0xb6 /home/legrs/fksb/MWSTAGE/MWSDK/TWENET/current/lib/libmwx_RED.a(mwx_nwk_simple.o)
                0x00000000000882ea                mwx::L1::twenet_mac::transmit(mwx::L1::packet_tx&)
 .text._ZN3mwx2L19NwkSimple9on_createERm
                0x00000000000883a0       0x50 /home/legrs/fksb/MWSTAGE/MWSDK/TWENET/current/lib/libmwx_RED.a(mwx_nwk_simple.o)
                0x00000000000883a0                mwx::L1::NwkSimple::on_create(unsigned long&)
 .text._ZN3mwx2L19NwkSimple8on_beginERm
                0x00000000000883f0       0x3e /home/legrs/fksb/MWSTAGE/MWSDK/TWENET/current/lib/libmwx_RED.a(mwx_nwk_simple.o)
                0x00000000000883f0                mwx::L1::NwkSimple::on_begin(unsigned long&)
 .text._ZN3mwx2L19NwkSimple8transmitERNS0_20packet_tx_nwk_simpleIS1_EE
                0x000000000008842e      0x158 /home/legrs/fksb/MWSTAGE/MWSDK/TWENET/current/lib/libmwx_RED.a(mwx_nwk_simple.o)
                0x000000000008842e                mwx::L1::NwkSimple::transmit(mwx::L1::packet_tx_nwk_simple<mwx::L1::NwkSimple>&)
 .text._ZN3mwx2L19NwkSimple16cbTweNet_u8HwIntEmm
                0x0000000000088586        0x5 /home/legrs/fksb/MWSTAGE/MWSDK/TWENET/current/lib/libmwx_RED.a(mwx_nwk_simple.o)
                0x0000000000088586                mwx::L1::NwkSimple::cbTweNet_u8HwInt(unsigned long, unsigned long)
 .text._ZN3mwx2L19NwkSimple17cbTweNet_vHwEventEmm
                0x000000000008858b        0x3 /home/legrs/fksb/MWSTAGE/MWSDK/TWENET/current/lib/libmwx_RED.a(mwx_nwk_simple.o)
                0x000000000008858b                mwx::L1::NwkSimple::cbTweNet_vHwEvent(unsigned long, unsigned long)
 .text._ZN3mwx2L19NwkSimple19processStateMachineEP8_tsEvent7teEventm
                0x000000000008858e       0x26 /home/legrs/fksb/MWSTAGE/MWSDK/TWENET/current/lib/libmwx_RED.a(mwx_nwk_simple.o)
                0x000000000008858e                mwx::L1::NwkSimple::processStateMachine(_tsEvent*, teEvent, unsigned long)
 .text._ZN3mwx2L113_expand_bytesIIRmRhEEEiPKhS5_S2_DpOT_
                0x00000000000885b4       0x71 /home/legrs/fksb/MWSTAGE/MWSDK/TWENET/current/lib/libmwx_RED.a(mwx_nwk_simple.o)
                0x00000000000885b4                _ZN3mwx2L113_expand_bytesIJRmRhEEEiPKhS5_S2_DpOT_
                0x00000000000885b4                int mwx::L1::_expand_bytes<unsigned long&, unsigned char&>(unsigned char const*, unsigned char const*, unsigned long&, unsigned long&, unsigned char&)
 .text._ZN3mwx2L19NwkSimple7receiveERNS0_9packet_rxE
                0x0000000000088625      0x294 /home/legrs/fksb/MWSTAGE/MWSDK/TWENET/current/lib/libmwx_RED.a(mwx_nwk_simple.o)
                0x0000000000088625                mwx::L1::NwkSimple::receive(mwx::L1::packet_rx&)
 .text._ZN3mwx2L117duplciate_checker14_node_ele_initEPNS1_9_node_eleE
                0x00000000000888b9       0x1f /home/legrs/fksb/MWSTAGE/MWSDK/TWENET/current/lib/libmwx_RED.a(mwx_duplicate_checker.o)
                0x00000000000888b9                mwx::L1::duplciate_checker::_node_ele_init(mwx::L1::duplciate_checker::_node_ele*)
 .text._ZN3mwx2L117duplciate_checker5beginEv
                0x00000000000888d8       0xab /home/legrs/fksb/MWSTAGE/MWSDK/TWENET/current/lib/libmwx_RED.a(mwx_duplicate_checker.o)
                0x00000000000888d8                mwx::L1::duplciate_checker::begin()
 .text._ZN3mwx2L117duplciate_checker15_node_ele_cleanEPNS1_9_node_eleE
                0x0000000000088983       0x52 /home/legrs/fksb/MWSTAGE/MWSDK/TWENET/current/lib/libmwx_RED.a(mwx_duplicate_checker.o)
                0x0000000000088983                mwx::L1::duplciate_checker::_node_ele_clean(mwx::L1::duplciate_checker::_node_ele*)
 .text._ZN3mwx2L117duplciate_checker5cleanEv
                0x00000000000889d5       0x51 /home/legrs/fksb/MWSTAGE/MWSDK/TWENET/current/lib/libmwx_RED.a(mwx_duplicate_checker.o)
                0x00000000000889d5                mwx::L1::duplciate_checker::clean()
 .text._ZN3mwx2L117duplciate_checker13_node_ele_addEPNS1_9_node_eleEh
                0x0000000000088a26       0x38 /home/legrs/fksb/MWSTAGE/MWSDK/TWENET/current/lib/libmwx_RED.a(mwx_duplicate_checker.o)
                0x0000000000088a26                mwx::L1::duplciate_checker::_node_ele_add(mwx::L1::duplciate_checker::_node_ele*, unsigned char)
 .text._ZN3mwx2L117duplciate_checker3addEmh
                0x0000000000088a5e      0x1e6 /home/legrs/fksb/MWSTAGE/MWSDK/TWENET/current/lib/libmwx_RED.a(mwx_duplicate_checker.o)
                0x0000000000088a5e                mwx::L1::duplciate_checker::add(unsigned long, unsigned char)
 .text.pvAppApiDefGetMacHandle
                0x0000000000088c44        0x9 /home/legrs/fksb/MWSTAGE/MWSDK/ChipLib/SW4063V1416/Components/Library/libAppApi_JN5169.a(AppApi.o)
                0x0000000000088c44                pvAppApiDefGetMacHandle
 .text.vAppApiDefMlmeRequest
                0x0000000000088c4d       0x2f /home/legrs/fksb/MWSTAGE/MWSDK/ChipLib/SW4063V1416/Components/Library/libAppApi_JN5169.a(AppApi.o)
                0x0000000000088c4d                vAppApiDefMlmeRequest
 .text.vAppApiDefMcpsRequest
                0x0000000000088c7c       0x2f /home/legrs/fksb/MWSTAGE/MWSDK/ChipLib/SW4063V1416/Components/Library/libAppApi_JN5169.a(AppApi.o)
                0x0000000000088c7c                vAppApiDefMcpsRequest
 .text.eAppApiDefPlmeSet
                0x0000000000088cab       0x2d /home/legrs/fksb/MWSTAGE/MWSDK/ChipLib/SW4063V1416/Components/Library/libAppApi_JN5169.a(AppApi.o)
                0x0000000000088cab                eAppApiDefPlmeSet
 .text.eAppApiDefPlmeGet
                0x0000000000088cd8       0x2d /home/legrs/fksb/MWSTAGE/MWSDK/ChipLib/SW4063V1416/Components/Library/libAppApi_JN5169.a(AppApi.o)
                0x0000000000088cd8                eAppApiDefPlmeGet
 .text.vAppApiDefPowerUp
                0x0000000000088d05       0x1d /home/legrs/fksb/MWSTAGE/MWSDK/ChipLib/SW4063V1416/Components/Library/libAppApi_JN5169.a(AppApi.o)
                0x0000000000088d05                vAppApiDefPowerUp
 .text.vAppApiDefStartStack
                0x0000000000088d22       0x51 /home/legrs/fksb/MWSTAGE/MWSDK/ChipLib/SW4063V1416/Components/Library/libAppApi_JN5169.a(AppApi.o)
                0x0000000000088d22                vAppApiDefStartStack
 .text.vAppApiDefSetPrbsSeed
                0x0000000000088d73       0x24 /home/legrs/fksb/MWSTAGE/MWSDK/ChipLib/SW4063V1416/Components/Library/libAppApi_JN5169.a(AppApi.o)
                0x0000000000088d73                vAppApiDefSetPrbsSeed
 .text.vAppApiDefSetInterrupts
                0x0000000000088d97       0x34 /home/legrs/fksb/MWSTAGE/MWSDK/ChipLib/SW4063V1416/Components/Library/libAppApi_JN5169.a(AppApi.o)
                0x0000000000088d97                vAppApiDefSetInterrupts
 .text.u32AppApiDefInit
                0x0000000000088dcb       0x5a /home/legrs/fksb/MWSTAGE/MWSDK/ChipLib/SW4063V1416/Components/Library/libAppApi_JN5169.a(AppApi.o)
                0x0000000000088dcb                u32AppApiDefInit
 .text.pvAppApiDefGetMacAddrLocation
                0x0000000000088e25        0x9 /home/legrs/fksb/MWSTAGE/MWSDK/ChipLib/SW4063V1416/Components/Library/libAppApi_JN5169.a(AppApi.o)
                0x0000000000088e25                pvAppApiDefGetMacAddrLocation
 .text.vAppApiDefSaveMacSettings
                0x0000000000088e2e       0x5d /home/legrs/fksb/MWSTAGE/MWSDK/ChipLib/SW4063V1416/Components/Library/libAppApi_JN5169.a(AppApiSleep.o)
                0x0000000000088e2e                vAppApiDefSaveMacSettings
 .text.vMAC_RestoreSettings
                0x0000000000088e8b       0xbc /home/legrs/fksb/MWSTAGE/MWSDK/ChipLib/SW4063V1416/Components/Library/libAppApi_JN5169.a(AppApiSleep.o)
                0x0000000000088e8b                vMAC_RestoreSettings
 .text.vAppApiDefRestoreMacSettings
                0x0000000000088f47       0x1c /home/legrs/fksb/MWSTAGE/MWSDK/ChipLib/SW4063V1416/Components/Library/libAppApi_JN5169.a(AppApiSleep.o)
                0x0000000000088f47                vAppApiDefRestoreMacSettings
 .text.vSetTimer0
                0x0000000000088f63        0xf /home/legrs/fksb/MWSTAGE/MWSDK/ChipLib/SW4063V1416/Components/Library/libMAC_JN5169.a(mac_main.o)
                0x0000000000088f63                vSetTimer0
 .text.u32GetTimer0
                0x0000000000088f72        0x7 /home/legrs/fksb/MWSTAGE/MWSDK/ChipLib/SW4063V1416/Components/Library/libMAC_JN5169.a(mac_main.o)
                0x0000000000088f72                u32GetTimer0
 .text.mac_vInitTimer0
                0x0000000000088f79       0x1d /home/legrs/fksb/MWSTAGE/MWSDK/ChipLib/SW4063V1416/Components/Library/libMAC_JN5169.a(mac_main.o)
                0x0000000000088f79                mac_vInitTimer0
 .text.MAC_pvCtor
                0x0000000000088f96       0x6d /home/legrs/fksb/MWSTAGE/MWSDK/ChipLib/SW4063V1416/Components/Library/libMAC_JN5169.a(mac_main.o)
                0x0000000000088f96                MAC_pvCtor
 .text.MAC_vXcvBbcEvtHandler
                0x0000000000089003       0x16 /home/legrs/fksb/MWSTAGE/MWSDK/ChipLib/SW4063V1416/Components/Library/libMAC_JN5169.a(mac_main.o)
                0x0000000000089003                MAC_vXcvBbcEvtHandler
 .text.MAC_vXcvPhyEvtHandler
                0x0000000000089019        0xd /home/legrs/fksb/MWSTAGE/MWSDK/ChipLib/SW4063V1416/Components/Library/libMAC_JN5169.a(mac_main.o)
                0x0000000000089019                MAC_vXcvPhyEvtHandler
 .text.MAC_vHandleMcpsReqRsp
                0x0000000000089026       0x28 /home/legrs/fksb/MWSTAGE/MWSDK/ChipLib/SW4063V1416/Components/Library/libMAC_JN5169.a(mac_mcps.o)
                0x0000000000089026                MAC_vHandleMcpsReqRsp
 .text.vHandleTofRequest
                0x000000000008904e       0x12 /home/legrs/fksb/MWSTAGE/MWSDK/ChipLib/SW4063V1416/Components/Library/libMAC_JN5169.a(mac_mlme.o)
 *fill*         0x0000000000089060        0x0 00
 .text.MAC_vHandleMlmeReqRsp
                0x0000000000089060       0x8c /home/legrs/fksb/MWSTAGE/MWSDK/ChipLib/SW4063V1416/Components/Library/libMAC_JN5169.a(mac_mlme.o)
                0x0000000000089060                MAC_vHandleMlmeReqRsp
 .text.MAC_psPibGetHandle
                0x00000000000890ec        0x7 /home/legrs/fksb/MWSTAGE/MWSDK/ChipLib/SW4063V1416/Components/Library/libMAC_JN5169.a(mac_pib.o)
                0x00000000000890ec                MAC_psPibGetHandle
 .text.MAC_vPibSetShortAddr
                0x00000000000890f3        0xe /home/legrs/fksb/MWSTAGE/MWSDK/ChipLib/SW4063V1416/Components/Library/libMAC_JN5169.a(mac_pib.o)
                0x00000000000890f3                MAC_vPibSetShortAddr
 .text.MAC_vPibSetPanId
                0x0000000000089101       0x1b /home/legrs/fksb/MWSTAGE/MWSDK/ChipLib/SW4063V1416/Components/Library/libMAC_JN5169.a(mac_pib.o)
                0x0000000000089101                MAC_vPibSetPanId
 .text.MAC_vPibSetMinBe
                0x000000000008911c       0x1e /home/legrs/fksb/MWSTAGE/MWSDK/ChipLib/SW4063V1416/Components/Library/libMAC_JN5169.a(mac_pib.o)
                0x000000000008911c                MAC_vPibSetMinBe
 .text.MAC_vPibSetMaxCsmaBackoffs
                0x000000000008913a       0x21 /home/legrs/fksb/MWSTAGE/MWSDK/ChipLib/SW4063V1416/Components/Library/libMAC_JN5169.a(mac_pib.o)
                0x000000000008913a                MAC_vPibSetMaxCsmaBackoffs
 .text.MAC_vPibSetRxOnWhenIdle
                0x000000000008915b       0x10 /home/legrs/fksb/MWSTAGE/MWSDK/ChipLib/SW4063V1416/Components/Library/libMAC_JN5169.a(mac_pib.o)
                0x000000000008915b                MAC_vPibSetRxOnWhenIdle
 .text.MAC_vPibSetPromiscuousMode
                0x000000000008916b       0x3e /home/legrs/fksb/MWSTAGE/MWSDK/ChipLib/SW4063V1416/Components/Library/libMAC_JN5169.a(mac_pib.o)
                0x000000000008916b                MAC_vPibSetPromiscuousMode
 .text.MAC_vSetExtAddr
                0x00000000000891a9       0x1f /home/legrs/fksb/MWSTAGE/MWSDK/ChipLib/SW4063V1416/Components/Library/libMAC_JN5169.a(mac_pib.o)
                0x00000000000891a9                MAC_vSetExtAddr
 .text.mac_vPibSetDefaults
                0x00000000000891c8      0x11b /home/legrs/fksb/MWSTAGE/MWSDK/ChipLib/SW4063V1416/Components/Library/libMAC_JN5169.a(mac_pib_mlme.o)
                0x00000000000891c8                mac_vPibSetDefaults
 .text.mac_vPibReset
                0x00000000000892e3       0x91 /home/legrs/fksb/MWSTAGE/MWSDK/ChipLib/SW4063V1416/Components/Library/libMAC_JN5169.a(mac_pib_mlme.o)
                0x00000000000892e3                mac_vPibReset
 .text.mac_vPibCmpCoordExtAddr
                0x0000000000089374       0x24 /home/legrs/fksb/MWSTAGE/MWSDK/ChipLib/SW4063V1416/Components/Library/libMAC_JN5169.a(mac_pib_mlme.o)
                0x0000000000089374                mac_vPibCmpCoordExtAddr
 .text.bPMICdisassocReqSent
                0x0000000000089398       0x78 /home/legrs/fksb/MWSTAGE/MWSDK/ChipLib/SW4063V1416/Components/Library/libMAC_JN5169.a(mac_pmic.o)
 .text.bAssocRespSent
                0x0000000000089410       0x14 /home/legrs/fksb/MWSTAGE/MWSDK/ChipLib/SW4063V1416/Components/Library/libMAC_JN5169.a(mac_pmic.o)
 .text.vPMICreset
                0x0000000000089424        0xd /home/legrs/fksb/MWSTAGE/MWSDK/ChipLib/SW4063V1416/Components/Library/libMAC_JN5169.a(mac_pmic.o)
                0x0000000000089424                vPMICreset
 .text.vPMICassociateRequest
                0x0000000000089431       0xcf /home/legrs/fksb/MWSTAGE/MWSDK/ChipLib/SW4063V1416/Components/Library/libMAC_JN5169.a(mac_pmic.o)
                0x0000000000089431                vPMICassociateRequest
 .text.vPMICassociateResponse
                0x0000000000089500       0xcb /home/legrs/fksb/MWSTAGE/MWSDK/ChipLib/SW4063V1416/Components/Library/libMAC_JN5169.a(mac_pmic.o)
                0x0000000000089500                vPMICassociateResponse
 .text.vPMICdisassociateRequest
                0x00000000000895cb       0xd1 /home/legrs/fksb/MWSTAGE/MWSDK/ChipLib/SW4063V1416/Components/Library/libMAC_JN5169.a(mac_pmic.o)
                0x00000000000895cb                vPMICdisassociateRequest
 .text.vPMICassocRespFrameReceived
                0x000000000008969c       0x7d /home/legrs/fksb/MWSTAGE/MWSDK/ChipLib/SW4063V1416/Components/Library/libMAC_JN5169.a(mac_pmic.o)
                0x000000000008969c                vPMICassocRespFrameReceived
 .text.vPMICdisassocReceived
                0x0000000000089719       0x84 /home/legrs/fksb/MWSTAGE/MWSDK/ChipLib/SW4063V1416/Components/Library/libMAC_JN5169.a(mac_pmic.o)
                0x0000000000089719                vPMICdisassocReceived
 .text.vPMICassocReqFrameReceived
                0x000000000008979d       0x6a /home/legrs/fksb/MWSTAGE/MWSDK/ChipLib/SW4063V1416/Components/Library/libMAC_JN5169.a(mac_pmic.o)
                0x000000000008979d                vPMICassocReqFrameReceived
 .text.vPMICpostFailedAssocDcfm
                0x0000000000089807       0x36 /home/legrs/fksb/MWSTAGE/MWSDK/ChipLib/SW4063V1416/Components/Library/libMAC_JN5169.a(mac_pmic.o)
                0x0000000000089807                vPMICpostFailedAssocDcfm
 .text.bPMICassocReqSent
                0x000000000008983d       0x7e /home/legrs/fksb/MWSTAGE/MWSDK/ChipLib/SW4063V1416/Components/Library/libMAC_JN5169.a(mac_pmic.o)
 .text.vPMICassocReqTO_1
                0x00000000000898bb       0x7e /home/legrs/fksb/MWSTAGE/MWSDK/ChipLib/SW4063V1416/Components/Library/libMAC_JN5169.a(mac_pmic.o)
 .text.bPMICassocReqPollSent
                0x0000000000089939       0x4f /home/legrs/fksb/MWSTAGE/MWSDK/ChipLib/SW4063V1416/Components/Library/libMAC_JN5169.a(mac_pmic.o)
 .text.vPMICassocReqTO_2
                0x0000000000089988       0x19 /home/legrs/fksb/MWSTAGE/MWSDK/ChipLib/SW4063V1416/Components/Library/libMAC_JN5169.a(mac_pmic.o)
 .text.MAC_vRegisterMlmeDcfmIndCallbacks
                0x00000000000899a1        0x6 /home/legrs/fksb/MWSTAGE/MWSDK/ChipLib/SW4063V1416/Components/Library/libMAC_JN5169.a(mac_ind.o)
                0x00000000000899a1                MAC_vRegisterMlmeDcfmIndCallbacks
 .text.MAC_vRegisterMcpsDcfmIndCallbacks
                0x00000000000899a7        0x6 /home/legrs/fksb/MWSTAGE/MWSDK/ChipLib/SW4063V1416/Components/Library/libMAC_JN5169.a(mac_ind.o)
                0x00000000000899a7                MAC_vRegisterMcpsDcfmIndCallbacks
 .text.mac_psDcfmIndGetBuf
                0x00000000000899ad       0x21 /home/legrs/fksb/MWSTAGE/MWSDK/ChipLib/SW4063V1416/Components/Library/libMAC_JN5169.a(mac_ind.o)
                0x00000000000899ad                mac_psDcfmIndGetBuf
 .text.mac_eDcfmIndPost
                0x00000000000899ce       0x21 /home/legrs/fksb/MWSTAGE/MWSDK/ChipLib/SW4063V1416/Components/Library/libMAC_JN5169.a(mac_ind.o)
                0x00000000000899ce                mac_eDcfmIndPost
 .text.eGenlIllegal
                0x00000000000899ef        0x7 /home/legrs/fksb/MWSTAGE/MWSDK/ChipLib/SW4063V1416/Components/Library/libMAC_JN5169.a(mac_scan.o)
 .text.eGenlDontCare
                0x00000000000899f6        0x5 /home/legrs/fksb/MWSTAGE/MWSDK/ChipLib/SW4063V1416/Components/Library/libMAC_JN5169.a(mac_scan.o)
 .text.eWEnDEdDone
                0x00000000000899fb       0x5b /home/legrs/fksb/MWSTAGE/MWSDK/ChipLib/SW4063V1416/Components/Library/libMAC_JN5169.a(mac_scan.o)
 .text.eWEnDTmrExpiry
                0x0000000000089a56        0xb /home/legrs/fksb/MWSTAGE/MWSDK/ChipLib/SW4063V1416/Components/Library/libMAC_JN5169.a(mac_scan.o)
 .text.vPostDcfm
                0x0000000000089a61       0xd4 /home/legrs/fksb/MWSTAGE/MWSDK/ChipLib/SW4063V1416/Components/Library/libMAC_JN5169.a(mac_scan.o)
 .text.eWCoRRxDone
                0x0000000000089b35       0x97 /home/legrs/fksb/MWSTAGE/MWSDK/ChipLib/SW4063V1416/Components/Library/libMAC_JN5169.a(mac_scan.o)
 .text.eGenRxHdrDone
                0x0000000000089bcc       0x10 /home/legrs/fksb/MWSTAGE/MWSDK/ChipLib/SW4063V1416/Components/Library/libMAC_JN5169.a(mac_scan.o)
 .text.eWONTTxDone
                0x0000000000089bdc       0x2e /home/legrs/fksb/MWSTAGE/MWSDK/ChipLib/SW4063V1416/Components/Library/libMAC_JN5169.a(mac_scan.o)
 .text.eWBRTTxDone
                0x0000000000089c0a       0x1e /home/legrs/fksb/MWSTAGE/MWSDK/ChipLib/SW4063V1416/Components/Library/libMAC_JN5169.a(mac_scan.o)
 .text.eWBcnRxDone
                0x0000000000089c28      0x194 /home/legrs/fksb/MWSTAGE/MWSDK/ChipLib/SW4063V1416/Components/Library/libMAC_JN5169.a(mac_scan.o)
 .text.eWChCChanChgd
                0x0000000000089dbc      0x197 /home/legrs/fksb/MWSTAGE/MWSDK/ChipLib/SW4063V1416/Components/Library/libMAC_JN5169.a(mac_scan.o)
 .text.eScanHandleEvt
                0x0000000000089f53       0x32 /home/legrs/fksb/MWSTAGE/MWSDK/ChipLib/SW4063V1416/Components/Library/libMAC_JN5169.a(mac_scan.o)
                0x0000000000089f53                eScanHandleEvt
 .text.vScanHandleTimer
                0x0000000000089f85        0x4 /home/legrs/fksb/MWSTAGE/MWSDK/ChipLib/SW4063V1416/Components/Library/libMAC_JN5169.a(mac_scan.o)
 .text.mac_eScanInit
                0x0000000000089f89       0x16 /home/legrs/fksb/MWSTAGE/MWSDK/ChipLib/SW4063V1416/Components/Library/libMAC_JN5169.a(mac_scan.o)
                0x0000000000089f89                mac_eScanInit
 .text.mac_eScanHandleXcvBbcEvt
                0x0000000000089f9f        0xb /home/legrs/fksb/MWSTAGE/MWSDK/ChipLib/SW4063V1416/Components/Library/libMAC_JN5169.a(mac_scan.o)
                0x0000000000089f9f                mac_eScanHandleXcvBbcEvt
 .text.mac_eScanHandleXcvPhyEvt
                0x0000000000089faa        0xb /home/legrs/fksb/MWSTAGE/MWSDK/ChipLib/SW4063V1416/Components/Library/libMAC_JN5169.a(mac_scan.o)
                0x0000000000089faa                mac_eScanHandleXcvPhyEvt
 .text.vSetNextChannel
                0x0000000000089fb5       0x58 /home/legrs/fksb/MWSTAGE/MWSDK/ChipLib/SW4063V1416/Components/Library/libMAC_JN5169.a(mac_scan.o)
 .text.mac_vScanHandleMlmeReq
                0x000000000008a00d       0xaa /home/legrs/fksb/MWSTAGE/MWSDK/ChipLib/SW4063V1416/Components/Library/libMAC_JN5169.a(mac_scan.o)
                0x000000000008a00d                mac_vScanHandleMlmeReq
 .text.eGenTmrExpiry
                0x000000000008a0b7       0x42 /home/legrs/fksb/MWSTAGE/MWSDK/ChipLib/SW4063V1416/Components/Library/libMAC_JN5169.a(mac_scan.o)
 .text.eWEDTEdDone
                0x000000000008a0f9       0x24 /home/legrs/fksb/MWSTAGE/MWSDK/ChipLib/SW4063V1416/Components/Library/libMAC_JN5169.a(mac_scan.o)
 .text.mac_u32LPBGetBeaconTimeout
                0x000000000008a11d        0x9 /home/legrs/fksb/MWSTAGE/MWSDK/ChipLib/SW4063V1416/Components/Library/libMAC_JN5169.a(mac_lp.o)
                0x000000000008a11d                mac_u32LPBGetBeaconTimeout
 .text.mac_vLPBStopTimer
                0x000000000008a126        0xb /home/legrs/fksb/MWSTAGE/MWSDK/ChipLib/SW4063V1416/Components/Library/libMAC_JN5169.a(mac_lp.o)
                0x000000000008a126                mac_vLPBStopTimer
 .text.mac_vLPBAdjustBeaconOffset
                0x000000000008a131       0x5d /home/legrs/fksb/MWSTAGE/MWSDK/ChipLib/SW4063V1416/Components/Library/libMAC_JN5169.a(mac_lp.o)
                0x000000000008a131                mac_vLPBAdjustBeaconOffset
 .text.mac_vLPBSleep
                0x000000000008a18e       0x4c /home/legrs/fksb/MWSTAGE/MWSDK/ChipLib/SW4063V1416/Components/Library/libMAC_JN5169.a(mac_lp.o)
                0x000000000008a18e                mac_vLPBSleep
 .text.MAC_u32ConvertFrom16uS
                0x000000000008a1da       0x3a /home/legrs/fksb/MWSTAGE/MWSDK/ChipLib/SW4063V1416/Components/Library/libMAC_JN5169.a(mac_lp.o)
                0x000000000008a1da                MAC_u32ConvertFrom16uS
 .text.mac_vLPBStartTimer
                0x000000000008a214       0x7f /home/legrs/fksb/MWSTAGE/MWSDK/ChipLib/SW4063V1416/Components/Library/libMAC_JN5169.a(mac_lp.o)
                0x000000000008a214                mac_vLPBStartTimer
 .text.bSearchQueue
                0x000000000008a293       0x2f /home/legrs/fksb/MWSTAGE/MWSDK/ChipLib/SW4063V1416/Components/Library/libMAC_JN5169.a(MCPS.o)
 .text.bMCPSframeTXcomplete
                0x000000000008a2c2       0x53 /home/legrs/fksb/MWSTAGE/MWSDK/ChipLib/SW4063V1416/Components/Library/libMAC_JN5169.a(MCPS.o)
 .text.vTAM_MCPSdataRequest
                0x000000000008a315       0x43 /home/legrs/fksb/MWSTAGE/MWSDK/ChipLib/SW4063V1416/Components/Library/libMAC_JN5169.a(MCPS.o)
                0x000000000008a315                vTAM_MCPSdataRequest
 .text.vTAM_MCPSpurgeRequest
                0x000000000008a358       0x5d /home/legrs/fksb/MWSTAGE/MWSDK/ChipLib/SW4063V1416/Components/Library/libMAC_JN5169.a(MCPS.o)
                0x000000000008a358                vTAM_MCPSpurgeRequest
 .text.vMCPSframeReceived
                0x000000000008a3b5       0x4e /home/legrs/fksb/MWSTAGE/MWSDK/ChipLib/SW4063V1416/Components/Library/libMAC_JN5169.a(MCPS.o)
                0x000000000008a3b5                vMCPSframeReceived
 .text.phy_ePibGet
                0x000000000008a403       0x33 /home/legrs/fksb/MWSTAGE/MWSDK/ChipLib/SW4063V1416/Components/Library/libMAC_JN5169.a(phy_pib.o)
                0x000000000008a403                phy_ePibGet
 .text.vPhySetChannel
                0x000000000008a436       0x20 /home/legrs/fksb/MWSTAGE/MWSDK/ChipLib/SW4063V1416/Components/Library/libMAC_JN5169.a(phy_pib.o)
                0x000000000008a436                vPhySetChannel
 .text.phy_ePibSet
                0x000000000008a456       0x55 /home/legrs/fksb/MWSTAGE/MWSDK/ChipLib/SW4063V1416/Components/Library/libMAC_JN5169.a(phy_pib.o)
                0x000000000008a456                phy_ePibSet
 .text.phy_vPibSetDefaults
                0x000000000008a4ab       0x2c /home/legrs/fksb/MWSTAGE/MWSDK/ChipLib/SW4063V1416/Components/Library/libMAC_JN5169.a(phy_pib.o)
                0x000000000008a4ab                phy_vPibSetDefaults
 .text.bTAMinPAN
                0x000000000008a4d7       0x14 /home/legrs/fksb/MWSTAGE/MWSDK/ChipLib/SW4063V1416/Components/Library/libMAC_JN5169.a(TAM.o)
                0x000000000008a4d7                bTAMinPAN
 .text.vTAM_MLMEstartRequest
                0x000000000008a4eb       0x7d /home/legrs/fksb/MWSTAGE/MWSDK/ChipLib/SW4063V1416/Components/Library/libMAC_JN5169.a(TAM.o)
                0x000000000008a4eb                vTAM_MLMEstartRequest
 .text.vTAM_MLMEsyncRequest
                0x000000000008a568       0x18 /home/legrs/fksb/MWSTAGE/MWSDK/ChipLib/SW4063V1416/Components/Library/libMAC_JN5169.a(TAM.o)
                0x000000000008a568                vTAM_MLMEsyncRequest
 *fill*         0x000000000008a580        0x0 00
 .text.eTAMselect
                0x000000000008a580      0x134 /home/legrs/fksb/MWSTAGE/MWSDK/ChipLib/SW4063V1416/Components/Library/libMAC_JN5169.a(TAM.o)
                0x000000000008a580                eTAMselect
 .text.vTAMreset
                0x000000000008a6b4      0x1b7 /home/legrs/fksb/MWSTAGE/MWSDK/ChipLib/SW4063V1416/Components/Library/libMAC_JN5169.a(TAM.o)
                0x000000000008a6b4                vTAMreset
 .text.eTAMevent
                0x000000000008a86b       0x17 /home/legrs/fksb/MWSTAGE/MWSDK/ChipLib/SW4063V1416/Components/Library/libMAC_JN5169.a(TAM.o)
                0x000000000008a86b                eTAMevent
 .text.vTrySendFromDirectCAP
                0x000000000008a882       0x1f /home/legrs/fksb/MWSTAGE/MWSDK/ChipLib/SW4063V1416/Components/Library/libMAC_JN5169.a(TAMCO.o)
 .text.vTrySendFromDirectNoBeacon
                0x000000000008a8a1       0x2f /home/legrs/fksb/MWSTAGE/MWSDK/ChipLib/SW4063V1416/Components/Library/libMAC_JN5169.a(TAMCO.o)
 .text.vTAMCOint1Fired
                0x000000000008a8d0       0xd1 /home/legrs/fksb/MWSTAGE/MWSDK/ChipLib/SW4063V1416/Components/Library/libMAC_JN5169.a(TAMCO.o)
                0x000000000008a8d0                vTAMCOint1Fired
 .text.vTAMCOframeTXbeacon
                0x000000000008a9a1       0xb0 /home/legrs/fksb/MWSTAGE/MWSDK/ChipLib/SW4063V1416/Components/Library/libMAC_JN5169.a(TAMCO.o)
                0x000000000008a9a1                vTAMCOframeTXbeacon
 .text.vTAMCOint2Fired
                0x000000000008aa51       0x21 /home/legrs/fksb/MWSTAGE/MWSDK/ChipLib/SW4063V1416/Components/Library/libMAC_JN5169.a(TAMCO.o)
                0x000000000008aa51                vTAMCOint2Fired
 .text.vTAMCOframeTXgoingIdle
                0x000000000008aa72       0x19 /home/legrs/fksb/MWSTAGE/MWSDK/ChipLib/SW4063V1416/Components/Library/libMAC_JN5169.a(TAMCO.o)
                0x000000000008aa72                vTAMCOframeTXgoingIdle
 .text.vTAMCOint1FiredCAP
                0x000000000008aa8b       0x78 /home/legrs/fksb/MWSTAGE/MWSDK/ChipLib/SW4063V1416/Components/Library/libMAC_JN5169.a(TAMCO.o)
                0x000000000008aa8b                vTAMCOint1FiredCAP
 .text.vTAMCOframeTXcap
                0x000000000008ab03       0x24 /home/legrs/fksb/MWSTAGE/MWSDK/ChipLib/SW4063V1416/Components/Library/libMAC_JN5169.a(TAMCO.o)
                0x000000000008ab03                vTAMCOframeTXcap
 .text.vTAMCOframeRXcap
                0x000000000008ab27       0x12 /home/legrs/fksb/MWSTAGE/MWSDK/ChipLib/SW4063V1416/Components/Library/libMAC_JN5169.a(TAMCO.o)
                0x000000000008ab27                vTAMCOframeRXcap
 .text.vTAMCOframeRXgoingIdle
                0x000000000008ab39       0x16 /home/legrs/fksb/MWSTAGE/MWSDK/ChipLib/SW4063V1416/Components/Library/libMAC_JN5169.a(TAMCO.o)
                0x000000000008ab39                vTAMCOframeRXgoingIdle
 .text.vTAMCOframeTXnobeacon
                0x000000000008ab4f       0x15 /home/legrs/fksb/MWSTAGE/MWSDK/ChipLib/SW4063V1416/Components/Library/libMAC_JN5169.a(TAMCO.o)
                0x000000000008ab4f                vTAMCOframeTXnobeacon
 .text.vTAMCOframeRXnobeacon
                0x000000000008ab64       0x12 /home/legrs/fksb/MWSTAGE/MWSDK/ChipLib/SW4063V1416/Components/Library/libMAC_JN5169.a(TAMCO.o)
                0x000000000008ab64                vTAMCOframeRXnobeacon
 .text.vTAMCOreqTXnoBeacon
                0x000000000008ab76       0x12 /home/legrs/fksb/MWSTAGE/MWSDK/ChipLib/SW4063V1416/Components/Library/libMAC_JN5169.a(TAMCO.o)
                0x000000000008ab76                vTAMCOreqTXnoBeacon
 .text.vTAMCOreqTXinCAP
                0x000000000008ab88       0x29 /home/legrs/fksb/MWSTAGE/MWSDK/ChipLib/SW4063V1416/Components/Library/libMAC_JN5169.a(TAMCO.o)
                0x000000000008ab88                vTAMCOreqTXinCAP
 .text.vTAMCOsetCoordinator
                0x000000000008abb1       0x29 /home/legrs/fksb/MWSTAGE/MWSDK/ChipLib/SW4063V1416/Components/Library/libMAC_JN5169.a(TAMCO.o)
                0x000000000008abb1                vTAMCOsetCoordinator
 .text.vTAMCOstartBeacon
                0x000000000008abda       0x3c /home/legrs/fksb/MWSTAGE/MWSDK/ChipLib/SW4063V1416/Components/Library/libMAC_JN5169.a(TAMCO.o)
                0x000000000008abda                vTAMCOstartBeacon
 .text.vStartStoreValues
                0x000000000008ac16       0xc1 /home/legrs/fksb/MWSTAGE/MWSDK/ChipLib/SW4063V1416/Components/Library/libMAC_JN5169.a(TAMCO.o)
 .text.vTAMCO_MLMEstartRequest
                0x000000000008acd7      0x103 /home/legrs/fksb/MWSTAGE/MWSDK/ChipLib/SW4063V1416/Components/Library/libMAC_JN5169.a(TAMCO.o)
                0x000000000008acd7                vTAMCO_MLMEstartRequest
 .text.bStartCallback
                0x000000000008adda       0x29 /home/legrs/fksb/MWSTAGE/MWSDK/ChipLib/SW4063V1416/Components/Library/libMAC_JN5169.a(TAMCO.o)
 .text.vTAMCOframeStarting